Component: Arm Compiler for Embedded 6.19 Tool: armlink [5e73cb00]

==============================================================================

Section Cross References

    empty.o(.text.UART_Servo) refers to aeabi_sdiv.o(.text) for __aeabi_uidiv
    empty.o(.text.UART_Servo) refers to usart.o(.text.USART_SendData) for USART_SendData
    empty.o(.text.UART_Servo) refers to delay.o(.text.delay_ms) for delay_ms
    empty.o(.text.UART_Servo) refers to empty.o(.bss.date1) for date1
    empty.o(.text.UART_Servo) refers to empty.o(.bss.date2) for date2
    empty.o(.text.UART_Servo) refers to empty.o(.bss.date3) for date3
    empty.o(.ARM.exidx.text.UART_Servo) refers to empty.o(.text.UART_Servo) for [Anonymous Symbol]
    empty.o(.text.main) refers to usart.o(.text.USART_Init) for USART_Init
    empty.o(.text.main) refers to empty.o(.text.UART_Servo) for UART_Servo
    empty.o(.text.main) refers to empty.o(.bss.i) for i
    empty.o(.ARM.exidx.text.main) refers to empty.o(.text.main) for [Anonymous Symbol]
    startup_mspm0g350x_uvision.o(STACK) refers (Special) to heapauxi.o(.text) for __use_two_region_memory
    startup_mspm0g350x_uvision.o(HEAP) refers (Special) to heapauxi.o(.text) for __use_two_region_memory
    startup_mspm0g350x_uvision.o(RESET) refers (Special) to heapauxi.o(.text) for __use_two_region_memory
    startup_mspm0g350x_uvision.o(RESET) refers to startup_mspm0g350x_uvision.o(STACK) for __initial_sp
    startup_mspm0g350x_uvision.o(RESET) refers to startup_mspm0g350x_uvision.o(.text) for Reset_Handler
    startup_mspm0g350x_uvision.o(RESET) refers to delay.o(.text.SysTick_Handler) for SysTick_Handler
    startup_mspm0g350x_uvision.o(RESET) refers to usart.o(.text.UART0_IRQHandler) for UART0_IRQHandler
    startup_mspm0g350x_uvision.o(.text) refers (Special) to heapauxi.o(.text) for __use_two_region_memory
    startup_mspm0g350x_uvision.o(.text) refers to __main.o(!!!main) for __main
    startup_mspm0g350x_uvision.o(.text) refers to startup_mspm0g350x_uvision.o(HEAP) for Heap_Mem
    startup_mspm0g350x_uvision.o(.text) refers to startup_mspm0g350x_uvision.o(STACK) for Stack_Mem
    ti_msp_dl_config.o(.text.SYSCFG_DL_init) refers to ti_msp_dl_config.o(.text.SYSCFG_DL_initPower) for SYSCFG_DL_initPower
    ti_msp_dl_config.o(.text.SYSCFG_DL_init) refers to ti_msp_dl_config.o(.text.SYSCFG_DL_GPIO_init) for SYSCFG_DL_GPIO_init
    ti_msp_dl_config.o(.text.SYSCFG_DL_init) refers to ti_msp_dl_config.o(.text.SYSCFG_DL_SYSCTL_init) for SYSCFG_DL_SYSCTL_init
    ti_msp_dl_config.o(.text.SYSCFG_DL_init) refers to ti_msp_dl_config.o(.text.SYSCFG_DL_UART_0_init) for SYSCFG_DL_UART_0_init
    ti_msp_dl_config.o(.text.SYSCFG_DL_init) refers to ti_msp_dl_config.o(.text.SYSCFG_DL_SYSTICK_init) for SYSCFG_DL_SYSTICK_init
    ti_msp_dl_config.o(.ARM.exidx.text.SYSCFG_DL_init) refers to ti_msp_dl_config.o(.text.SYSCFG_DL_init) for [Anonymous Symbol]
    ti_msp_dl_config.o(.text.SYSCFG_DL_initPower) refers to ti_msp_dl_config.o(.text.DL_GPIO_reset) for DL_GPIO_reset
    ti_msp_dl_config.o(.text.SYSCFG_DL_initPower) refers to ti_msp_dl_config.o(.text.DL_UART_reset) for DL_UART_reset
    ti_msp_dl_config.o(.text.SYSCFG_DL_initPower) refers to ti_msp_dl_config.o(.text.DL_GPIO_enablePower) for DL_GPIO_enablePower
    ti_msp_dl_config.o(.text.SYSCFG_DL_initPower) refers to ti_msp_dl_config.o(.text.DL_UART_enablePower) for DL_UART_enablePower
    ti_msp_dl_config.o(.text.SYSCFG_DL_initPower) refers to dl_common.o(.text.DL_Common_delayCycles) for DL_Common_delayCycles
    ti_msp_dl_config.o(.ARM.exidx.text.SYSCFG_DL_initPower) refers to ti_msp_dl_config.o(.text.SYSCFG_DL_initPower) for [Anonymous Symbol]
    ti_msp_dl_config.o(.text.SYSCFG_DL_GPIO_init) refers to ti_msp_dl_config.o(.text.DL_GPIO_initPeripheralOutputFunction) for DL_GPIO_initPeripheralOutputFunction
    ti_msp_dl_config.o(.text.SYSCFG_DL_GPIO_init) refers to ti_msp_dl_config.o(.text.DL_GPIO_initPeripheralInputFunction) for DL_GPIO_initPeripheralInputFunction
    ti_msp_dl_config.o(.ARM.exidx.text.SYSCFG_DL_GPIO_init) refers to ti_msp_dl_config.o(.text.SYSCFG_DL_GPIO_init) for [Anonymous Symbol]
    ti_msp_dl_config.o(.text.SYSCFG_DL_SYSCTL_init) refers to ti_msp_dl_config.o(.text.DL_SYSCTL_setBORThreshold) for DL_SYSCTL_setBORThreshold
    ti_msp_dl_config.o(.text.SYSCFG_DL_SYSCTL_init) refers to ti_msp_dl_config.o(.text.DL_SYSCTL_setSYSOSCFreq) for DL_SYSCTL_setSYSOSCFreq
    ti_msp_dl_config.o(.text.SYSCFG_DL_SYSCTL_init) refers to ti_msp_dl_config.o(.text.DL_SYSCTL_disableHFXT) for DL_SYSCTL_disableHFXT
    ti_msp_dl_config.o(.text.SYSCFG_DL_SYSCTL_init) refers to ti_msp_dl_config.o(.text.DL_SYSCTL_disableSYSPLL) for DL_SYSCTL_disableSYSPLL
    ti_msp_dl_config.o(.text.SYSCFG_DL_SYSCTL_init) refers to ti_msp_dl_config.o(.text.DL_SYSCTL_enableMFCLK) for DL_SYSCTL_enableMFCLK
[...]
    Removing dl_rtc_common.o(.text.DL_RTC_Common_setAlarm1MinutesBinary), (28 bytes).
    Removing dl_rtc_common.o(.ARM.exidx.text.DL_RTC_Common_setAlarm1MinutesBinary), (8 bytes).
    Removing dl_rtc_common.o(.text.DL_RTC_Common_setAlarm1HoursBinary), (28 bytes).
    Removing dl_rtc_common.o(.ARM.exidx.text.DL_RTC_Common_setAlarm1HoursBinary), (8 bytes).
    Removing dl_rtc_common.o(.text.DL_RTC_Common_setAlarm1DayOfWeekBinary), (40 bytes).
    Removing dl_rtc_common.o(.ARM.exidx.text.DL_RTC_Common_setAlarm1DayOfWeekBinary), (8 bytes).
    Removing dl_rtc_common.o(.text.DL_RTC_Common_setAlarm1DayOfMonthBinary), (44 bytes).
    Removing dl_rtc_common.o(.ARM.exidx.text.DL_RTC_Common_setAlarm1DayOfMonthBinary), (8 bytes).
    Removing dl_rtc_common.o(.text.DL_RTC_Common_setAlarm1MinutesBCD), (28 bytes).
    Removing dl_rtc_common.o(.ARM.exidx.text.DL_RTC_Common_setAlarm1MinutesBCD), (8 bytes).
    Removing dl_rtc_common.o(.text.DL_RTC_Common_setAlarm1HoursBCD), (28 bytes).
    Removing dl_rtc_common.o(.ARM.exidx.text.DL_RTC_Common_setAlarm1HoursBCD), (8 bytes).
    Removing dl_rtc_common.o(.text.DL_RTC_Common_setAlarm1DayOfWeekBCD), (40 bytes).
    Removing dl_rtc_common.o(.ARM.exidx.text.DL_RTC_Common_setAlarm1DayOfWeekBCD), (8 bytes).
    Removing dl_rtc_common.o(.text.DL_RTC_Common_setAlarm1DayOfMonthBCD), (44 bytes).
    Removing dl_rtc_common.o(.ARM.exidx.text.DL_RTC_Common_setAlarm1DayOfMonthBCD), (8 bytes).
    Removing dl_rtc_common.o(.text.DL_RTC_Common_getCalendarAlarm1), (140 bytes).
    Removing dl_rtc_common.o(.ARM.exidx.text.DL_RTC_Common_getCalendarAlarm1), (8 bytes).
    Removing dl_rtc_common.o(.text.DL_RTC_Common_getAlarm1MinutesBinary), (24 bytes).
    Removing dl_rtc_common.o(.ARM.exidx.text.DL_RTC_Common_getAlarm1MinutesBinary), (8 bytes).
    Removing dl_rtc_common.o(.text.DL_RTC_Common_getAlarm1HoursBinary), (24 bytes).
    Removing dl_rtc_common.o(.ARM.exidx.text.DL_RTC_Common_getAlarm1HoursBinary), (8 bytes).
    Removing dl_rtc_common.o(.text.DL_RTC_Common_getAlarm1DayOfWeekBinary), (24 bytes).
    Removing dl_rtc_common.o(.ARM.exidx.text.DL_RTC_Common_getAlarm1DayOfWeekBinary), (8 bytes).
    Removing dl_rtc_common.o(.text.DL_RTC_Common_getAlarm1DayOfMonthBinary), (28 bytes).
    Removing dl_rtc_common.o(.ARM.exidx.text.DL_RTC_Common_getAlarm1DayOfMonthBinary), (8 bytes).
    Removing dl_rtc_common.o(.text.DL_RTC_Common_getAlarm1MinutesBCD), (28 bytes).
    Removing dl_rtc_common.o(.ARM.exidx.text.DL_RTC_Common_getAlarm1MinutesBCD), (8 bytes).
    Removing dl_rtc_common.o(.text.DL_RTC_Common_getAlarm1HoursBCD), (28 bytes).
    Removing dl_rtc_common.o(.ARM.exidx.text.DL_RTC_Common_getAlarm1HoursBCD), (8 bytes).
    Removing dl_rtc_common.o(.text.DL_RTC_Common_getAlarm1DayOfWeekBCD), (24 bytes).
    Removing dl_rtc_common.o(.ARM.exidx.text.DL_RTC_Common_getAlarm1DayOfWeekBCD), (8 bytes).
    Removing dl_rtc_common.o(.text.DL_RTC_Common_getAlarm1DayOfMonthBCD), (28 bytes).
    Removing dl_rtc_common.o(.ARM.exidx.text.DL_RTC_Common_getAlarm1DayOfMonthBCD), (8 bytes).
    Removing dl_rtc_common.o(.text.DL_RTC_Common_enableCalendarAlarm1), (82 bytes).
    Removing dl_rtc_common.o(.ARM.exidx.text.DL_RTC_Common_enableCalendarAlarm1), (8 bytes).
    Removing dl_rtc_common.o(.text.DL_RTC_Common_enableAlarm1MinutesBinary), (24 bytes).
    Removing dl_rtc_common.o(.ARM.exidx.text.DL_RTC_Common_enableAlarm1MinutesBinary), (8 bytes).
    Removing dl_rtc_common.o(.text.DL_RTC_Common_enableAlarm1HoursBinary), (24 bytes).
    Removing dl_rtc_common.o(.ARM.exidx.text.DL_RTC_Common_enableAlarm1HoursBinary), (8 bytes).
    Removing dl_rtc_common.o(.text.DL_RTC_Common_enableAlarm1DayOfWeekBinary), (24 bytes).
    Removing dl_rtc_common.o(.ARM.exidx.text.DL_RTC_Common_enableAlarm1DayOfWeekBinary), (8 bytes).
    Removing dl_rtc_common.o(.text.DL_RTC_Common_enableAlarm1DayOfMonthBinary), (28 bytes).
    Removing dl_rtc_common.o(.ARM.exidx.text.DL_RTC_Common_enableAlarm1DayOfMonthBinary), (8 bytes).
    Removing dl_rtc_common.o(.text.DL_RTC_Common_enableAlarm1MinutesBCD), (28 bytes).
    Removing dl_rtc_common.o(.ARM.exidx.text.DL_RTC_Common_enableAlarm1MinutesBCD), (8 bytes).
    Removing dl_rtc_common.o(.text.DL_RTC_Common_enableAlarm1HoursBCD), (24 bytes).
    Removing dl_rtc_common.o(.ARM.exidx.text.DL_RTC_Common_enableAlarm1HoursBCD), (8 bytes).
    Removing dl_rtc_common.o(.text.DL_RTC_Common_enableAlarm1DayOfWeekBCD), (24 bytes).
    Removing dl_rtc_common.o(.ARM.exidx.text.DL_RTC_Common_enableAlarm1DayOfWeekBCD), (8 bytes).
    Removing dl_rtc_common.o(.text.DL_RTC_Common_enableAlarm1DayOfMonthBCD), (28 bytes).
    Removing dl_rtc_common.o(.ARM.exidx.text.DL_RTC_Common_enableAlarm1DayOfMonthBCD), (8 bytes).
    Removing dl_rtc_common.o(.text.DL_RTC_Common_disableCalendarAlarm1), (82 bytes).
    Removing dl_rtc_common.o(.ARM.exidx.text.DL_RTC_Common_disableCalendarAlarm1), (8 bytes).
    Removing dl_rtc_common.o(.text.DL_RTC_Common_disableAlarm1MinutesBinary), (24 bytes).
    Removing dl_rtc_common.o(.ARM.exidx.text.DL_RTC_Common_disableAlarm1MinutesBinary), (8 bytes).
    Removing dl_rtc_common.o(.text.DL_RTC_Common_disableAlarm1HoursBinary), (24 bytes).
    Removing dl_rtc_common.o(.ARM.exidx.text.DL_RTC_Common_disableAlarm1HoursBinary), (8 bytes).
    Removing dl_rtc_common.o(.text.DL_RTC_Common_disableAlarm1DayOfWeekBinary), (24 bytes).
    Removing dl_rtc_common.o(.ARM.exidx.text.DL_RTC_Common_disableAlarm1DayOfWeekBinary), (8 bytes).
    Removing dl_rtc_common.o(.text.DL_RTC_Common_disableAlarm1DayOfMonthBinary), (28 bytes).
    Removing dl_rtc_common.o(.ARM.exidx.text.DL_RTC_Common_disableAlarm1DayOfMonthBinary), (8 bytes).
    Removing dl_rtc_common.o(.text.DL_RTC_Common_disableAlarm1MinutesBCD), (28 bytes).
    Removing dl_rtc_common.o(.ARM.exidx.text.DL_RTC_Common_disableAlarm1MinutesBCD), (8 bytes).
    Removing dl_rtc_common.o(.text.DL_RTC_Common_disableAlarm1HoursBCD), (24 bytes).
    Removing dl_rtc_common.o(.ARM.exidx.text.DL_RTC_Common_disableAlarm1HoursBCD), (8 bytes).
    Removing dl_rtc_common.o(.text.DL_RTC_Common_disableAlarm1DayOfWeekBCD), (24 bytes).
    Removing dl_rtc_common.o(.ARM.exidx.text.DL_RTC_Common_disableAlarm1DayOfWeekBCD), (8 bytes).
    Removing dl_rtc_common.o(.text.DL_RTC_Common_disableAlarm1DayOfMonthBCD), (28 bytes).
    Removing dl_rtc_common.o(.ARM.exidx.text.DL_RTC_Common_disableAlarm1DayOfMonthBCD), (8 bytes).
    Removing dl_rtc_common.o(.text.DL_RTC_Common_setCalendarAlarm2), (134 bytes).
    Removing dl_rtc_common.o(.ARM.exidx.text.DL_RTC_Common_setCalendarAlarm2), (8 bytes).
    Removing dl_rtc_common.o(.text.DL_RTC_Common_setAlarm2MinutesBinary), (28 bytes).
    Removing dl_rtc_common.o(.ARM.exidx.text.DL_RTC_Common_setAlarm2MinutesBinary), (8 bytes).
    Removing dl_rtc_common.o(.text.DL_RTC_Common_setAlarm2HoursBinary), (26 bytes).
    Removing dl_rtc_common.o(.ARM.exidx.text.DL_RTC_Common_setAlarm2HoursBinary), (8 bytes).
    Removing dl_rtc_common.o(.text.DL_RTC_Common_setAlarm2DayOfWeekBinary), (40 bytes).
    Removing dl_rtc_common.o(.ARM.exidx.text.DL_RTC_Common_setAlarm2DayOfWeekBinary), (8 bytes).
    Removing dl_rtc_common.o(.text.DL_RTC_Common_setAlarm2DayOfMonthBinary), (44 bytes).
    Removing dl_rtc_common.o(.ARM.exidx.text.DL_RTC_Common_setAlarm2DayOfMonthBinary), (8 bytes).
    Removing dl_rtc_common.o(.text.DL_RTC_Common_setAlarm2MinutesBCD), (28 bytes).
    Removing dl_rtc_common.o(.ARM.exidx.text.DL_RTC_Common_setAlarm2MinutesBCD), (8 bytes).
    Removing dl_rtc_common.o(.text.DL_RTC_Common_setAlarm2HoursBCD), (26 bytes).
    Removing dl_rtc_common.o(.ARM.exidx.text.DL_RTC_Common_setAlarm2HoursBCD), (8 bytes).
    Removing dl_rtc_common.o(.text.DL_RTC_Common_setAlarm2DayOfWeekBCD), (40 bytes).
    Removing dl_rtc_common.o(.ARM.exidx.text.DL_RTC_Common_setAlarm2DayOfWeekBCD), (8 bytes).
    Removing dl_rtc_common.o(.text.DL_RTC_Common_setAlarm2DayOfMonthBCD), (44 bytes).
    Removing dl_rtc_common.o(.ARM.exidx.text.DL_RTC_Common_setAlarm2DayOfMonthBCD), (8 bytes).
    Removing dl_rtc_common.o(.text.DL_RTC_Common_getCalendarAlarm2), (140 bytes).
    Removing dl_rtc_common.o(.ARM.exidx.text.DL_RTC_Common_getCalendarAlarm2), (8 bytes).
    Removing dl_rtc_common.o(.text.DL_RTC_Common_getAlarm2MinutesBinary), (24 bytes).
    Removing dl_rtc_common.o(.ARM.exidx.text.DL_RTC_Common_getAlarm2MinutesBinary), (8 bytes).
    Removing dl_rtc_common.o(.text.DL_RTC_Common_getAlarm2HoursBinary), (20 bytes).
    Removing dl_rtc_common.o(.ARM.exidx.text.DL_RTC_Common_getAlarm2HoursBinary), (8 bytes).
    Removing dl_rtc_common.o(.text.DL_RTC_Common_getAlarm2DayOfWeekBinary), (24 bytes).
    Removing dl_rtc_common.o(.ARM.exidx.text.DL_RTC_Common_getAlarm2DayOfWeekBinary), (8 bytes).
    Removing dl_rtc_common.o(.text.DL_RTC_Common_getAlarm2DayOfMonthBinary), (28 bytes).
    Removing dl_rtc_common.o(.ARM.exidx.text.DL_RTC_Common_getAlarm2DayOfMonthBinary), (8 bytes).
    Removing dl_rtc_common.o(.text.DL_RTC_Common_getAlarm2MinutesBCD), (28 bytes).
    Removing dl_rtc_common.o(.ARM.exidx.text.DL_RTC_Common_getAlarm2MinutesBCD), (8 bytes).
    Removing dl_rtc_common.o(.text.DL_RTC_Common_getAlarm2HoursBCD), (24 bytes).
    Removing dl_rtc_common.o(.ARM.exidx.text.DL_RTC_Common_getAlarm2HoursBCD), (8 bytes).
    Removing dl_rtc_common.o(.text.DL_RTC_Common_getAlarm2DayOfWeekBCD), (24 bytes).
    Removing dl_rtc_common.o(.ARM.exidx.text.DL_RTC_Common_getAlarm2DayOfWeekBCD), (8 bytes).
    Removing dl_rtc_common.o(.text.DL_RTC_Common_getAlarm2DayOfMonthBCD), (28 bytes).
    Removing dl_rtc_common.o(.ARM.exidx.text.DL_RTC_Common_getAlarm2DayOfMonthBCD), (8 bytes).
    Removing dl_rtc_common.o(.text.DL_RTC_Common_enableCalendarAlarm2), (82 bytes).
    Removing dl_rtc_common.o(.ARM.exidx.text.DL_RTC_Common_enableCalendarAlarm2), (8 bytes).
    Removing dl_rtc_common.o(.text.DL_RTC_Common_enableAlarm2MinutesBinary), (24 bytes).
    Removing dl_rtc_common.o(.ARM.exidx.text.DL_RTC_Common_enableAlarm2MinutesBinary), (8 bytes).
    Removing dl_rtc_common.o(.text.DL_RTC_Common_enableAlarm2HoursBinary), (22 bytes).
    Removing dl_rtc_common.o(.ARM.exidx.text.DL_RTC_Common_enableAlarm2HoursBinary), (8 bytes).
    Removing dl_rtc_common.o(.text.DL_RTC_Common_enableAlarm2DayOfWeekBinary), (24 bytes).
    Removing dl_rtc_common.o(.ARM.exidx.text.DL_RTC_Common_enableAlarm2DayOfWeekBinary), (8 bytes).
    Removing dl_rtc_common.o(.text.DL_RTC_Common_enableAlarm2DayOfMonthBinary), (28 bytes).
    Removing dl_rtc_common.o(.ARM.exidx.text.DL_RTC_Common_enableAlarm2DayOfMonthBinary), (8 bytes).
    Removing dl_rtc_common.o(.text.DL_RTC_Common_enableAlarm2MinutesBCD), (28 bytes).
    Removing dl_rtc_common.o(.ARM.exidx.text.DL_RTC_Common_enableAlarm2MinutesBCD), (8 bytes).
    Removing dl_rtc_common.o(.text.DL_RTC_Common_enableAlarm2HoursBCD), (22 bytes).
    Removing dl_rtc_common.o(.ARM.exidx.text.DL_RTC_Common_enableAlarm2HoursBCD), (8 bytes).
    Removing dl_rtc_common.o(.text.DL_RTC_Common_enableAlarm2DayOfWeekBCD), (24 bytes).
    Removing dl_rtc_common.o(.ARM.exidx.text.DL_RTC_Common_enableAlarm2DayOfWeekBCD), (8 bytes).
    Removing dl_rtc_common.o(.text.DL_RTC_Common_enableAlarm2DayOfMonthBCD), (28 bytes).
    Removing dl_rtc_common.o(.ARM.exidx.text.DL_RTC_Common_enableAlarm2DayOfMonthBCD), (8 bytes).
    Removing dl_rtc_common.o(.text.DL_RTC_Common_disableCalendarAlarm2), (82 bytes).
    Removing dl_rtc_common.o(.ARM.exidx.text.DL_RTC_Common_disableCalendarAlarm2), (8 bytes).
    Removing dl_rtc_common.o(.text.DL_RTC_Common_disableAlarm2MinutesBinary), (24 bytes).
    Removing dl_rtc_common.o(.ARM.exidx.text.DL_RTC_Common_disableAlarm2MinutesBinary), (8 bytes).
    Removing dl_rtc_common.o(.text.DL_RTC_Common_disableAlarm2HoursBinary), (22 bytes).
    Removing dl_rtc_common.o(.ARM.exidx.text.DL_RTC_Common_disableAlarm2HoursBinary), (8 bytes).
    Removing dl_rtc_common.o(.text.DL_RTC_Common_disableAlarm2DayOfWeekBinary), (24 bytes).
    Removing dl_rtc_common.o(.ARM.exidx.text.DL_RTC_Common_disableAlarm2DayOfWeekBinary), (8 bytes).
    Removing dl_rtc_common.o(.text.DL_RTC_Common_disableAlarm2DayOfMonthBinary), (28 bytes).
    Removing dl_rtc_common.o(.ARM.exidx.text.DL_RTC_Common_disableAlarm2DayOfMonthBinary), (8 bytes).
    Removing dl_rtc_common.o(.text.DL_RTC_Common_disableAlarm2MinutesBCD), (28 bytes).
    Removing dl_rtc_common.o(.ARM.exidx.text.DL_RTC_Common_disableAlarm2MinutesBCD), (8 bytes).
    Removing dl_rtc_common.o(.text.DL_RTC_Common_disableAlarm2HoursBCD), (22 bytes).
    Removing dl_rtc_common.o(.ARM.exidx.text.DL_RTC_Common_disableAlarm2HoursBCD), (8 bytes).
    Removing dl_rtc_common.o(.text.DL_RTC_Common_disableAlarm2DayOfWeekBCD), (24 bytes).
    Removing dl_rtc_common.o(.ARM.exidx.text.DL_RTC_Common_disableAlarm2DayOfWeekBCD), (8 bytes).
    Removing dl_rtc_common.o(.text.DL_RTC_Common_disableAlarm2DayOfMonthBCD), (28 bytes).
    Removing dl_rtc_common.o(.ARM.exidx.text.DL_RTC_Common_disableAlarm2DayOfMonthBCD), (8 bytes).
    Removing dl_spi.o(.text), (0 bytes).
    Removing dl_spi.o(.text.DL_SPI_init), (72 bytes).
    Removing dl_spi.o(.ARM.exidx.text.DL_SPI_init), (8 bytes).
    Removing dl_spi.o(.text.DL_Common_updateReg), (40 bytes).
    Removing dl_spi.o(.ARM.exidx.text.DL_Common_updateReg), (8 bytes).
    Removing dl_spi.o(.text.DL_SPI_setClockConfig), (36 bytes).
    Removing dl_spi.o(.ARM.exidx.text.DL_SPI_setClockConfig), (8 bytes).
    Removing dl_spi.o(.text.DL_SPI_getClockConfig), (36 bytes).
    Removing dl_spi.o(.ARM.exidx.text.DL_SPI_getClockConfig), (8 bytes).
    Removing dl_spi.o(.text.DL_SPI_receiveDataBlocking8), (32 bytes).
    Removing dl_spi.o(.ARM.exidx.text.DL_SPI_receiveDataBlocking8), (8 bytes).
    Removing dl_spi.o(.text.DL_SPI_isRXFIFOEmpty), (24 bytes).
    Removing dl_spi.o(.ARM.exidx.text.DL_SPI_isRXFIFOEmpty), (8 bytes).
    Removing dl_spi.o(.text.DL_SPI_receiveData8), (20 bytes).
    Removing dl_spi.o(.ARM.exidx.text.DL_SPI_receiveData8), (8 bytes).
    Removing dl_spi.o(.text.DL_SPI_receiveDataBlocking16), (32 bytes).
    Removing dl_spi.o(.ARM.exidx.text.DL_SPI_receiveDataBlocking16), (8 bytes).
    Removing dl_spi.o(.text.DL_SPI_receiveData16), (20 bytes).
    Removing dl_spi.o(.ARM.exidx.text.DL_SPI_receiveData16), (8 bytes).
    Removing dl_spi.o(.text.DL_SPI_receiveDataBlocking32), (32 bytes).
    Removing dl_spi.o(.ARM.exidx.text.DL_SPI_receiveDataBlocking32), (8 bytes).
    Removing dl_spi.o(.text.DL_SPI_receiveData32), (20 bytes).
    Removing dl_spi.o(.ARM.exidx.text.DL_SPI_receiveData32), (8 bytes).
    Removing dl_spi.o(.text.DL_SPI_transmitDataBlocking8), (40 bytes).
    Removing dl_spi.o(.ARM.exidx.text.DL_SPI_transmitDataBlocking8), (8 bytes).
    Removing dl_spi.o(.text.DL_SPI_isTXFIFOFull), (28 bytes).
    Removing dl_spi.o(.ARM.exidx.text.DL_SPI_isTXFIFOFull), (8 bytes).
    Removing dl_spi.o(.text.DL_SPI_transmitData8), (22 bytes).
    Removing dl_spi.o(.ARM.exidx.text.DL_SPI_transmitData8), (8 bytes).
    Removing dl_spi.o(.text.DL_SPI_transmitDataBlocking16), (40 bytes).
    Removing dl_spi.o(.ARM.exidx.text.DL_SPI_transmitDataBlocking16), (8 bytes).
    Removing dl_spi.o(.text.DL_SPI_transmitData16), (22 bytes).
    Removing dl_spi.o(.ARM.exidx.text.DL_SPI_transmitData16), (8 bytes).
    Removing dl_spi.o(.text.DL_SPI_transmitDataBlocking32), (36 bytes).
    Removing dl_spi.o(.ARM.exidx.text.DL_SPI_transmitDataBlocking32), (8 bytes).
    Removing dl_spi.o(.text.DL_SPI_transmitData32), (20 bytes).
    Removing dl_spi.o(.ARM.exidx.text.DL_SPI_transmitData32), (8 bytes).
    Removing dl_spi.o(.text.DL_SPI_receiveDataCheck8), (58 bytes).
    Removing dl_spi.o(.ARM.exidx.text.DL_SPI_receiveDataCheck8), (8 bytes).
    Removing dl_spi.o(.text.DL_SPI_receiveDataCheck16), (58 bytes).
    Removing dl_spi.o(.ARM.exidx.text.DL_SPI_receiveDataCheck16), (8 bytes).
    Removing dl_spi.o(.text.DL_SPI_receiveDataCheck32), (58 bytes).
    Removing dl_spi.o(.ARM.exidx.text.DL_SPI_receiveDataCheck32), (8 bytes).
    Removing dl_spi.o(.text.DL_SPI_transmitDataCheck8), (60 bytes).
    Removing dl_spi.o(.ARM.exidx.text.DL_SPI_transmitDataCheck8), (8 bytes).
    Removing dl_spi.o(.text.DL_SPI_transmitDataCheck16), (60 bytes).
    Removing dl_spi.o(.ARM.exidx.text.DL_SPI_transmitDataCheck16), (8 bytes).
    Removing dl_spi.o(.text.DL_SPI_transmitDataCheck32), (56 bytes).
    Removing dl_spi.o(.ARM.exidx.text.DL_SPI_transmitDataCheck32), (8 bytes).
    Removing dl_spi.o(.text.DL_SPI_drainRXFIFO8), (70 bytes).
    Removing dl_spi.o(.ARM.exidx.text.DL_SPI_drainRXFIFO8), (8 bytes).
    Removing dl_spi.o(.text.DL_SPI_drainRXFIFO16), (72 bytes).
    Removing dl_spi.o(.ARM.exidx.text.DL_SPI_drainRXFIFO16), (8 bytes).
    Removing dl_spi.o(.text.DL_SPI_drainRXFIFO32), (72 bytes).
    Removing dl_spi.o(.ARM.exidx.text.DL_SPI_drainRXFIFO32), (8 bytes).
    Removing dl_spi.o(.text.DL_SPI_fillTXFIFO8), (70 bytes).
    Removing dl_spi.o(.ARM.exidx.text.DL_SPI_fillTXFIFO8), (8 bytes).
    Removing dl_spi.o(.text.DL_SPI_fillTXFIFO16), (72 bytes).
    Removing dl_spi.o(.ARM.exidx.text.DL_SPI_fillTXFIFO16), (8 bytes).
    Removing dl_spi.o(.text.DL_SPI_saveConfiguration), (172 bytes).
    Removing dl_spi.o(.ARM.exidx.text.DL_SPI_saveConfiguration), (8 bytes).
    Removing dl_spi.o(.text.DL_SPI_restoreConfiguration), (200 bytes).
    Removing dl_spi.o(.ARM.exidx.text.DL_SPI_restoreConfiguration), (8 bytes).
    Removing dl_spi.o(.text.DL_SPI_enable), (24 bytes).
    Removing dl_spi.o(.ARM.exidx.text.DL_SPI_enable), (8 bytes).
    Removing dl_spi.o(.text.DL_SPI_fillTXFIFO32), (72 bytes).
    Removing dl_spi.o(.ARM.exidx.text.DL_SPI_fillTXFIFO32), (8 bytes).
    Removing dl_timer.o(.text), (0 bytes).
    Removing dl_timer.o(.text.DL_Timer_setClockConfig), (52 bytes).
    Removing dl_timer.o(.ARM.exidx.text.DL_Timer_setClockConfig), (8 bytes).
    Removing dl_timer.o(.text.DL_Timer_getClockConfig), (52 bytes).
    Removing dl_timer.o(.ARM.exidx.text.DL_Timer_getClockConfig), (8 bytes).
    Removing dl_timer.o(.text.DL_Timer_initTimerMode), (256 bytes).
    Removing dl_timer.o(.ARM.exidx.text.DL_Timer_initTimerMode), (8 bytes).
    Removing dl_timer.o(.text.DL_Timer_setLoadValue), (24 bytes).
    Removing dl_timer.o(.ARM.exidx.text.DL_Timer_setLoadValue), (8 bytes).
    Removing dl_timer.o(.text.DL_Timer_setCounterValueAfterEnable), (32 bytes).
    Removing dl_timer.o(.ARM.exidx.text.DL_Timer_setCounterValueAfterEnable), (8 bytes).
    Removing dl_timer.o(.text.DL_Timer_setCaptureCompareValue), (44 bytes).
    Removing dl_timer.o(.ARM.exidx.text.DL_Timer_setCaptureCompareValue), (8 bytes).
    Removing dl_timer.o(.text.DL_Timer_setCaptureCompareCtl), (60 bytes).
    Removing dl_timer.o(.ARM.exidx.text.DL_Timer_setCaptureCompareCtl), (8 bytes).
    Removing dl_timer.o(.text.DL_Timer_initCaptureMode), (304 bytes).
    Removing dl_timer.o(.ARM.exidx.text.DL_Timer_initCaptureMode), (8 bytes).
    Removing dl_timer.o(.text.DL_Timer_getInChanConfig), (150 bytes).
    Removing dl_timer.o(.ARM.exidx.text.DL_Timer_getInChanConfig), (8 bytes).
    Removing dl_timer.o(.text.DL_Timer_setCaptureCompareInput), (52 bytes).
    Removing dl_timer.o(.ARM.exidx.text.DL_Timer_setCaptureCompareInput), (8 bytes).
    Removing dl_timer.o(.text.DL_Timer_setCCPDirection), (20 bytes).
    Removing dl_timer.o(.ARM.exidx.text.DL_Timer_setCCPDirection), (8 bytes).
    Removing dl_timer.o(.text.DL_Common_updateReg), (40 bytes).
    Removing dl_timer.o(.ARM.exidx.text.DL_Common_updateReg), (8 bytes).
    Removing dl_timer.o(.text.DL_Timer_initCaptureTriggerMode), (180 bytes).
    Removing dl_timer.o(.ARM.exidx.text.DL_Timer_initCaptureTriggerMode), (8 bytes).
    Removing dl_timer.o(.text.DL_Timer_initCaptureCombinedMode), (176 bytes).
    Removing dl_timer.o(.ARM.exidx.text.DL_Timer_initCaptureCombinedMode), (8 bytes).
    Removing dl_timer.o(.text.DL_Timer_getInChanPairConfig), (82 bytes).
    Removing dl_timer.o(.ARM.exidx.text.DL_Timer_getInChanPairConfig), (8 bytes).
    Removing dl_timer.o(.text.DL_Timer_initCompareMode), (184 bytes).
    Removing dl_timer.o(.ARM.exidx.text.DL_Timer_initCompareMode), (8 bytes).
    Removing dl_timer.o(.text.DL_Timer_initCompareTriggerMode), (156 bytes).
    Removing dl_timer.o(.ARM.exidx.text.DL_Timer_initCompareTriggerMode), (8 bytes).
    Removing dl_timer.o(.text.DL_Timer_getCaptureCompareValue), (40 bytes).
    Removing dl_timer.o(.ARM.exidx.text.DL_Timer_getCaptureCompareValue), (8 bytes).
    Removing dl_timer.o(.text.DL_Timer_getCaptureCompareCtl), (48 bytes).
    Removing dl_timer.o(.ARM.exidx.text.DL_Timer_getCaptureCompareCtl), (8 bytes).
    Removing dl_timer.o(.text.DL_Timer_setSecondCompSrcDn), (52 bytes).
    Removing dl_timer.o(.ARM.exidx.text.DL_Timer_setSecondCompSrcDn), (8 bytes).
    Removing dl_timer.o(.text.DL_Timer_getSecondCompSrcDn), (48 bytes).
    Removing dl_timer.o(.ARM.exidx.text.DL_Timer_getSecondCompSrcDn), (8 bytes).
    Removing dl_timer.o(.text.DL_Timer_setSecondCompSrcUp), (52 bytes).
    Removing dl_timer.o(.ARM.exidx.text.DL_Timer_setSecondCompSrcUp), (8 bytes).
    Removing dl_timer.o(.text.DL_Timer_getSecondCompSrcUp), (48 bytes).
    Removing dl_timer.o(.ARM.exidx.text.DL_Timer_getSecondCompSrcUp), (8 bytes).
    Removing dl_timer.o(.text.DL_Timer_setSecondCompActionDn), (60 bytes).
    Removing dl_timer.o(.ARM.exidx.text.DL_Timer_setSecondCompActionDn), (8 bytes).
    Removing dl_timer.o(.text.DL_Timer_getSecondCompActionDn), (52 bytes).
    Removing dl_timer.o(.ARM.exidx.text.DL_Timer_getSecondCompActionDn), (8 bytes).
    Removing dl_timer.o(.text.DL_Timer_setSecondCompActionUp), (52 bytes).
    Removing dl_timer.o(.ARM.exidx.text.DL_Timer_setSecondCompActionUp), (8 bytes).
    Removing dl_timer.o(.text.DL_Timer_getSecondCompActionUp), (48 bytes).
    Removing dl_timer.o(.ARM.exidx.text.DL_Timer_getSecondCompActionUp), (8 bytes).
    Removing dl_timer.o(.text.DL_Timer_enableSuppressionOfCompEvent), (48 bytes).
    Removing dl_timer.o(.ARM.exidx.text.DL_Timer_enableSuppressionOfCompEvent), (8 bytes).
    Removing dl_timer.o(.text.DL_Timer_disableSuppressionOfCompEvent), (48 bytes).
    Removing dl_timer.o(.ARM.exidx.text.DL_Timer_disableSuppressionOfCompEvent), (8 bytes).
    Removing dl_timer.o(.text.DL_Timer_setCaptCompUpdateMethod), (52 bytes).
    Removing dl_timer.o(.ARM.exidx.text.DL_Timer_setCaptCompUpdateMethod), (8 bytes).
    Removing dl_timer.o(.text.DL_Timer_getCaptCompUpdateMethod), (48 bytes).
    Removing dl_timer.o(.ARM.exidx.text.DL_Timer_getCaptCompUpdateMethod), (8 bytes).
    Removing dl_timer.o(.text.DL_Timer_setCaptureCompareOutCtl), (64 bytes).
    Removing dl_timer.o(.ARM.exidx.text.DL_Timer_setCaptureCompareOutCtl), (8 bytes).
    Removing dl_timer.o(.text.DL_Timer_getCaptureCompareOutCtl), (40 bytes).
    Removing dl_timer.o(.ARM.exidx.text.DL_Timer_getCaptureCompareOutCtl), (8 bytes).
    Removing dl_timer.o(.text.DL_Timer_setCaptureCompareAction), (52 bytes).
    Removing dl_timer.o(.ARM.exidx.text.DL_Timer_setCaptureCompareAction), (8 bytes).
    Removing dl_timer.o(.text.DL_Timer_getCaptureCompareAction), (48 bytes).
    Removing dl_timer.o(.ARM.exidx.text.DL_Timer_getCaptureCompareAction), (8 bytes).
    Removing dl_timer.o(.text.DL_Timer_overrideCCPOut), (56 bytes).
    Removing dl_timer.o(.ARM.exidx.text.DL_Timer_overrideCCPOut), (8 bytes).
    Removing dl_timer.o(.text.DL_Timer_getCaptureCompareInput), (40 bytes).
    Removing dl_timer.o(.ARM.exidx.text.DL_Timer_getCaptureCompareInput), (8 bytes).
    Removing dl_timer.o(.text.DL_Timer_setCaptureCompareInputFilter), (54 bytes).
    Removing dl_timer.o(.ARM.exidx.text.DL_Timer_setCaptureCompareInputFilter), (8 bytes).
    Removing dl_timer.o(.text.DL_Timer_getCaptureCompareInputFilter), (42 bytes).
    Removing dl_timer.o(.ARM.exidx.text.DL_Timer_getCaptureCompareInputFilter), (8 bytes).
    Removing dl_timer.o(.text.DL_Timer_enableCaptureCompareInputFilter), (44 bytes).
    Removing dl_timer.o(.ARM.exidx.text.DL_Timer_enableCaptureCompareInputFilter), (8 bytes).
    Removing dl_timer.o(.text.DL_Timer_disableCaptureCompareInputFilter), (44 bytes).
    Removing dl_timer.o(.ARM.exidx.text.DL_Timer_disableCaptureCompareInputFilter), (8 bytes).
    Removing dl_timer.o(.text.DL_Timer_isCaptureCompareInputFilterEnabled), (44 bytes).
    Removing dl_timer.o(.ARM.exidx.text.DL_Timer_isCaptureCompareInputFilterEnabled), (8 bytes).
    Removing dl_timer.o(.text.DL_Timer_saveConfiguration), (596 bytes).
    Removing dl_timer.o(.ARM.exidx.text.DL_Timer_saveConfiguration), (8 bytes).
    Removing dl_timer.o(.text.DL_Timer_restoreConfiguration), (636 bytes).
    Removing dl_timer.o(.ARM.exidx.text.DL_Timer_restoreConfiguration), (8 bytes).
    Removing dl_timer.o(.text.DL_Timer_initFourCCPWMMode), (236 bytes).
    Removing dl_timer.o(.ARM.exidx.text.DL_Timer_initFourCCPWMMode), (8 bytes).
    Removing dl_timer.o(.text.DL_Timer_initTwoCCPWMMode), (272 bytes).
    Removing dl_timer.o(.ARM.exidx.text.DL_Timer_initTwoCCPWMMode), (8 bytes).
    Removing dl_timer.o(.text.DL_Timer_setFaultSourceConfig), (52 bytes).
    Removing dl_timer.o(.ARM.exidx.text.DL_Timer_setFaultSourceConfig), (8 bytes).
    Removing dl_timer.o(.text.DL_Timer_getFaultSourceConfig), (48 bytes).
    Removing dl_timer.o(.ARM.exidx.text.DL_Timer_getFaultSourceConfig), (8 bytes).
    Removing dl_timer.o(.text.DL_TimerA_saveConfiguration), (676 bytes).
    Removing dl_timer.o(.ARM.exidx.text.DL_TimerA_saveConfiguration), (8 bytes).
    Removing dl_timer.o(.text.DL_TimerA_restoreConfiguration), (696 bytes).
    Removing dl_timer.o(.ARM.exidx.text.DL_TimerA_restoreConfiguration), (8 bytes).
    Removing dl_timer.o(.text.DL_Timer_configQEIHallInputMode), (64 bytes).
    Removing dl_timer.o(.ARM.exidx.text.DL_Timer_configQEIHallInputMode), (8 bytes).
    Removing dl_trng.o(.text), (0 bytes).
    Removing dl_trng.o(.text.DL_TRNG_saveConfiguration), (88 bytes).
    Removing dl_trng.o(.ARM.exidx.text.DL_TRNG_saveConfiguration), (8 bytes).
    Removing dl_trng.o(.text.DL_TRNG_restoreConfiguration), (128 bytes).
    Removing dl_trng.o(.ARM.exidx.text.DL_TRNG_restoreConfiguration), (8 bytes).
    Removing dl_trng.o(.text.DL_Common_updateReg), (40 bytes).
    Removing dl_trng.o(.ARM.exidx.text.DL_Common_updateReg), (8 bytes).
    Removing dl_trng.o(.text.DL_TRNG_sendCommand), (36 bytes).
    Removing dl_trng.o(.ARM.exidx.text.DL_TRNG_sendCommand), (8 bytes).
    Removing dl_uart.o(.text), (0 bytes).
    Removing dl_uart.o(.ARM.exidx.text.DL_UART_init), (8 bytes).
    Removing dl_uart.o(.ARM.exidx.text.DL_UART_disable), (8 bytes).
    Removing dl_uart.o(.ARM.exidx.text.DL_Common_updateReg), (8 bytes).
    Removing dl_uart.o(.ARM.exidx.text.DL_UART_setClockConfig), (8 bytes).
    Removing dl_uart.o(.text.DL_UART_getClockConfig), (36 bytes).
    Removing dl_uart.o(.ARM.exidx.text.DL_UART_getClockConfig), (8 bytes).
    Removing dl_uart.o(.text.DL_UART_configBaudRate), (142 bytes).
    Removing dl_uart.o(.ARM.exidx.text.DL_UART_configBaudRate), (8 bytes).
    Removing dl_uart.o(.text.DL_UART_setOversampling), (30 bytes).
    Removing dl_uart.o(.ARM.exidx.text.DL_UART_setOversampling), (8 bytes).
    Removing dl_uart.o(.text.DL_UART_setBaudRateDivisor), (76 bytes).
    Removing dl_uart.o(.ARM.exidx.text.DL_UART_setBaudRateDivisor), (8 bytes).
    Removing dl_uart.o(.text.DL_UART_configIrDAMode), (64 bytes).
    Removing dl_uart.o(.ARM.exidx.text.DL_UART_configIrDAMode), (8 bytes).
    Removing dl_uart.o(.text.DL_UART_setIrDAPulseLength), (74 bytes).
    Removing dl_uart.o(.ARM.exidx.text.DL_UART_setIrDAPulseLength), (8 bytes).
    Removing dl_uart.o(.text.DL_UART_receiveDataBlocking), (32 bytes).
    Removing dl_uart.o(.ARM.exidx.text.DL_UART_receiveDataBlocking), (8 bytes).
    Removing dl_uart.o(.text.DL_UART_isRXFIFOEmpty), (24 bytes).
    Removing dl_uart.o(.ARM.exidx.text.DL_UART_isRXFIFOEmpty), (8 bytes).
    Removing dl_uart.o(.text.DL_UART_receiveData), (20 bytes).
    Removing dl_uart.o(.ARM.exidx.text.DL_UART_receiveData), (8 bytes).
    Removing dl_uart.o(.text.DL_UART_transmitDataBlocking), (40 bytes).
    Removing dl_uart.o(.ARM.exidx.text.DL_UART_transmitDataBlocking), (8 bytes).
    Removing dl_uart.o(.text.DL_UART_isTXFIFOFull), (24 bytes).
    Removing dl_uart.o(.ARM.exidx.text.DL_UART_isTXFIFOFull), (8 bytes).
    Removing dl_uart.o(.text.DL_UART_transmitData), (22 bytes).
    Removing dl_uart.o(.ARM.exidx.text.DL_UART_transmitData), (8 bytes).
    Removing dl_uart.o(.text.DL_UART_receiveDataCheck), (58 bytes).
    Removing dl_uart.o(.ARM.exidx.text.DL_UART_receiveDataCheck), (8 bytes).
    Removing dl_uart.o(.text.DL_UART_transmitDataCheck), (60 bytes).
    Removing dl_uart.o(.ARM.exidx.text.DL_UART_transmitDataCheck), (8 bytes).
    Removing dl_uart.o(.text.DL_UART_drainRXFIFO), (70 bytes).
    Removing dl_uart.o(.ARM.exidx.text.DL_UART_drainRXFIFO), (8 bytes).
    Removing dl_uart.o(.text.DL_UART_fillTXFIFO), (70 bytes).
    Removing dl_uart.o(.ARM.exidx.text.DL_UART_fillTXFIFO), (8 bytes).
    Removing dl_uart.o(.text.DL_UART_Main_saveConfiguration), (200 bytes).
    Removing dl_uart.o(.ARM.exidx.text.DL_UART_Main_saveConfiguration), (8 bytes).
    Removing dl_uart.o(.text.DL_UART_Main_restoreConfiguration), (228 bytes).
    Removing dl_uart.o(.ARM.exidx.text.DL_UART_Main_restoreConfiguration), (8 bytes).
    Removing dl_uart.o(.text.DL_UART_enable), (22 bytes).
    Removing dl_uart.o(.ARM.exidx.text.DL_UART_enable), (8 bytes).
    Removing dl_uart.o(.text.DL_UART_Extend_saveConfiguration), (256 bytes).
    Removing dl_uart.o(.ARM.exidx.text.DL_UART_Extend_saveConfiguration), (8 bytes).
    Removing dl_uart.o(.text.DL_UART_Extend_restoreConfiguration), (276 bytes).
    Removing dl_uart.o(.ARM.exidx.text.DL_UART_Extend_restoreConfiguration), (8 bytes).
    Removing dl_vref.o(.text), (0 bytes).
    Removing dl_vref.o(.text.DL_VREF_configReference), (52 bytes).
    Removing dl_vref.o(.ARM.exidx.text.DL_VREF_configReference), (8 bytes).
    Removing dl_vref.o(.text.DL_VREF_setClockConfig), (36 bytes).
    Removing dl_vref.o(.ARM.exidx.text.DL_VREF_setClockConfig), (8 bytes).
    Removing dl_vref.o(.text.DL_VREF_getClockConfig), (36 bytes).
    Removing dl_vref.o(.ARM.exidx.text.DL_VREF_getClockConfig), (8 bytes).
    Removing delay.o(.text), (0 bytes).
    Removing delay.o(.ARM.exidx.text.delay_us), (8 bytes).
    Removing delay.o(.ARM.exidx.text.delay_ms), (8 bytes).
    Removing delay.o(.ARM.exidx.text.SysTick_Handler), (8 bytes).
    Removing usart.o(.text), (0 bytes).
    Removing usart.o(.ARM.exidx.text.USART_Init), (8 bytes).
    Removing usart.o(.ARM.exidx.text.__NVIC_ClearPendingIRQ), (8 bytes).
    Removing usart.o(.ARM.exidx.text.__NVIC_EnableIRQ), (8 bytes).
    Removing usart.o(.ARM.exidx.text.USART_SendData), (8 bytes).
    Removing usart.o(.ARM.exidx.text.DL_UART_isBusy), (8 bytes).
    Removing usart.o(.ARM.exidx.text.DL_UART_transmitData), (8 bytes).
    Removing usart.o(.ARM.exidx.text._sys_exit), (8 bytes).
    Removing usart.o(.text.fputc), (44 bytes).
    Removing usart.o(.ARM.exidx.text.fputc), (8 bytes).
    Removing usart.o(.ARM.exidx.text.UART0_IRQHandler), (8 bytes).
    Removing usart.o(.ARM.exidx.text.DL_UART_getPendingInterrupt), (8 bytes).
    Removing usart.o(.ARM.exidx.text.DL_UART_receiveData), (8 bytes).
    Removing usart.o(.bss.__stdout), (84 bytes).

1054 unused section(s) (total 39360 bytes) removed from the image.

==============================================================================

Image Symbol Table

    Local Symbols

    Symbol Name                              Value     Ov Type        Size  Object(Section)

    ../clib/angel/boardlib.s                 0x00000000   Number         0  boardinit1.o ABSOLUTE
    ../clib/angel/boardlib.s                 0x00000000   Number         0  boardinit2.o ABSOLUTE
    ../clib/angel/boardlib.s                 0x00000000   Number         0  boardinit3.o ABSOLUTE
    ../clib/angel/boardlib.s                 0x00000000   Number         0  boardshut.o ABSOLUTE
    ../clib/angel/handlers.s                 0x00000000   Number         0  __scatter_zi.o ABSOLUTE
    ../clib/angel/kernel.s                   0x00000000   Number         0  __rtentry.o ABSOLUTE
    ../clib/angel/kernel.s                   0x00000000   Number         0  __rtentry2.o ABSOLUTE
    ../clib/angel/kernel.s                   0x00000000   Number         0  __rtentry4.o ABSOLUTE
    ../clib/angel/kernel.s                   0x00000000   Number         0  rtexit.o ABSOLUTE
    ../clib/angel/kernel.s                   0x00000000   Number         0  rtexit2.o ABSOLUTE
    ../clib/angel/rt.s                       0x00000000   Number         0  aeabi_idiv0.o ABSOLUTE
    ../clib/angel/rt.s                       0x00000000   Number         0  aeabi_idiv0_sigfpe.o ABSOLUTE
    ../clib/angel/rt.s                       0x00000000   Number         0  rt_div0.o ABSOLUTE
    ../clib/angel/rt.s                       0x00000000   Number         0  rt_raise.o ABSOLUTE
    ../clib/angel/scatterp.s                 0x00000000   Number         0  __scatter.o ABSOLUTE
    ../clib/angel/startup.s                  0x00000000   Number         0  __main.o ABSOLUTE
    ../clib/angel/sys.s                      0x00000000   Number         0  sys_stackheap_outer.o ABSOLUTE
    ../clib/angel/sys.s                      0x00000000   Number         0  libspace.o ABSOLUTE
    ../clib/angel/sys.s                      0x00000000   Number         0  tempstk.o ABSOLUTE
    ../clib/angel/sys.s                      0x00000000   Number         0  use_no_semi.o ABSOLUTE
    ../clib/angel/sys.s                      0x00000000   Number         0  indicate_semi.o ABSOLUTE
    ../clib/angel/sysapp.c                   0x00000000   Number         0  sys_wrch.o ABSOLUTE
    ../clib/angel/sysapp.c                   0x00000000   Number         0  sys_wrch_hlt.o ABSOLUTE
    ../clib/angel/sysapp.c                   0x00000000   Number         0  sys_command.o ABSOLUTE
    ../clib/angel/sysapp.c                   0x00000000   Number         0  sys_command_hlt.o ABSOLUTE
    ../clib/armsys.c                         0x00000000   Number         0  argv_veneer.o ABSOLUTE
    ../clib/armsys.c                         0x00000000   Number         0  _get_argv_nomalloc.o ABSOLUTE
    ../clib/armsys.c                         0x00000000   Number         0  no_argv.o ABSOLUTE
    ../clib/division.s                       0x00000000   Number         0  aeabi_sdiv.o ABSOLUTE
    ../clib/division.s                       0x00000000   Number         0  aeabi_sdiv_div0.o ABSOLUTE
    ../clib/heapalloc.c                      0x00000000   Number         0  hrguard.o ABSOLUTE
    ../clib/heapaux.c                        0x00000000   Number         0  heapauxi.o ABSOLUTE
    ../clib/libinit.s                        0x00000000   Number         0  libinit.o ABSOLUTE
    ../clib/libinit.s                        0x00000000   Number         0  libinit2.o ABSOLUTE
    ../clib/libinit.s                        0x00000000   Number         0  libshutdown.o ABSOLUTE
    ../clib/libinit.s                        0x00000000   Number         0  libshutdown2.o ABSOLUTE
    ../clib/signal.c                         0x00000000   Number         0  defsig_fpe_outer.o ABSOLUTE
    ../clib/signal.c                         0x00000000   Number         0  defsig_fpe_formal.o ABSOLUTE
    ../clib/signal.c                         0x00000000   Number         0  defsig_exit.o ABSOLUTE
    ../clib/signal.c                         0x00000000   Number         0  defsig_fpe_inner.o ABSOLUTE
    ../clib/signal.c                         0x00000000   Number         0  __raise.o ABSOLUTE
    ../clib/signal.c                         0x00000000   Number         0  defsig_general.o ABSOLUTE
    ../clib/signal.c                         0x00000000   Number         0  defsig_abrt_inner.o ABSOLUTE
    ../clib/signal.c                         0x00000000   Number         0  defsig_rtred_inner.o ABSOLUTE
    ../clib/signal.c                         0x00000000   Number         0  defsig_rtmem_inner.o ABSOLUTE
    ../clib/signal.c                         0x00000000   Number         0  defsig_rtmem_outer.o ABSOLUTE
    ../clib/signal.c                         0x00000000   Number         0  defsig_rtmem_formal.o ABSOLUTE
    ../clib/signal.c                         0x00000000   Number         0  defsig_stak_inner.o ABSOLUTE
    ../clib/signal.c                         0x00000000   Number         0  defsig_pvfn_inner.o ABSOLUTE
    ../clib/signal.c                         0x00000000   Number         0  defsig_cppl_inner.o ABSOLUTE
    ../clib/signal.c                         0x00000000   Number         0  defsig_segv_inner.o ABSOLUTE
    ../clib/signal.c                         0x00000000   Number         0  defsig_other.o ABSOLUTE
    ../clib/signal.s                         0x00000000   Number         0  defsig.o ABSOLUTE
    ../clib/stdlib.c                         0x00000000   Number         0  exit.o ABSOLUTE
    ../fplib/cfplib/fpinit.c                 0x00000000   Number         0  fpinit.o ABSOLUTE
    dc.s                                     0x00000000   Number         0  dc.o ABSOLUTE
    delay.c                                  0x00000000   Number         0  delay.o ABSOLUTE
    dl_adc12.c                               0x00000000   Number         0  dl_adc12.o ABSOLUTE
    dl_aes.c                                 0x00000000   Number         0  dl_aes.o ABSOLUTE
    dl_aesadv.c                              0x00000000   Number         0  dl_aesadv.o ABSOLUTE
    dl_common.c                              0x00000000   Number         0  dl_common.o ABSOLUTE
    dl_crc.c                                 0x00000000   Number         0  dl_crc.o ABSOLUTE
    dl_crcp.c                                0x00000000   Number         0  dl_crcp.o ABSOLUTE
    dl_dac12.c                               0x00000000   Number         0  dl_dac12.o ABSOLUTE
    dl_dma.c                                 0x00000000   Number         0  dl_dma.o ABSOLUTE
    dl_flashctl.c                            0x00000000   Number         0  dl_flashctl.o ABSOLUTE
    dl_i2c.c                                 0x00000000   Number         0  dl_i2c.o ABSOLUTE
    dl_keystorectl.c                         0x00000000   Number         0  dl_keystorectl.o ABSOLUTE
    dl_lcd.c                                 0x00000000   Number         0  dl_lcd.o ABSOLUTE
    dl_lfss.c                                0x00000000   Number         0  dl_lfss.o ABSOLUTE
    dl_mathacl.c                             0x00000000   Number         0  dl_mathacl.o ABSOLUTE
    dl_mcan.c                                0x00000000   Number         0  dl_mcan.o ABSOLUTE
    dl_opa.c                                 0x00000000   Number         0  dl_opa.o ABSOLUTE
    dl_rtc_common.c                          0x00000000   Number         0  dl_rtc_common.o ABSOLUTE
    dl_spi.c                                 0x00000000   Number         0  dl_spi.o ABSOLUTE
    dl_timer.c                               0x00000000   Number         0  dl_timer.o ABSOLUTE
    dl_trng.c                                0x00000000   Number         0  dl_trng.o ABSOLUTE
    dl_uart.c                                0x00000000   Number         0  dl_uart.o ABSOLUTE
    dl_vref.c                                0x00000000   Number         0  dl_vref.o ABSOLUTE
    empty.c                                  0x00000000   Number         0  empty.o ABSOLUTE
    startup_mspm0g350x_uvision.s             0x00000000   Number         0  startup_mspm0g350x_uvision.o ABSOLUTE
    ti_msp_dl_config.c                       0x00000000   Number         0  ti_msp_dl_config.o ABSOLUTE
    usart.c                                  0x00000000   Number         0  usart.o ABSOLUTE
    RESET                                    0x00000000   Section      192  startup_mspm0g350x_uvision.o(RESET)
    !!!main                                  0x000000c0   Section        8  __main.o(!!!main)
    !!!scatter                               0x000000c8   Section       60  __scatter.o(!!!scatter)
    !!handler_zi                             0x00000108   Section       28  __scatter_zi.o(!!handler_zi)
    .ARM.Collect$$libinit$$00000000          0x00000124   Section        2  libinit.o(.ARM.Collect$$libinit$$00000000)
    .ARM.Collect$$libinit$$00000002          0x00000126   Section        0  libinit2.o(.ARM.Collect$$libinit$$00000002)
    .ARM.Collect$$libinit$$00000004          0x00000126   Section        0  libinit2.o(.ARM.Collect$$libinit$$00000004)
    .ARM.Collect$$libinit$$00000006          0x00000126   Section        0  libinit2.o(.ARM.Collect$$libinit$$00000006)
    .ARM.Collect$$libinit$$0000000C          0x00000126   Section        0  libinit2.o(.ARM.Collect$$libinit$$0000000C)
    .ARM.Collect$$libinit$$0000000E          0x00000126   Section        0  libinit2.o(.ARM.Collect$$libinit$$0000000E)
    .ARM.Collect$$libinit$$00000010          0x00000126   Section        0  libinit2.o(.ARM.Collect$$libinit$$00000010)
    .ARM.Collect$$libinit$$00000013          0x00000126   Section        0  libinit2.o(.ARM.Collect$$libinit$$00000013)
    .ARM.Collect$$libinit$$00000015          0x00000126   Section        0  libinit2.o(.ARM.Collect$$libinit$$00000015)
    .ARM.Collect$$libinit$$00000017          0x00000126   Section        0  libinit2.o(.ARM.Collect$$libinit$$00000017)
    .ARM.Collect$$libinit$$00000019          0x00000126   Section        0  libinit2.o(.ARM.Collect$$libinit$$00000019)
    .ARM.Collect$$libinit$$0000001B          0x00000126   Section        0  libinit2.o(.ARM.Collect$$libinit$$0000001B)
    .ARM.Collect$$libinit$$0000001D          0x00000126   Section        0  libinit2.o(.ARM.Collect$$libinit$$0000001D)
    .ARM.Collect$$libinit$$0000001F          0x00000126   Section        0  libinit2.o(.ARM.Collect$$libinit$$0000001F)
    .ARM.Collect$$libinit$$00000021          0x00000126   Section        0  libinit2.o(.ARM.Collect$$libinit$$00000021)
    .ARM.Collect$$libinit$$00000023          0x00000126   Section        0  libinit2.o(.ARM.Collect$$libinit$$00000023)
    .ARM.Collect$$libinit$$00000025          0x00000126   Section        0  libinit2.o(.ARM.Collect$$libinit$$00000025)
    .ARM.Collect$$libinit$$00000027          0x00000126   Section        0  libinit2.o(.ARM.Collect$$libinit$$00000027)
    .ARM.Collect$$libinit$$0000002E          0x00000126   Section        0  libinit2.o(.ARM.Collect$$libinit$$0000002E)
    .ARM.Collect$$libinit$$00000030          0x00000126   Section        0  libinit2.o(.ARM.Collect$$libinit$$00000030)
    .ARM.Collect$$libinit$$00000032          0x00000126   Section        0  libinit2.o(.ARM.Collect$$libinit$$00000032)
    .ARM.Collect$$libinit$$00000034          0x00000126   Section        0  libinit2.o(.ARM.Collect$$libinit$$00000034)
    .ARM.Collect$$libinit$$00000035          0x00000126   Section        2  libinit2.o(.ARM.Collect$$libinit$$00000035)
    .ARM.Collect$$libshutdown$$00000000      0x00000128   Section        2  libshutdown.o(.ARM.Collect$$libshutdown$$00000000)
    .ARM.Collect$$libshutdown$$00000002      0x0000012a   Section        0  libshutdown2.o(.ARM.Collect$$libshutdown$$00000002)
    .ARM.Collect$$libshutdown$$00000004      0x0000012a   Section        0  libshutdown2.o(.ARM.Collect$$libshutdown$$00000004)
    .ARM.Collect$$libshutdown$$00000007      0x0000012a   Section        0  libshutdown2.o(.ARM.Collect$$libshutdown$$00000007)
    .ARM.Collect$$libshutdown$$0000000A      0x0000012a   Section        0  libshutdown2.o(.ARM.Collect$$libshutdown$$0000000A)
    .ARM.Collect$$libshutdown$$0000000C      0x0000012a   Section        0  libshutdown2.o(.ARM.Collect$$libshutdown$$0000000C)
    .ARM.Collect$$libshutdown$$0000000F      0x0000012a   Section        0  libshutdown2.o(.ARM.Collect$$libshutdown$$0000000F)
    .ARM.Collect$$libshutdown$$00000010      0x0000012a   Section        2  libshutdown2.o(.ARM.Collect$$libshutdown$$00000010)
    .ARM.Collect$$rtentry$$00000000          0x0000012c   Section        0  __rtentry.o(.ARM.Collect$$rtentry$$00000000)
    .ARM.Collect$$rtentry$$00000002          0x0000012c   Section        0  __rtentry2.o(.ARM.Collect$$rtentry$$00000002)
    .ARM.Collect$$rtentry$$00000004          0x0000012c   Section        6  __rtentry4.o(.ARM.Collect$$rtentry$$00000004)
    .ARM.Collect$$rtentry$$00000009          0x00000132   Section        0  __rtentry2.o(.ARM.Collect$$rtentry$$00000009)
    .ARM.Collect$$rtentry$$0000000A          0x00000132   Section        4  __rtentry2.o(.ARM.Collect$$rtentry$$0000000A)
    .ARM.Collect$$rtentry$$0000000C          0x00000136   Section        0  __rtentry2.o(.ARM.Collect$$rtentry$$0000000C)
    .ARM.Collect$$rtentry$$0000000D          0x00000136   Section        8  __rtentry2.o(.ARM.Collect$$rtentry$$0000000D)
    .ARM.Collect$$rtexit$$00000000           0x0000013e   Section        2  rtexit.o(.ARM.Collect$$rtexit$$00000000)
    .ARM.Collect$$rtexit$$00000002           0x00000140   Section        0  rtexit2.o(.ARM.Collect$$rtexit$$00000002)
    .ARM.Collect$$rtexit$$00000003           0x00000140   Section        4  rtexit2.o(.ARM.Collect$$rtexit$$00000003)
    .ARM.Collect$$rtexit$$00000004           0x00000144   Section        6  rtexit2.o(.ARM.Collect$$rtexit$$00000004)
    .text                                    0x0000014c   Section       44  startup_mspm0g350x_uvision.o(.text)
    .text                                    0x00000178   Section      364  aeabi_sdiv.o(.text)
    .text                                    0x000002e4   Section        0  heapauxi.o(.text)
    .text                                    0x000002ea   Section       62  sys_stackheap_outer.o(.text)
    .text                                    0x00000328   Section        0  exit.o(.text)
    .text                                    0x00000338   Section        8  libspace.o(.text)
    [Anonymous Symbol]                       0x00000340   Section        0  dl_common.o(.text.DL_Common_delayCycles)
    DL_Common_updateReg                      0x00000355   Thumb Code    40  ti_msp_dl_config.o(.text.DL_Common_updateReg)
    [Anonymous Symbol]                       0x00000354   Section        0  ti_msp_dl_config.o(.text.DL_Common_updateReg)
    DL_Common_updateReg                      0x0000037d   Thumb Code    40  dl_uart.o(.text.DL_Common_updateReg)
    [Anonymous Symbol]                       0x0000037c   Section        0  dl_uart.o(.text.DL_Common_updateReg)
    DL_GPIO_enablePower                      0x000003a5   Thumb Code    20  ti_msp_dl_config.o(.text.DL_GPIO_enablePower)
    [Anonymous Symbol]                       0x000003a4   Section        0  ti_msp_dl_config.o(.text.DL_GPIO_enablePower)
    DL_GPIO_initPeripheralInputFunction      0x000003b9   Thumb Code    24  ti_msp_dl_config.o(.text.DL_GPIO_initPeripheralInputFunction)
    [Anonymous Symbol]                       0x000003b8   Section        0  ti_msp_dl_config.o(.text.DL_GPIO_initPeripheralInputFunction)
    __arm_cp.11_0                            0x000003d0   Number         4  ti_msp_dl_config.o(.text.DL_GPIO_initPeripheralInputFunction)
    DL_GPIO_initPeripheralOutputFunction     0x000003d5   Thumb Code    24  ti_msp_dl_config.o(.text.DL_GPIO_initPeripheralOutputFunction)
    [Anonymous Symbol]                       0x000003d4   Section        0  ti_msp_dl_config.o(.text.DL_GPIO_initPeripheralOutputFunction)
    __arm_cp.10_0                            0x000003ec   Number         4  ti_msp_dl_config.o(.text.DL_GPIO_initPeripheralOutputFunction)
    DL_GPIO_reset                            0x000003f1   Thumb Code    16  ti_msp_dl_config.o(.text.DL_GPIO_reset)
    [Anonymous Symbol]                       0x000003f0   Section        0  ti_msp_dl_config.o(.text.DL_GPIO_reset)
    DL_SYSCTL_disableHFXT                    0x00000401   Thumb Code    12  ti_msp_dl_config.o(.text.DL_SYSCTL_disableHFXT)
    [Anonymous Symbol]                       0x00000400   Section        0  ti_msp_dl_config.o(.text.DL_SYSCTL_disableHFXT)
    DL_SYSCTL_disableSYSPLL                  0x0000040d   Thumb Code    16  ti_msp_dl_config.o(.text.DL_SYSCTL_disableSYSPLL)
    [Anonymous Symbol]                       0x0000040c   Section        0  ti_msp_dl_config.o(.text.DL_SYSCTL_disableSYSPLL)
    __arm_cp.15_0                            0x0000041c   Number         4  ti_msp_dl_config.o(.text.DL_SYSCTL_disableSYSPLL)
    DL_SYSCTL_enableMFCLK                    0x00000421   Thumb Code    16  ti_msp_dl_config.o(.text.DL_SYSCTL_enableMFCLK)
    [Anonymous Symbol]                       0x00000420   Section        0  ti_msp_dl_config.o(.text.DL_SYSCTL_enableMFCLK)
    __arm_cp.16_0                            0x00000430   Number         4  ti_msp_dl_config.o(.text.DL_SYSCTL_enableMFCLK)
    DL_SYSCTL_setBORThreshold                0x00000435   Thumb Code    20  ti_msp_dl_config.o(.text.DL_SYSCTL_setBORThreshold)
    [Anonymous Symbol]                       0x00000434   Section        0  ti_msp_dl_config.o(.text.DL_SYSCTL_setBORThreshold)
    __arm_cp.12_0                            0x00000448   Number         4  ti_msp_dl_config.o(.text.DL_SYSCTL_setBORThreshold)
    DL_SYSCTL_setSYSOSCFreq                  0x0000044d   Thumb Code    24  ti_msp_dl_config.o(.text.DL_SYSCTL_setSYSOSCFreq)
    [Anonymous Symbol]                       0x0000044c   Section        0  ti_msp_dl_config.o(.text.DL_SYSCTL_setSYSOSCFreq)
    __arm_cp.13_0                            0x00000464   Number         4  ti_msp_dl_config.o(.text.DL_SYSCTL_setSYSOSCFreq)
    DL_UART_disable                          0x00000469   Thumb Code    22  dl_uart.o(.text.DL_UART_disable)
    [Anonymous Symbol]                       0x00000468   Section        0  dl_uart.o(.text.DL_UART_disable)
    DL_UART_enable                           0x0000047f   Thumb Code    22  ti_msp_dl_config.o(.text.DL_UART_enable)
    [Anonymous Symbol]                       0x0000047e   Section        0  ti_msp_dl_config.o(.text.DL_UART_enable)
    DL_UART_enableInterrupt                  0x00000495   Thumb Code    24  ti_msp_dl_config.o(.text.DL_UART_enableInterrupt)
    [Anonymous Symbol]                       0x00000494   Section        0  ti_msp_dl_config.o(.text.DL_UART_enableInterrupt)
    __arm_cp.19_0                            0x000004ac   Number         4  ti_msp_dl_config.o(.text.DL_UART_enableInterrupt)
    DL_UART_enablePower                      0x000004b1   Thumb Code    20  ti_msp_dl_config.o(.text.DL_UART_enablePower)
    [Anonymous Symbol]                       0x000004b0   Section        0  ti_msp_dl_config.o(.text.DL_UART_enablePower)
    __arm_cp.9_0                             0x000004c4   Number         4  ti_msp_dl_config.o(.text.DL_UART_enablePower)
    DL_UART_getPendingInterrupt              0x000004c9   Thumb Code    18  usart.o(.text.DL_UART_getPendingInterrupt)
    [Anonymous Symbol]                       0x000004c8   Section        0  usart.o(.text.DL_UART_getPendingInterrupt)
    [Anonymous Symbol]                       0x000004dc   Section        0  dl_uart.o(.text.DL_UART_init)
    __arm_cp.0_0                             0x00000520   Number         4  dl_uart.o(.text.DL_UART_init)
    DL_UART_isBusy                           0x00000525   Thumb Code    20  usart.o(.text.DL_UART_isBusy)
    [Anonymous Symbol]                       0x00000524   Section        0  usart.o(.text.DL_UART_isBusy)
    __arm_cp.4_0                             0x00000538   Number         4  usart.o(.text.DL_UART_isBusy)
    DL_UART_receiveData                      0x0000053d   Thumb Code    16  usart.o(.text.DL_UART_receiveData)
    [Anonymous Symbol]                       0x0000053c   Section        0  usart.o(.text.DL_UART_receiveData)
    __arm_cp.10_0                            0x0000054c   Number         4  usart.o(.text.DL_UART_receiveData)
    DL_UART_reset                            0x00000551   Thumb Code    16  ti_msp_dl_config.o(.text.DL_UART_reset)
    [Anonymous Symbol]                       0x00000550   Section        0  ti_msp_dl_config.o(.text.DL_UART_reset)
    __arm_cp.7_0                             0x00000560   Number         4  ti_msp_dl_config.o(.text.DL_UART_reset)
    __arm_cp.7_1                             0x00000564   Number         4  ti_msp_dl_config.o(.text.DL_UART_reset)
    DL_UART_setBaudRateDivisor               0x00000569   Thumb Code    60  ti_msp_dl_config.o(.text.DL_UART_setBaudRateDivisor)
    [Anonymous Symbol]                       0x00000568   Section        0  ti_msp_dl_config.o(.text.DL_UART_setBaudRateDivisor)
    __arm_cp.18_0                            0x000005a4   Number         4  ti_msp_dl_config.o(.text.DL_UART_setBaudRateDivisor)
    __arm_cp.18_1                            0x000005a8   Number         4  ti_msp_dl_config.o(.text.DL_UART_setBaudRateDivisor)
    __arm_cp.18_2                            0x000005ac   Number         4  ti_msp_dl_config.o(.text.DL_UART_setBaudRateDivisor)
    __arm_cp.18_3                            0x000005b0   Number         4  ti_msp_dl_config.o(.text.DL_UART_setBaudRateDivisor)
    [Anonymous Symbol]                       0x000005b4   Section        0  dl_uart.o(.text.DL_UART_setClockConfig)
    __arm_cp.3_0                             0x000005d4   Number         4  dl_uart.o(.text.DL_UART_setClockConfig)
    DL_UART_setOversampling                  0x000005d9   Thumb Code    30  ti_msp_dl_config.o(.text.DL_UART_setOversampling)
    [Anonymous Symbol]                       0x000005d8   Section        0  ti_msp_dl_config.o(.text.DL_UART_setOversampling)
    DL_UART_transmitData                     0x000005f7   Thumb Code    22  usart.o(.text.DL_UART_transmitData)
    [Anonymous Symbol]                       0x000005f6   Section        0  usart.o(.text.DL_UART_transmitData)
    [Anonymous Symbol]                       0x0000060c   Section        0  ti_msp_dl_config.o(.text.SYSCFG_DL_GPIO_init)
    [Anonymous Symbol]                       0x00000626   Section        0  ti_msp_dl_config.o(.text.SYSCFG_DL_SYSCTL_init)
    [Anonymous Symbol]                       0x00000648   Section        0  ti_msp_dl_config.o(.text.SYSCFG_DL_SYSTICK_init)
    [Anonymous Symbol]                       0x00000654   Section        0  ti_msp_dl_config.o(.text.SYSCFG_DL_UART_0_init)
    __arm_cp.4_0                             0x00000690   Number         4  ti_msp_dl_config.o(.text.SYSCFG_DL_UART_0_init)
    __arm_cp.4_2                             0x00000694   Number         4  ti_msp_dl_config.o(.text.SYSCFG_DL_UART_0_init)
    [Anonymous Symbol]                       0x00000698   Section        0  ti_msp_dl_config.o(.text.SYSCFG_DL_init)
    [Anonymous Symbol]                       0x000006b0   Section        0  ti_msp_dl_config.o(.text.SYSCFG_DL_initPower)
    __arm_cp.1_0                             0x000006e8   Number         4  ti_msp_dl_config.o(.text.SYSCFG_DL_initPower)
    __arm_cp.1_1                             0x000006ec   Number         4  ti_msp_dl_config.o(.text.SYSCFG_DL_initPower)
    SysTick_Config                           0x000006f1   Thumb Code    68  ti_msp_dl_config.o(.text.SysTick_Config)
    [Anonymous Symbol]                       0x000006f0   Section        0  ti_msp_dl_config.o(.text.SysTick_Config)
    __arm_cp.21_2                            0x00000734   Number         4  ti_msp_dl_config.o(.text.SysTick_Config)
    [Anonymous Symbol]                       0x00000738   Section        0  delay.o(.text.SysTick_Handler)
    __arm_cp.2_0                             0x00000750   Number         4  delay.o(.text.SysTick_Handler)
    [Anonymous Symbol]                       0x00000754   Section        0  usart.o(.text.UART0_IRQHandler)
    __arm_cp.8_1                             0x000007a4   Number         4  usart.o(.text.UART0_IRQHandler)
    __arm_cp.8_2                             0x000007a8   Number         4  usart.o(.text.UART0_IRQHandler)
    __arm_cp.8_3                             0x000007ac   Number         4  usart.o(.text.UART0_IRQHandler)
    [Anonymous Symbol]                       0x000007b0   Section        0  empty.o(.text.UART_Servo)
    __arm_cp.0_0                             0x00000848   Number         4  empty.o(.text.UART_Servo)
    __arm_cp.0_1                             0x0000084c   Number         4  empty.o(.text.UART_Servo)
    __arm_cp.0_2                             0x00000850   Number         4  empty.o(.text.UART_Servo)
    [Anonymous Symbol]                       0x00000854   Section        0  usart.o(.text.USART_Init)
    [Anonymous Symbol]                       0x00000870   Section        0  usart.o(.text.USART_SendData)
    __arm_cp.3_0                             0x00000898   Number         4  usart.o(.text.USART_SendData)
    __NVIC_ClearPendingIRQ                   0x0000089d   Thumb Code    40  usart.o(.text.__NVIC_ClearPendingIRQ)
    [Anonymous Symbol]                       0x0000089c   Section        0  usart.o(.text.__NVIC_ClearPendingIRQ)
    __arm_cp.1_0                             0x000008c4   Number         4  usart.o(.text.__NVIC_ClearPendingIRQ)
    __NVIC_EnableIRQ                         0x000008c9   Thumb Code    40  usart.o(.text.__NVIC_EnableIRQ)
    [Anonymous Symbol]                       0x000008c8   Section        0  usart.o(.text.__NVIC_EnableIRQ)
    __arm_cp.2_0                             0x000008f0   Number         4  usart.o(.text.__NVIC_EnableIRQ)
    __NVIC_SetPriority                       0x000008f5   Thumb Code   124  ti_msp_dl_config.o(.text.__NVIC_SetPriority)
    [Anonymous Symbol]                       0x000008f4   Section        0  ti_msp_dl_config.o(.text.__NVIC_SetPriority)
    __arm_cp.23_0                            0x00000970   Number         4  ti_msp_dl_config.o(.text.__NVIC_SetPriority)
    __arm_cp.23_1                            0x00000974   Number         4  ti_msp_dl_config.o(.text.__NVIC_SetPriority)
    [Anonymous Symbol]                       0x00000978   Section        0  usart.o(.text._sys_exit)
    [Anonymous Symbol]                       0x00000980   Section        0  delay.o(.text.delay_ms)
    [Anonymous Symbol]                       0x00000998   Section        0  delay.o(.text.delay_us)
    __arm_cp.0_0                             0x00000a04   Number         4  delay.o(.text.delay_us)
    __arm_cp.0_1                             0x00000a08   Number         4  delay.o(.text.delay_us)
    [Anonymous Symbol]                       0x00000a0c   Section        0  empty.o(.text.main)
    __arm_cp.1_0                             0x00000a58   Number         4  empty.o(.text.main)
    gUART_0ClockConfig                       0x00000a5c   Data           2  ti_msp_dl_config.o(.rodata.gUART_0ClockConfig)
    [Anonymous Symbol]                       0x00000a5c   Section        0  ti_msp_dl_config.o(.rodata.gUART_0ClockConfig)
    gUART_0Config                            0x00000a5e   Data          10  ti_msp_dl_config.o(.rodata.gUART_0Config)
    [Anonymous Symbol]                       0x00000a5e   Section        0  ti_msp_dl_config.o(.rodata.gUART_0Config)
    .bss                                     0x20200000   Section       96  libspace.o(.bss)
    Heap_Mem                                 0x202000f0   Data           0  startup_mspm0g350x_uvision.o(HEAP)
    Stack_Mem                                0x202000f0   Data         512  startup_mspm0g350x_uvision.o(STACK)
    HEAP                                     0x202000f0   Section        0  startup_mspm0g350x_uvision.o(HEAP)
    STACK                                    0x202000f0   Section      512  startup_mspm0g350x_uvision.o(STACK)
    __initial_sp                             0x202002f0   Data           0  startup_mspm0g350x_uvision.o(STACK)

    Global Symbols

    Symbol Name                              Value     Ov Type        Size  Object(Section)

    BuildAttributes$$THM_ISAv3M$S$PE$A:L22$X:L11$S22$IEEE1$IW$~IW$USESV6$~STKCKD$USESV7$~SHL$OSPACE$ROPI$EBA8$UX$STANDARDLIB$REQ8$PRES8$EABIv2 0x00000000   Number         0  anon$$obj.o ABSOLUTE
    __Vectors                                0x00000000   Data           4  startup_mspm0g350x_uvision.o(RESET)
    __ARM_exceptions_init                     - Undefined Weak Reference
    __alloca_initialize                       - Undefined Weak Reference
    __arm_preinit_                            - Undefined Weak Reference
    __arm_relocate_pie_                       - Undefined Weak Reference
    __cpp_initialize__aeabi_                  - Undefined Weak Reference
    __cxa_finalize                            - Undefined Weak Reference
    __rt_locale                               - Undefined Weak Reference
    __sigvec_lookup                           - Undefined Weak Reference
    _atexit_init                              - Undefined Weak Reference
    _call_atexit_fns                          - Undefined Weak Reference
    _clock_init                               - Undefined Weak Reference
    _fp_trap_init                             - Undefined Weak Reference
    _fp_trap_shutdown                         - Undefined Weak Reference
    _get_lc_collate                           - Undefined Weak Reference
    _get_lc_ctype                             - Undefined Weak Reference
    _get_lc_monetary                          - Undefined Weak Reference
    _get_lc_numeric                           - Undefined Weak Reference
    _get_lc_time                              - Undefined Weak Reference
    _getenv_init                              - Undefined Weak Reference
    _handle_redirection                       - Undefined Weak Reference
    _init_alloc                               - Undefined Weak Reference
    _init_user_alloc                          - Undefined Weak Reference
    _initio                                   - Undefined Weak Reference
    _rand_init                                - Undefined Weak Reference
    _signal_finish                            - Undefined Weak Reference
    _signal_init                              - Undefined Weak Reference
    _terminate_alloc                          - Undefined Weak Reference
    _terminate_user_alloc                     - Undefined Weak Reference
    _terminateio                              - Undefined Weak Reference
    __Vectors_End                            0x000000c0   Data           0  startup_mspm0g350x_uvision.o(RESET)
    __Vectors_Size                           0x000000c0   Number         0  startup_mspm0g350x_uvision.o ABSOLUTE
    __main                                   0x000000c1   Thumb Code     8  __main.o(!!!main)
    __scatterload                            0x000000c9   Thumb Code     0  __scatter.o(!!!scatter)
    __scatterload_rt2                        0x000000c9   Thumb Code    52  __scatter.o(!!!scatter)
    __scatterload_rt2_thumb_only             0x000000c9   Thumb Code     0  __scatter.o(!!!scatter)
    __scatterload_null                       0x000000d9   Thumb Code     0  __scatter.o(!!!scatter)
    __scatterload_zeroinit                   0x00000109   Thumb Code    28  __scatter_zi.o(!!handler_zi)
    __rt_lib_init                            0x00000125   Thumb Code     0  libinit.o(.ARM.Collect$$libinit$$00000000)
    __rt_lib_init_alloca_1                   0x00000127   Thumb Code     0  libinit2.o(.ARM.Collect$$libinit$$00000030)
    __rt_lib_init_argv_1                     0x00000127   Thumb Code     0  libinit2.o(.ARM.Collect$$libinit$$0000002E)
    __rt_lib_init_atexit_1                   0x00000127   Thumb Code     0  libinit2.o(.ARM.Collect$$libinit$$0000001D)
    __rt_lib_init_clock_1                    0x00000127   Thumb Code     0  libinit2.o(.ARM.Collect$$libinit$$00000023)
    __rt_lib_init_cpp_1                      0x00000127   Thumb Code     0  libinit2.o(.ARM.Collect$$libinit$$00000034)
    __rt_lib_init_exceptions_1               0x00000127   Thumb Code     0  libinit2.o(.ARM.Collect$$libinit$$00000032)
    __rt_lib_init_fp_1                       0x00000127   Thumb Code     0  libinit2.o(.ARM.Collect$$libinit$$00000002)
    __rt_lib_init_fp_trap_1                  0x00000127   Thumb Code     0  libinit2.o(.ARM.Collect$$libinit$$00000021)
    __rt_lib_init_getenv_1                   0x00000127   Thumb Code     0  libinit2.o(.ARM.Collect$$libinit$$00000025)
    __rt_lib_init_heap_1                     0x00000127   Thumb Code     0  libinit2.o(.ARM.Collect$$libinit$$0000000C)
    __rt_lib_init_lc_collate_1               0x00000127   Thumb Code     0  libinit2.o(.ARM.Collect$$libinit$$00000013)
    __rt_lib_init_lc_ctype_1                 0x00000127   Thumb Code     0  libinit2.o(.ARM.Collect$$libinit$$00000015)
    __rt_lib_init_lc_monetary_1              0x00000127   Thumb Code     0  libinit2.o(.ARM.Collect$$libinit$$00000017)
    __rt_lib_init_lc_numeric_1               0x00000127   Thumb Code     0  libinit2.o(.ARM.Collect$$libinit$$00000019)
    __rt_lib_init_lc_time_1                  0x00000127   Thumb Code     0  libinit2.o(.ARM.Collect$$libinit$$0000001B)
    __rt_lib_init_preinit_1                  0x00000127   Thumb Code     0  libinit2.o(.ARM.Collect$$libinit$$00000006)
    __rt_lib_init_rand_1                     0x00000127   Thumb Code     0  libinit2.o(.ARM.Collect$$libinit$$00000010)
    __rt_lib_init_relocate_pie_1             0x00000127   Thumb Code     0  libinit2.o(.ARM.Collect$$libinit$$00000004)
    __rt_lib_init_return                     0x00000127   Thumb Code     0  libinit2.o(.ARM.Collect$$libinit$$00000035)
    __rt_lib_init_signal_1                   0x00000127   Thumb Code     0  libinit2.o(.ARM.Collect$$libinit$$0000001F)
    __rt_lib_init_stdio_1                    0x00000127   Thumb Code     0  libinit2.o(.ARM.Collect$$libinit$$00000027)
    __rt_lib_init_user_alloc_1               0x00000127   Thumb Code     0  libinit2.o(.ARM.Collect$$libinit$$0000000E)
    __rt_lib_shutdown                        0x00000129   Thumb Code     0  libshutdown.o(.ARM.Collect$$libshutdown$$00000000)
    __rt_lib_shutdown_cpp_1                  0x0000012b   Thumb Code     0  libshutdown2.o(.ARM.Collect$$libshutdown$$00000002)
    __rt_lib_shutdown_fp_trap_1              0x0000012b   Thumb Code     0  libshutdown2.o(.ARM.Collect$$libshutdown$$00000007)
    __rt_lib_shutdown_heap_1                 0x0000012b   Thumb Code     0  libshutdown2.o(.ARM.Collect$$libshutdown$$0000000F)
    __rt_lib_shutdown_return                 0x0000012b   Thumb Code     0  libshutdown2.o(.ARM.Collect$$libshutdown$$00000010)
    __rt_lib_shutdown_signal_1               0x0000012b   Thumb Code     0  libshutdown2.o(.ARM.Collect$$libshutdown$$0000000A)
    __rt_lib_shutdown_stdio_1                0x0000012b   Thumb Code     0  libshutdown2.o(.ARM.Collect$$libshutdown$$00000004)
    __rt_lib_shutdown_user_alloc_1           0x0000012b   Thumb Code     0  libshutdown2.o(.ARM.Collect$$libshutdown$$0000000C)
    __rt_entry                               0x0000012d   Thumb Code     0  __rtentry.o(.ARM.Collect$$rtentry$$00000000)
    __rt_entry_presh_1                       0x0000012d   Thumb Code     0  __rtentry2.o(.ARM.Collect$$rtentry$$00000002)
    __rt_entry_sh                            0x0000012d   Thumb Code     0  __rtentry4.o(.ARM.Collect$$rtentry$$00000004)
    __rt_entry_li                            0x00000133   Thumb Code     0  __rtentry2.o(.ARM.Collect$$rtentry$$0000000A)
    __rt_entry_postsh_1                      0x00000133   Thumb Code     0  __rtentry2.o(.ARM.Collect$$rtentry$$00000009)
    __rt_entry_main                          0x00000137   Thumb Code     0  __rtentry2.o(.ARM.Collect$$rtentry$$0000000D)
    __rt_entry_postli_1                      0x00000137   Thumb Code     0  __rtentry2.o(.ARM.Collect$$rtentry$$0000000C)
    __rt_exit                                0x0000013f   Thumb Code     0  rtexit.o(.ARM.Collect$$rtexit$$00000000)
    __rt_exit_ls                             0x00000141   Thumb Code     0  rtexit2.o(.ARM.Collect$$rtexit$$00000003)
    __rt_exit_prels_1                        0x00000141   Thumb Code     0  rtexit2.o(.ARM.Collect$$rtexit$$00000002)
    __rt_exit_exit                           0x00000145   Thumb Code     0  rtexit2.o(.ARM.Collect$$rtexit$$00000004)
    Reset_Handler                            0x0000014d   Thumb Code     4  startup_mspm0g350x_uvision.o(.text)
    NMI_Handler                              0x00000151   Thumb Code     2  startup_mspm0g350x_uvision.o(.text)
    HardFault_Handler                        0x00000153   Thumb Code     2  startup_mspm0g350x_uvision.o(.text)
    SVC_Handler                              0x00000155   Thumb Code     2  startup_mspm0g350x_uvision.o(.text)
    PendSV_Handler                           0x00000157   Thumb Code     2  startup_mspm0g350x_uvision.o(.text)
    ADC0_IRQHandler                          0x0000015b   Thumb Code     0  startup_mspm0g350x_uvision.o(.text)
    ADC1_IRQHandler                          0x0000015b   Thumb Code     0  startup_mspm0g350x_uvision.o(.text)
    AES_IRQHandler                           0x0000015b   Thumb Code     0  startup_mspm0g350x_uvision.o(.text)
    CANFD0_IRQHandler                        0x0000015b   Thumb Code     0  startup_mspm0g350x_uvision.o(.text)
    DAC0_IRQHandler                          0x0000015b   Thumb Code     0  startup_mspm0g350x_uvision.o(.text)
    DMA_IRQHandler                           0x0000015b   Thumb Code     0  startup_mspm0g350x_uvision.o(.text)
    Default_Handler                          0x0000015b   Thumb Code     2  startup_mspm0g350x_uvision.o(.text)
    GROUP0_IRQHandler                        0x0000015b   Thumb Code     0  startup_mspm0g350x_uvision.o(.text)
    GROUP1_IRQHandler                        0x0000015b   Thumb Code     0  startup_mspm0g350x_uvision.o(.text)
    I2C0_IRQHandler                          0x0000015b   Thumb Code     0  startup_mspm0g350x_uvision.o(.text)
    I2C1_IRQHandler                          0x0000015b   Thumb Code     0  startup_mspm0g350x_uvision.o(.text)
    RTC_IRQHandler                           0x0000015b   Thumb Code     0  startup_mspm0g350x_uvision.o(.text)
    SPI0_IRQHandler                          0x0000015b   Thumb Code     0  startup_mspm0g350x_uvision.o(.text)
    SPI1_IRQHandler                          0x0000015b   Thumb Code     0  startup_mspm0g350x_uvision.o(.text)
    TIMA0_IRQHandler                         0x0000015b   Thumb Code     0  startup_mspm0g350x_uvision.o(.text)
    TIMA1_IRQHandler                         0x0000015b   Thumb Code     0  startup_mspm0g350x_uvision.o(.text)
    TIMG0_IRQHandler                         0x0000015b   Thumb Code     0  startup_mspm0g350x_uvision.o(.text)
    TIMG12_IRQHandler                        0x0000015b   Thumb Code     0  startup_mspm0g350x_uvision.o(.text)
    TIMG6_IRQHandler                         0x0000015b   Thumb Code     0  startup_mspm0g350x_uvision.o(.text)
    TIMG7_IRQHandler                         0x0000015b   Thumb Code     0  startup_mspm0g350x_uvision.o(.text)
    TIMG8_IRQHandler                         0x0000015b   Thumb Code     0  startup_mspm0g350x_uvision.o(.text)
    UART1_IRQHandler                         0x0000015b   Thumb Code     0  startup_mspm0g350x_uvision.o(.text)
    UART2_IRQHandler                         0x0000015b   Thumb Code     0  startup_mspm0g350x_uvision.o(.text)
    UART3_IRQHandler                         0x0000015b   Thumb Code     0  startup_mspm0g350x_uvision.o(.text)
    __user_initial_stackheap                 0x0000015d   Thumb Code    10  startup_mspm0g350x_uvision.o(.text)
    __aeabi_uidiv                            0x00000179   Thumb Code     0  aeabi_sdiv.o(.text)
    __aeabi_uidivmod                         0x00000179   Thumb Code    20  aeabi_sdiv.o(.text)
    __aeabi_idiv                             0x0000018d   Thumb Code     0  aeabi_sdiv.o(.text)
    __aeabi_idivmod                          0x0000018d   Thumb Code   338  aeabi_sdiv.o(.text)
    __use_two_region_memory                  0x000002e5   Thumb Code     2  heapauxi.o(.text)
    __rt_heap_escrow$2region                 0x000002e7   Thumb Code     2  heapauxi.o(.text)
    __rt_heap_expand$2region                 0x000002e9   Thumb Code     2  heapauxi.o(.text)
    __user_setup_stackheap                   0x000002eb   Thumb Code    62  sys_stackheap_outer.o(.text)
    exit                                     0x00000329   Thumb Code    16  exit.o(.text)
    __user_libspace                          0x00000339   Thumb Code     8  libspace.o(.text)
    __user_perproc_libspace                  0x00000339   Thumb Code     0  libspace.o(.text)
    __user_perthread_libspace                0x00000339   Thumb Code     0  libspace.o(.text)
    DL_Common_delayCycles                    0x00000341   Thumb Code    20  dl_common.o(.text.DL_Common_delayCycles)
    DL_UART_init                             0x000004dd   Thumb Code    68  dl_uart.o(.text.DL_UART_init)
    DL_UART_setClockConfig                   0x000005b5   Thumb Code    32  dl_uart.o(.text.DL_UART_setClockConfig)
    SYSCFG_DL_GPIO_init                      0x0000060d   Thumb Code    26  ti_msp_dl_config.o(.text.SYSCFG_DL_GPIO_init)
    SYSCFG_DL_SYSCTL_init                    0x00000627   Thumb Code    34  ti_msp_dl_config.o(.text.SYSCFG_DL_SYSCTL_init)
    SYSCFG_DL_SYSTICK_init                   0x00000649   Thumb Code    12  ti_msp_dl_config.o(.text.SYSCFG_DL_SYSTICK_init)
    SYSCFG_DL_UART_0_init                    0x00000655   Thumb Code    60  ti_msp_dl_config.o(.text.SYSCFG_DL_UART_0_init)
    SYSCFG_DL_init                           0x00000699   Thumb Code    24  ti_msp_dl_config.o(.text.SYSCFG_DL_init)
    SYSCFG_DL_initPower                      0x000006b1   Thumb Code    56  ti_msp_dl_config.o(.text.SYSCFG_DL_initPower)
    SysTick_Handler                          0x00000739   Thumb Code    24  delay.o(.text.SysTick_Handler)
    UART0_IRQHandler                         0x00000755   Thumb Code    80  usart.o(.text.UART0_IRQHandler)
    UART_Servo                               0x000007b1   Thumb Code   152  empty.o(.text.UART_Servo)
    USART_Init                               0x00000855   Thumb Code    26  usart.o(.text.USART_Init)
    USART_SendData                           0x00000871   Thumb Code    40  usart.o(.text.USART_SendData)
    _sys_exit                                0x00000979   Thumb Code     8  usart.o(.text._sys_exit)
    delay_ms                                 0x00000981   Thumb Code    22  delay.o(.text.delay_ms)
    delay_us                                 0x00000999   Thumb Code   108  delay.o(.text.delay_us)
    main                                     0x00000a0d   Thumb Code    76  empty.o(.text.main)
    Region$$Table$$Base                      0x00000a68   Number         0  anon$$obj.o(Region$$Table)
    Region$$Table$$Limit                     0x00000a78   Number         0  anon$$obj.o(Region$$Table)
    __libspace_start                         0x20200000   Data          96  libspace.o(.bss)
    __temporary_stack_top$libspace           0x20200060   Data           0  libspace.o(.bss)
    date1                                    0x20200060   Data           1  empty.o(.bss.date1)
    date2                                    0x20200061   Data           1  empty.o(.bss.date2)
    date3                                    0x20200062   Data           1  empty.o(.bss.date3)
    delay_times                              0x20200064   Data           4  delay.o(.bss.delay_times)
    i                                        0x20200068   Data           4  empty.o(.bss.i)
    recv0_buff                               0x2020006c   Data         128  usart.o(.bss.recv0_buff)
    recv0_flag                               0x202000ec   Data           1  usart.o(.bss.recv0_flag)
    recv0_length                             0x202000ee   Data           2  usart.o(.bss.recv0_length)



==============================================================================

Memory Map of the image

  Image Entry point : 0x000000c1

  Load Region LR_IROM1 (Base: 0x00000000, Size: 0x00000a78, Max: 0x00020000, ABSOLUTE)

    Execution Region ER_IROM1 (Exec base: 0x00000000, Load base: 0x00000000, Size: 0x00000a78, Max: 0x00020000, ABSOLUTE)

    Exec Addr    Load Addr    Size         Type   Attr      Idx    E Section Name        Object

    0x00000000   0x00000000   0x000000c0   Data   RO           19    RESET               startup_mspm0g350x_uvision.o
    0x000000c0   0x000000c0   0x00000008   Code   RO         1252  * !!!main             c_p.l(__main.o)
    0x000000c8   0x000000c8   0x0000003c   Code   RO         1425    !!!scatter          c_p.l(__scatter.o)
    0x00000104   0x00000104   0x00000004   PAD
    0x00000108   0x00000108   0x0000001c   Code   RO         1427    !!handler_zi        c_p.l(__scatter_zi.o)
    0x00000124   0x00000124   0x00000002   Code   RO         1290    .ARM.Collect$$libinit$$00000000  c_p.l(libinit.o)
    0x00000126   0x00000126   0x00000000   Code   RO         1304    .ARM.Collect$$libinit$$00000002  c_p.l(libinit2.o)
    0x00000126   0x00000126   0x00000000   Code   RO         1306    .ARM.Collect$$libinit$$00000004  c_p.l(libinit2.o)
    0x00000126   0x00000126   0x00000000   Code   RO         1308    .ARM.Collect$$libinit$$00000006  c_p.l(libinit2.o)
    0x00000126   0x00000126   0x00000000   Code   RO         1311    .ARM.Collect$$libinit$$0000000C  c_p.l(libinit2.o)
    0x00000126   0x00000126   0x00000000   Code   RO         1313    .ARM.Collect$$libinit$$0000000E  c_p.l(libinit2.o)
    0x00000126   0x00000126   0x00000000   Code   RO         1315    .ARM.Collect$$libinit$$00000010  c_p.l(libinit2.o)
    0x00000126   0x00000126   0x00000000   Code   RO         1318    .ARM.Collect$$libinit$$00000013  c_p.l(libinit2.o)
    0x00000126   0x00000126   0x00000000   Code   RO         1320    .ARM.Collect$$libinit$$00000015  c_p.l(libinit2.o)
    0x00000126   0x00000126   0x00000000   Code   RO         1322    .ARM.Collect$$libinit$$00000017  c_p.l(libinit2.o)
    0x00000126   0x00000126   0x00000000   Code   RO         1324    .ARM.Collect$$libinit$$00000019  c_p.l(libinit2.o)
    0x00000126   0x00000126   0x00000000   Code   RO         1326    .ARM.Collect$$libinit$$0000001B  c_p.l(libinit2.o)
    0x00000126   0x00000126   0x00000000   Code   RO         1328    .ARM.Collect$$libinit$$0000001D  c_p.l(libinit2.o)
    0x00000126   0x00000126   0x00000000   Code   RO         1330    .ARM.Collect$$libinit$$0000001F  c_p.l(libinit2.o)
    0x00000126   0x00000126   0x00000000   Code   RO         1332    .ARM.Collect$$libinit$$00000021  c_p.l(libinit2.o)
    0x00000126   0x00000126   0x00000000   Code   RO         1334    .ARM.Collect$$libinit$$00000023  c_p.l(libinit2.o)
    0x00000126   0x00000126   0x00000000   Code   RO         1336    .ARM.Collect$$libinit$$00000025  c_p.l(libinit2.o)
    0x00000126   0x00000126   0x00000000   Code   RO         1338    .ARM.Collect$$libinit$$00000027  c_p.l(libinit2.o)
    0x00000126   0x00000126   0x00000000   Code   RO         1342    .ARM.Collect$$libinit$$0000002E  c_p.l(libinit2.o)
    0x00000126   0x00000126   0x00000000   Code   RO         1344    .ARM.Collect$$libinit$$00000030  c_p.l(libinit2.o)
    0x00000126   0x00000126   0x00000000   Code   RO         1346    .ARM.Collect$$libinit$$00000032  c_p.l(libinit2.o)
    0x00000126   0x00000126   0x00000000   Code   RO         1348    .ARM.Collect$$libinit$$00000034  c_p.l(libinit2.o)
    0x00000126   0x00000126   0x00000002   Code   RO         1349    .ARM.Collect$$libinit$$00000035  c_p.l(libinit2.o)
    0x00000128   0x00000128   0x00000002   Code   RO         1377    .ARM.Collect$$libshutdown$$00000000  c_p.l(libshutdown.o)
    0x0000012a   0x0000012a   0x00000000   Code   RO         1408    .ARM.Collect$$libshutdown$$00000002  c_p.l(libshutdown2.o)
    0x0000012a   0x0000012a   0x00000000   Code   RO         1410    .ARM.Collect$$libshutdown$$00000004  c_p.l(libshutdown2.o)
    0x0000012a   0x0000012a   0x00000000   Code   RO         1413    .ARM.Collect$$libshutdown$$00000007  c_p.l(libshutdown2.o)
    0x0000012a   0x0000012a   0x00000000   Code   RO         1416    .ARM.Collect$$libshutdown$$0000000A  c_p.l(libshutdown2.o)
    0x0000012a   0x0000012a   0x00000000   Code   RO         1418    .ARM.Collect$$libshutdown$$0000000C  c_p.l(libshutdown2.o)
    0x0000012a   0x0000012a   0x00000000   Code   RO         1421    .ARM.Collect$$libshutdown$$0000000F  c_p.l(libshutdown2.o)
    0x0000012a   0x0000012a   0x00000002   Code   RO         1422    .ARM.Collect$$libshutdown$$00000010  c_p.l(libshutdown2.o)
    0x0000012c   0x0000012c   0x00000000   Code   RO         1254    .ARM.Collect$$rtentry$$00000000  c_p.l(__rtentry.o)
    0x0000012c   0x0000012c   0x00000000   Code   RO         1260    .ARM.Collect$$rtentry$$00000002  c_p.l(__rtentry2.o)
    0x0000012c   0x0000012c   0x00000006   Code   RO         1272    .ARM.Collect$$rtentry$$00000004  c_p.l(__rtentry4.o)
    0x00000132   0x00000132   0x00000000   Code   RO         1262    .ARM.Collect$$rtentry$$00000009  c_p.l(__rtentry2.o)
    0x00000132   0x00000132   0x00000004   Code   RO         1263    .ARM.Collect$$rtentry$$0000000A  c_p.l(__rtentry2.o)
    0x00000136   0x00000136   0x00000000   Code   RO         1265    .ARM.Collect$$rtentry$$0000000C  c_p.l(__rtentry2.o)
    0x00000136   0x00000136   0x00000008   Code   RO         1266    .ARM.Collect$$rtentry$$0000000D  c_p.l(__rtentry2.o)
    0x0000013e   0x0000013e   0x00000002   Code   RO         1295    .ARM.Collect$$rtexit$$00000000  c_p.l(rtexit.o)
    0x00000140   0x00000140   0x00000000   Code   RO         1351    .ARM.Collect$$rtexit$$00000002  c_p.l(rtexit2.o)
    0x00000140   0x00000140   0x00000004   Code   RO         1352    .ARM.Collect$$rtexit$$00000003  c_p.l(rtexit2.o)
    0x00000144   0x00000144   0x00000006   Code   RO         1353    .ARM.Collect$$rtexit$$00000004  c_p.l(rtexit2.o)
    0x0000014a   0x0000014a   0x00000002   PAD
    0x0000014c   0x0000014c   0x0000002c   Code   RO           20    .text               startup_mspm0g350x_uvision.o
    0x00000178   0x00000178   0x0000016c   Code   RO         1246    .text               c_p.l(aeabi_sdiv.o)
    0x000002e4   0x000002e4   0x00000006   Code   RO         1250    .text               c_p.l(heapauxi.o)
    0x000002ea   0x000002ea   0x0000003e   Code   RO         1276    .text               c_p.l(sys_stackheap_outer.o)
    0x00000328   0x00000328   0x00000010   Code   RO         1279    .text               c_p.l(exit.o)
    0x00000338   0x00000338   0x00000008   Code   RO         1291    .text               c_p.l(libspace.o)
    0x00000340   0x00000340   0x00000014   Code   RO          137    .text.DL_Common_delayCycles  dl_common.o
    0x00000354   0x00000354   0x00000028   Code   RO           71    .text.DL_Common_updateReg  ti_msp_dl_config.o
    0x0000037c   0x0000037c   0x00000028   Code   RO         1132    .text.DL_Common_updateReg  dl_uart.o
    0x000003a4   0x000003a4   0x00000014   Code   RO           43    .text.DL_GPIO_enablePower  ti_msp_dl_config.o
    0x000003b8   0x000003b8   0x0000001c   Code   RO           49    .text.DL_GPIO_initPeripheralInputFunction  ti_msp_dl_config.o
    0x000003d4   0x000003d4   0x0000001c   Code   RO           47    .text.DL_GPIO_initPeripheralOutputFunction  ti_msp_dl_config.o
    0x000003f0   0x000003f0   0x00000010   Code   RO           39    .text.DL_GPIO_reset  ti_msp_dl_config.o
    0x00000400   0x00000400   0x0000000c   Code   RO           55    .text.DL_SYSCTL_disableHFXT  ti_msp_dl_config.o
    0x0000040c   0x0000040c   0x00000014   Code   RO           57    .text.DL_SYSCTL_disableSYSPLL  ti_msp_dl_config.o
    0x00000420   0x00000420   0x00000014   Code   RO           59    .text.DL_SYSCTL_enableMFCLK  ti_msp_dl_config.o
    0x00000434   0x00000434   0x00000018   Code   RO           51    .text.DL_SYSCTL_setBORThreshold  ti_msp_dl_config.o
    0x0000044c   0x0000044c   0x0000001c   Code   RO           53    .text.DL_SYSCTL_setSYSOSCFreq  ti_msp_dl_config.o
    0x00000468   0x00000468   0x00000016   Code   RO         1130    .text.DL_UART_disable  dl_uart.o
    0x0000047e   0x0000047e   0x00000016   Code   RO           67    .text.DL_UART_enable  ti_msp_dl_config.o
    0x00000494   0x00000494   0x0000001c   Code   RO           65    .text.DL_UART_enableInterrupt  ti_msp_dl_config.o
    0x000004b0   0x000004b0   0x00000018   Code   RO           45    .text.DL_UART_enablePower  ti_msp_dl_config.o
    0x000004c8   0x000004c8   0x00000012   Code   RO         1230    .text.DL_UART_getPendingInterrupt  usart.o
    0x000004da   0x000004da   0x00000002   PAD
    0x000004dc   0x000004dc   0x00000048   Code   RO         1128    .text.DL_UART_init  dl_uart.o
    0x00000524   0x00000524   0x00000018   Code   RO         1220    .text.DL_UART_isBusy  usart.o
    0x0000053c   0x0000053c   0x00000014   Code   RO         1232    .text.DL_UART_receiveData  usart.o
    0x00000550   0x00000550   0x00000018   Code   RO           41    .text.DL_UART_reset  ti_msp_dl_config.o
    0x00000568   0x00000568   0x0000004c   Code   RO           63    .text.DL_UART_setBaudRateDivisor  ti_msp_dl_config.o
    0x000005b4   0x000005b4   0x00000024   Code   RO         1134    .text.DL_UART_setClockConfig  dl_uart.o
    0x000005d8   0x000005d8   0x0000001e   Code   RO           61    .text.DL_UART_setOversampling  ti_msp_dl_config.o
    0x000005f6   0x000005f6   0x00000016   Code   RO         1222    .text.DL_UART_transmitData  usart.o
    0x0000060c   0x0000060c   0x0000001a   Code   RO           31    .text.SYSCFG_DL_GPIO_init  ti_msp_dl_config.o
    0x00000626   0x00000626   0x00000022   Code   RO           33    .text.SYSCFG_DL_SYSCTL_init  ti_msp_dl_config.o
    0x00000648   0x00000648   0x0000000c   Code   RO           37    .text.SYSCFG_DL_SYSTICK_init  ti_msp_dl_config.o
    0x00000654   0x00000654   0x00000044   Code   RO           35    .text.SYSCFG_DL_UART_0_init  ti_msp_dl_config.o
    0x00000698   0x00000698   0x00000018   Code   RO           27    .text.SYSCFG_DL_init  ti_msp_dl_config.o
    0x000006b0   0x000006b0   0x00000040   Code   RO           29    .text.SYSCFG_DL_initPower  ti_msp_dl_config.o
    0x000006f0   0x000006f0   0x00000048   Code   RO           69    .text.SysTick_Config  ti_msp_dl_config.o
    0x00000738   0x00000738   0x0000001c   Code   RO         1202    .text.SysTick_Handler  delay.o
    0x00000754   0x00000754   0x0000005c   Code   RO         1228    .text.UART0_IRQHandler  usart.o
    0x000007b0   0x000007b0   0x000000a4   Code   RO            2    .text.UART_Servo    empty.o
    0x00000854   0x00000854   0x0000001a   Code   RO         1212    .text.USART_Init    usart.o
    0x0000086e   0x0000086e   0x00000002   PAD
    0x00000870   0x00000870   0x0000002c   Code   RO         1218    .text.USART_SendData  usart.o
    0x0000089c   0x0000089c   0x0000002c   Code   RO         1214    .text.__NVIC_ClearPendingIRQ  usart.o
    0x000008c8   0x000008c8   0x0000002c   Code   RO         1216    .text.__NVIC_EnableIRQ  usart.o
    0x000008f4   0x000008f4   0x00000084   Code   RO           73    .text.__NVIC_SetPriority  ti_msp_dl_config.o
    0x00000978   0x00000978   0x00000008   Code   RO         1224    .text._sys_exit     usart.o
    0x00000980   0x00000980   0x00000016   Code   RO         1200    .text.delay_ms      delay.o
    0x00000996   0x00000996   0x00000002   PAD
    0x00000998   0x00000998   0x00000074   Code   RO         1198    .text.delay_us      delay.o
    0x00000a0c   0x00000a0c   0x00000050   Code   RO            4    .text.main          empty.o
    0x00000a5c   0x00000a5c   0x00000002   Data   RO           75    .rodata.gUART_0ClockConfig  ti_msp_dl_config.o
    0x00000a5e   0x00000a5e   0x0000000a   Data   RO           76    .rodata.gUART_0Config  ti_msp_dl_config.o
    0x00000a68   0x00000a68   0x00000010   Data   RO         1424    Region$$Table       anon$$obj.o


    Execution Region RW_IRAM2 (Exec base: 0x20200000, Load base: 0x00000a78, Size: 0x000002f0, Max: 0x00008000, ABSOLUTE)

    Exec Addr    Load Addr    Size         Type   Attr      Idx    E Section Name        Object

    0x20200000        -       0x00000060   Zero   RW         1292    .bss                c_p.l(libspace.o)
    0x20200060        -       0x00000001   Zero   RW            6    .bss.date1          empty.o
    0x20200061        -       0x00000001   Zero   RW            7    .bss.date2          empty.o
    0x20200062        -       0x00000001   Zero   RW            8    .bss.date3          empty.o
    0x20200063   0x00000a78   0x00000001   PAD
    0x20200064        -       0x00000004   Zero   RW         1204    .bss.delay_times    delay.o
    0x20200068        -       0x00000004   Zero   RW            9    .bss.i              empty.o
    0x2020006c        -       0x00000080   Zero   RW         1234    .bss.recv0_buff     usart.o
    0x202000ec        -       0x00000001   Zero   RW         1236    .bss.recv0_flag     usart.o
    0x202000ed   0x00000a78   0x00000001   PAD
    0x202000ee        -       0x00000002   Zero   RW         1235    .bss.recv0_length   usart.o
    0x202000f0        -       0x00000000   Zero   RW           18    HEAP                startup_mspm0g350x_uvision.o
    0x202000f0        -       0x00000200   Zero   RW           17    STACK               startup_mspm0g350x_uvision.o



  Load Region LR_BCR (Base: 0x41c00000, Size: 0x00000000, Max: 0x00000100, ABSOLUTE)

    Execution Region BCR_CONFIG (Exec base: 0x41c00000, Load base: 0x41c00000, Size: 0x00000000, Max: 0x00000080, ABSOLUTE)

    **** No section assigned to this execution region ****



  Load Region LR_BSL (Base: 0x41c00100, Size: 0x00000000, Max: 0x00000100, ABSOLUTE)

    Execution Region BSL_CONFIG (Exec base: 0x41c00100, Load base: 0x41c00100, Size: 0x00000000, Max: 0x00000080, ABSOLUTE)

    **** No section assigned to this execution region ****


==============================================================================

Image component sizes


      Code (inc. data)   RO Data    RW Data    ZI Data      Debug   Object Name

       166         12          0          0          4       1285   delay.o
        20          0          0          0          0        580   dl_common.o
       170          8          0          0          0      10601   dl_uart.o
       244         16          0          0          7        824   empty.o
        44         18        192          0        512        684   startup_mspm0g350x_uvision.o
       872         84         12          0          0      20497   ti_msp_dl_config.o
       342         32          0          0        131       6226   usart.o

    ----------------------------------------------------------------------
      1864        170        220          0        656      40697   Object Totals
         0          0         16          0          0          0   (incl. Generated)
         6          0          0          0          2          0   (incl. Padding)

    ----------------------------------------------------------------------

      Code (inc. data)   RO Data    RW Data    ZI Data      Debug   Library Member Name

         8          0          0          0          0         68   __main.o
         0          0          0          0          0          0   __rtentry.o
        12          0          0          0          0          0   __rtentry2.o
         6          0          0          0          0          0   __rtentry4.o
        60          8          0          0          0          0   __scatter.o
        28          0          0          0          0          0   __scatter_zi.o
       364          4          0          0          0         92   aeabi_sdiv.o
        16          0          0          0          0         68   exit.o
         6          0          0          0          0        136   heapauxi.o
         2          0          0          0          0          0   libinit.o
         2          0          0          0          0          0   libinit2.o
         2          0          0          0          0          0   libshutdown.o
         2          0          0          0          0          0   libshutdown2.o
         8          4          0          0         96         68   libspace.o
         2          0          0          0          0          0   rtexit.o
        10          0          0          0          0          0   rtexit2.o
        62          0          0          0          0         80   sys_stackheap_outer.o

    ----------------------------------------------------------------------
       596         20          0          0         96        512   Library Totals
         6          4          0          0          0          0   (incl. Padding)

    ----------------------------------------------------------------------

      Code (inc. data)   RO Data    RW Data    ZI Data      Debug   Library Name

       590         16          0          0         96        512   c_p.l

    ----------------------------------------------------------------------
       596         20          0          0         96        512   Library Totals

    ----------------------------------------------------------------------

==============================================================================


      Code (inc. data)   RO Data    RW Data    ZI Data      Debug   

      2460        190        220          0        752      40993   Grand Totals
      2460        190        220          0        752      40993   ELF Image Totals
      2460        190        220          0          0          0   ROM Totals

==============================================================================

    Total RO  Size (Code + RO Data)                 2680 (   2.62kB)
    Total RW  Size (RW Data + ZI Data)               752 (   0.73kB)
    Total ROM Size (Code + RO Data + RW Data)       2680 (   2.62kB)

==============================================================================

