Component: ARM Compiler 5.06 update 5 (build 528) Tool: armlink [4d35e2]

==============================================================================

Section Cross References

    main.o(i.main) refers to bsp.o(i.bsp_init) for bsp_init
    main.o(i.main) refers to user_vol.o(i.dectect_beep) for dectect_beep
    main.o(i.main) refers to user_vol.o(i.void_jutce) for void_jutce
    main.o(i.main) refers to user_ps2.o(i.user_douji) for user_douji
    main.o(i.main) refers to bsp_key.o(i.Key1_State) for Key1_State
    main.o(i.main) refers to bsp_servo.o(.bss) for Angle_J
    main.o(i.main) refers to main.o(.data) for grop
    system_stm32f10x.o(i.SetSysClock) refers to system_stm32f10x.o(i.SetSysClockTo72) for SetSysClockTo72
    system_stm32f10x.o(i.SystemCoreClockUpdate) refers to system_stm32f10x.o(.data) for SystemCoreClock
    system_stm32f10x.o(i.SystemInit) refers to system_stm32f10x.o(i.SetSysClock) for SetSysClock
    startup_stm32f10x_hd.o(RESET) refers to startup_stm32f10x_hd.o(STACK) for __initial_sp
    startup_stm32f10x_hd.o(RESET) refers to startup_stm32f10x_hd.o(.text) for Reset_Handler
    startup_stm32f10x_hd.o(RESET) refers to stm32f10x_it.o(i.NMI_Handler) for NMI_Handler
    startup_stm32f10x_hd.o(RESET) refers to stm32f10x_it.o(i.HardFault_Handler) for HardFault_Handler
    startup_stm32f10x_hd.o(RESET) refers to stm32f10x_it.o(i.MemManage_Handler) for MemManage_Handler
    startup_stm32f10x_hd.o(RESET) refers to stm32f10x_it.o(i.BusFault_Handler) for BusFault_Handler
    startup_stm32f10x_hd.o(RESET) refers to stm32f10x_it.o(i.UsageFault_Handler) for UsageFault_Handler
    startup_stm32f10x_hd.o(RESET) refers to stm32f10x_it.o(i.SVC_Handler) for SVC_Handler
    startup_stm32f10x_hd.o(RESET) refers to stm32f10x_it.o(i.DebugMon_Handler) for DebugMon_Handler
    startup_stm32f10x_hd.o(RESET) refers to stm32f10x_it.o(i.PendSV_Handler) for PendSV_Handler
    startup_stm32f10x_hd.o(RESET) refers to stm32f10x_it.o(i.SysTick_Handler) for SysTick_Handler
    startup_stm32f10x_hd.o(RESET) refers to bsp_timer.o(i.TIM1_UP_IRQHandler) for TIM1_UP_IRQHandler
    startup_stm32f10x_hd.o(RESET) refers to bsp_beep.o(i.TIM2_IRQHandler) for TIM2_IRQHandler
    startup_stm32f10x_hd.o(RESET) refers to bsp_beep.o(i.TIM3_IRQHandler) for TIM3_IRQHandler
    startup_stm32f10x_hd.o(RESET) refers to bsp_usart.o(i.USART1_IRQHandler) for USART1_IRQHandler
    startup_stm32f10x_hd.o(RESET) refers to bsp_usart.o(i.USART3_IRQHandler) for USART3_IRQHandler
    startup_stm32f10x_hd.o(RESET) refers to bsp_usart.o(i.UART5_IRQHandler) for UART5_IRQHandler
    startup_stm32f10x_hd.o(.text) refers to system_stm32f10x.o(i.SystemInit) for SystemInit
    startup_stm32f10x_hd.o(.text) refers to entry.o(.ARM.Collect$$$$00000000) for __main
    stm32f10x_adc.o(i.ADC_DeInit) refers to stm32f10x_rcc.o(i.RCC_APB2PeriphResetCmd) for RCC_APB2PeriphResetCmd
    stm32f10x_bkp.o(i.BKP_DeInit) refers to stm32f10x_rcc.o(i.RCC_BackupResetCmd) for RCC_BackupResetCmd
    stm32f10x_can.o(i.CAN_DeInit) refers to stm32f10x_rcc.o(i.RCC_APB1PeriphResetCmd) for RCC_APB1PeriphResetCmd
    stm32f10x_can.o(i.CAN_GetITStatus) refers to stm32f10x_can.o(i.CheckITStatus) for CheckITStatus
    stm32f10x_cec.o(i.CEC_DeInit) refers to stm32f10x_rcc.o(i.RCC_APB1PeriphResetCmd) for RCC_APB1PeriphResetCmd
    stm32f10x_dac.o(i.DAC_DeInit) refers to stm32f10x_rcc.o(i.RCC_APB1PeriphResetCmd) for RCC_APB1PeriphResetCmd
    stm32f10x_flash.o(i.FLASH_EnableWriteProtection) refers to stm32f10x_flash.o(i.FLASH_WaitForLastOperation) for FLASH_WaitForLastOperation
    stm32f10x_flash.o(i.FLASH_EraseAllBank1Pages) refers to stm32f10x_flash.o(i.FLASH_WaitForLastBank1Operation) for FLASH_WaitForLastBank1Operation
    stm32f10x_flash.o(i.FLASH_EraseAllPages) refers to stm32f10x_flash.o(i.FLASH_WaitForLastOperation) for FLASH_WaitForLastOperation
    stm32f10x_flash.o(i.FLASH_EraseOptionBytes) refers to stm32f10x_flash.o(i.FLASH_GetReadOutProtectionStatus) for FLASH_GetReadOutProtectionStatus
    stm32f10x_flash.o(i.FLASH_EraseOptionBytes) refers to stm32f10x_flash.o(i.FLASH_WaitForLastOperation) for FLASH_WaitForLastOperation
    stm32f10x_flash.o(i.FLASH_ErasePage) refers to stm32f10x_flash.o(i.FLASH_WaitForLastOperation) for FLASH_WaitForLastOperation
    stm32f10x_flash.o(i.FLASH_ProgramHalfWord) refers to stm32f10x_flash.o(i.FLASH_WaitForLastOperation) for FLASH_WaitForLastOperation
    stm32f10x_flash.o(i.FLASH_ProgramOptionByteData) refers to stm32f10x_flash.o(i.FLASH_WaitForLastOperation) for FLASH_WaitForLastOperation
    stm32f10x_flash.o(i.FLASH_ProgramWord) refers to stm32f10x_flash.o(i.FLASH_WaitForLastOperation) for FLASH_WaitForLastOperation
    stm32f10x_flash.o(i.FLASH_ReadOutProtection) refers to stm32f10x_flash.o(i.FLASH_WaitForLastOperation) for FLASH_WaitForLastOperation
    stm32f10x_flash.o(i.FLASH_UserOptionByteConfig) refers to stm32f10x_flash.o(i.FLASH_WaitForLastOperation) for FLASH_WaitForLastOperation
[...]
    Removing oled_iic.o(i.IICwriteBits), (106 bytes).
    Removing oled_iic.o(i.IICwriteByte), (20 bytes).
    Removing oled_iic.o(i.IICwriteBytes), (70 bytes).
    Removing oled_iic.o(i.i2cRead), (118 bytes).
    Removing bsp_oled.o(i.SSD1306_DrawCircle), (260 bytes).
    Removing bsp_oled.o(i.SSD1306_DrawFilledCircle), (334 bytes).
    Removing bsp_oled.o(i.SSD1306_DrawFilledRectangle), (94 bytes).
    Removing bsp_oled.o(i.SSD1306_DrawFilledTriangle), (294 bytes).
    Removing bsp_oled.o(i.SSD1306_DrawLine), (330 bytes).
    Removing bsp_oled.o(i.SSD1306_DrawRectangle), (136 bytes).
    Removing bsp_oled.o(i.SSD1306_DrawTriangle), (64 bytes).
    Removing bsp_oled.o(i.SSD1306_OFF), (34 bytes).
    Removing bsp_oled.o(i.SSD1306_ON), (34 bytes).
    Removing bsp_oled.o(i.SSD1306_ToggleInvert), (52 bytes).
    Removing bsp_juice_adc.o(i.J_Bsp_System_Enable), (12 bytes).
    Removing bsp_key.o(i.Key1_Long_Press), (80 bytes).
    Removing bsp_key.o(i.Key_Scan), (38 bytes).
    Removing bsp_key.o(i.key_test), (28 bytes).

480 unused section(s) (total 20802 bytes) removed from the image.

==============================================================================

Image Symbol Table

    Local Symbols

    Symbol Name                              Value     Ov Type        Size  Object(Section)

    ../clib/microlib/division.c              0x00000000   Number         0  uldiv.o ABSOLUTE
    ../clib/microlib/division.c              0x00000000   Number         0  uidiv.o ABSOLUTE
    ../clib/microlib/init/entry.s            0x00000000   Number         0  entry7a.o ABSOLUTE
    ../clib/microlib/init/entry.s            0x00000000   Number         0  entry10a.o ABSOLUTE
    ../clib/microlib/init/entry.s            0x00000000   Number         0  entry11b.o ABSOLUTE
    ../clib/microlib/init/entry.s            0x00000000   Number         0  entry2.o ABSOLUTE
    ../clib/microlib/init/entry.s            0x00000000   Number         0  entry11a.o ABSOLUTE
    ../clib/microlib/init/entry.s            0x00000000   Number         0  entry5.o ABSOLUTE
    ../clib/microlib/init/entry.s            0x00000000   Number         0  entry9a.o ABSOLUTE
    ../clib/microlib/init/entry.s            0x00000000   Number         0  entry.o ABSOLUTE
    ../clib/microlib/init/entry.s            0x00000000   Number         0  entry9b.o ABSOLUTE
    ../clib/microlib/init/entry.s            0x00000000   Number         0  entry10b.o ABSOLUTE
    ../clib/microlib/init/entry.s            0x00000000   Number         0  entry8b.o ABSOLUTE
    ../clib/microlib/init/entry.s            0x00000000   Number         0  entry8a.o ABSOLUTE
    ../clib/microlib/init/entry.s            0x00000000   Number         0  entry7b.o ABSOLUTE
    ../clib/microlib/longlong.c              0x00000000   Number         0  llshl.o ABSOLUTE
    ../clib/microlib/longlong.c              0x00000000   Number         0  llsshr.o ABSOLUTE
    ../clib/microlib/longlong.c              0x00000000   Number         0  llushr.o ABSOLUTE
    ../clib/microlib/printf/printf.c         0x00000000   Number         0  printf7.o ABSOLUTE
    ../clib/microlib/printf/printf.c         0x00000000   Number         0  printf8.o ABSOLUTE
    ../clib/microlib/printf/printf.c         0x00000000   Number         0  printf4.o ABSOLUTE
    ../clib/microlib/printf/printf.c         0x00000000   Number         0  printf3.o ABSOLUTE
    ../clib/microlib/printf/printf.c         0x00000000   Number         0  printf1.o ABSOLUTE
    ../clib/microlib/printf/printf.c         0x00000000   Number         0  printf2.o ABSOLUTE
    ../clib/microlib/printf/printf.c         0x00000000   Number         0  printf5.o ABSOLUTE
    ../clib/microlib/printf/printf.c         0x00000000   Number         0  printfa.o ABSOLUTE
    ../clib/microlib/printf/printf.c         0x00000000   Number         0  printf6.o ABSOLUTE
    ../clib/microlib/printf/printf.c         0x00000000   Number         0  printfb.o ABSOLUTE
    ../clib/microlib/printf/printf.c         0x00000000   Number         0  printf0.o ABSOLUTE
    ../clib/microlib/printf/stubs.s          0x00000000   Number         0  stubs.o ABSOLUTE
    ../clib/microlib/stdio/streams.c         0x00000000   Number         0  stdout.o ABSOLUTE
    ../clib/microlib/string/memset.c         0x00000000   Number         0  memseta.o ABSOLUTE
    ../clib/microlib/stubs.s                 0x00000000   Number         0  iusefp.o ABSOLUTE
    ../fplib/microlib/d2f.c                  0x00000000   Number         0  d2f.o ABSOLUTE
    ../fplib/microlib/f2d.c                  0x00000000   Number         0  f2d.o ABSOLUTE
    ../fplib/microlib/fpadd.c                0x00000000   Number         0  dadd.o ABSOLUTE
    ../fplib/microlib/fpdiv.c                0x00000000   Number         0  ddiv.o ABSOLUTE
    ../fplib/microlib/fpepilogue.c           0x00000000   Number         0  depilogue.o ABSOLUTE
    ../fplib/microlib/fpepilogue.c           0x00000000   Number         0  fepilogue.o ABSOLUTE
    ../fplib/microlib/fpfix.c                0x00000000   Number         0  ffixi.o ABSOLUTE
    ../fplib/microlib/fpfix.c                0x00000000   Number         0  dfixul.o ABSOLUTE
    ../fplib/microlib/fpflt.c                0x00000000   Number         0  dflti.o ABSOLUTE
    ../fplib/microlib/fpflt.c                0x00000000   Number         0  ffltui.o ABSOLUTE
    ../fplib/microlib/fpmul.c                0x00000000   Number         0  fmul.o ABSOLUTE
    ../fplib/microlib/fpmul.c                0x00000000   Number         0  dmul.o ABSOLUTE
    ..\APP\user_bluetooth.c                  0x00000000   Number         0  user_bluetooth.o ABSOLUTE
    ..\APP\user_ps2.c                        0x00000000   Number         0  user_ps2.o ABSOLUTE
    ..\APP\user_vol.c                        0x00000000   Number         0  user_vol.o ABSOLUTE
    ..\BSP\bsp.c                             0x00000000   Number         0  bsp.o ABSOLUTE
    ..\BSP\bsp_adc.c                         0x00000000   Number         0  bsp_adc.o ABSOLUTE
    ..\BSP\bsp_beep.c                        0x00000000   Number         0  bsp_beep.o ABSOLUTE
    ..\BSP\bsp_gpio.c                        0x00000000   Number         0  bsp_gpio.o ABSOLUTE
    ..\BSP\bsp_juice_adc.c                   0x00000000   Number         0  bsp_juice_adc.o ABSOLUTE
    ..\BSP\bsp_key.c                         0x00000000   Number         0  bsp_key.o ABSOLUTE
    ..\BSP\bsp_oled.c                        0x00000000   Number         0  bsp_oled.o ABSOLUTE
    ..\BSP\bsp_ps2.c                         0x00000000   Number         0  bsp_ps2.o ABSOLUTE
    ..\BSP\bsp_servo.c                       0x00000000   Number         0  bsp_servo.o ABSOLUTE
    ..\BSP\bsp_timer.c                       0x00000000   Number         0  bsp_timer.o ABSOLUTE
    ..\BSP\bsp_usart.c                       0x00000000   Number         0  bsp_usart.o ABSOLUTE
    ..\BSP\delay.c                           0x00000000   Number         0  delay.o ABSOLUTE
    ..\BSP\oled_fonts.c                      0x00000000   Number         0  oled_fonts.o ABSOLUTE
    ..\BSP\oled_iic.c                        0x00000000   Number         0  oled_iic.o ABSOLUTE
    ..\CMSIS\core_cm3.c                      0x00000000   Number         0  core_cm3.o ABSOLUTE
    ..\CMSIS\startup_stm32f10x_hd.s          0x00000000   Number         0  startup_stm32f10x_hd.o ABSOLUTE
    ..\CMSIS\system_stm32f10x.c              0x00000000   Number         0  system_stm32f10x.o ABSOLUTE
    ..\FWLib\src\misc.c                      0x00000000   Number         0  misc.o ABSOLUTE
    ..\FWLib\src\stm32f10x_adc.c             0x00000000   Number         0  stm32f10x_adc.o ABSOLUTE
    ..\FWLib\src\stm32f10x_bkp.c             0x00000000   Number         0  stm32f10x_bkp.o ABSOLUTE
    ..\FWLib\src\stm32f10x_can.c             0x00000000   Number         0  stm32f10x_can.o ABSOLUTE
    ..\FWLib\src\stm32f10x_cec.c             0x00000000   Number         0  stm32f10x_cec.o ABSOLUTE
    ..\FWLib\src\stm32f10x_crc.c             0x00000000   Number         0  stm32f10x_crc.o ABSOLUTE
    ..\FWLib\src\stm32f10x_dac.c             0x00000000   Number         0  stm32f10x_dac.o ABSOLUTE
    ..\FWLib\src\stm32f10x_dbgmcu.c          0x00000000   Number         0  stm32f10x_dbgmcu.o ABSOLUTE
    ..\FWLib\src\stm32f10x_dma.c             0x00000000   Number         0  stm32f10x_dma.o ABSOLUTE
    ..\FWLib\src\stm32f10x_exti.c            0x00000000   Number         0  stm32f10x_exti.o ABSOLUTE
    ..\FWLib\src\stm32f10x_flash.c           0x00000000   Number         0  stm32f10x_flash.o ABSOLUTE
    ..\FWLib\src\stm32f10x_fsmc.c            0x00000000   Number         0  stm32f10x_fsmc.o ABSOLUTE
    ..\FWLib\src\stm32f10x_gpio.c            0x00000000   Number         0  stm32f10x_gpio.o ABSOLUTE
    ..\FWLib\src\stm32f10x_i2c.c             0x00000000   Number         0  stm32f10x_i2c.o ABSOLUTE
    ..\FWLib\src\stm32f10x_iwdg.c            0x00000000   Number         0  stm32f10x_iwdg.o ABSOLUTE
    ..\FWLib\src\stm32f10x_pwr.c             0x00000000   Number         0  stm32f10x_pwr.o ABSOLUTE
    ..\FWLib\src\stm32f10x_rcc.c             0x00000000   Number         0  stm32f10x_rcc.o ABSOLUTE
    ..\FWLib\src\stm32f10x_rtc.c             0x00000000   Number         0  stm32f10x_rtc.o ABSOLUTE
    ..\FWLib\src\stm32f10x_sdio.c            0x00000000   Number         0  stm32f10x_sdio.o ABSOLUTE
    ..\FWLib\src\stm32f10x_spi.c             0x00000000   Number         0  stm32f10x_spi.o ABSOLUTE
    ..\FWLib\src\stm32f10x_tim.c             0x00000000   Number         0  stm32f10x_tim.o ABSOLUTE
    ..\FWLib\src\stm32f10x_usart.c           0x00000000   Number         0  stm32f10x_usart.o ABSOLUTE
    ..\FWLib\src\stm32f10x_wwdg.c            0x00000000   Number         0  stm32f10x_wwdg.o ABSOLUTE
    ..\\CMSIS\\core_cm3.c                    0x00000000   Number         0  core_cm3.o ABSOLUTE
    cdrcmple.s                               0x00000000   Number         0  cdrcmple.o ABSOLUTE
    dc.s                                     0x00000000   Number         0  dc.o ABSOLUTE
    handlers.s                               0x00000000   Number         0  handlers.o ABSOLUTE
    init.s                                   0x00000000   Number         0  init.o ABSOLUTE
    main.c                                   0x00000000   Number         0  main.o ABSOLUTE
    stm32f10x_it.c                           0x00000000   Number         0  stm32f10x_it.o ABSOLUTE
    RESET                                    0x08000000   Section      304  startup_stm32f10x_hd.o(RESET)
    .ARM.Collect$$$$00000000                 0x08000130   Section        0  entry.o(.ARM.Collect$$$$00000000)
    .ARM.Collect$$$$00000001                 0x08000130   Section        4  entry2.o(.ARM.Collect$$$$00000001)
    .ARM.Collect$$$$00000004                 0x08000134   Section        4  entry5.o(.ARM.Collect$$$$00000004)
    .ARM.Collect$$$$00000008                 0x08000138   Section        0  entry7b.o(.ARM.Collect$$$$00000008)
    .ARM.Collect$$$$0000000A                 0x08000138   Section        0  entry8b.o(.ARM.Collect$$$$0000000A)
    .ARM.Collect$$$$0000000B                 0x08000138   Section        8  entry9a.o(.ARM.Collect$$$$0000000B)
    .ARM.Collect$$$$0000000D                 0x08000140   Section        0  entry10a.o(.ARM.Collect$$$$0000000D)
    .ARM.Collect$$$$0000000F                 0x08000140   Section        0  entry11a.o(.ARM.Collect$$$$0000000F)
    .ARM.Collect$$$$00002712                 0x08000140   Section        4  entry2.o(.ARM.Collect$$$$00002712)
    __lit__00000000                          0x08000140   Data           4  entry2.o(.ARM.Collect$$$$00002712)
    .text                                    0x08000144   Section       36  startup_stm32f10x_hd.o(.text)
    .text                                    0x08000168   Section        0  memseta.o(.text)
    .text                                    0x0800018c   Section        0  fmul.o(.text)
    .text                                    0x080001f0   Section        0  dmul.o(.text)
    .text                                    0x080002d4   Section        0  ddiv.o(.text)
    .text                                    0x080003b2   Section        0  ffltui.o(.text)
    .text                                    0x080003bc   Section        0  dflti.o(.text)
    .text                                    0x080003de   Section        0  ffixi.o(.text)
    .text                                    0x08000410   Section        0  f2d.o(.text)
    .text                                    0x08000436   Section        0  d2f.o(.text)
    .text                                    0x0800046e   Section        0  uidiv.o(.text)
    .text                                    0x0800049a   Section        0  uldiv.o(.text)
    .text                                    0x080004fc   Section        0  iusefp.o(.text)
    .text                                    0x080004fc   Section        0  fepilogue.o(.text)
    .text                                    0x0800056a   Section        0  depilogue.o(.text)
    .text                                    0x08000624   Section        0  dadd.o(.text)
    .text                                    0x08000772   Section        0  dfixul.o(.text)
    .text                                    0x080007a4   Section       48  cdrcmple.o(.text)
    .text                                    0x080007d4   Section       36  init.o(.text)
    .text                                    0x080007f8   Section        0  llshl.o(.text)
    .text                                    0x08000816   Section        0  llushr.o(.text)
    .text                                    0x08000836   Section        0  llsshr.o(.text)
    i.ADC_Cmd                                0x0800085a   Section        0  stm32f10x_adc.o(i.ADC_Cmd)
    i.ADC_DeInit                             0x08000870   Section        0  stm32f10x_adc.o(i.ADC_DeInit)
    i.ADC_GetCalibrationStatus               0x080008cc   Section        0  stm32f10x_adc.o(i.ADC_GetCalibrationStatus)
    i.ADC_GetConversionValue                 0x080008e0   Section        0  stm32f10x_adc.o(i.ADC_GetConversionValue)
    i.ADC_GetFlagStatus                      0x080008e8   Section        0  stm32f10x_adc.o(i.ADC_GetFlagStatus)
    i.ADC_GetResetCalibrationStatus          0x080008fa   Section        0  stm32f10x_adc.o(i.ADC_GetResetCalibrationStatus)
    i.ADC_Init                               0x08000910   Section        0  stm32f10x_adc.o(i.ADC_Init)
    i.ADC_RegularChannelConfig               0x08000960   Section        0  stm32f10x_adc.o(i.ADC_RegularChannelConfig)
    i.ADC_ResetCalibration                   0x08000a18   Section        0  stm32f10x_adc.o(i.ADC_ResetCalibration)
    i.ADC_SoftwareStartConvCmd               0x08000a22   Section        0  stm32f10x_adc.o(i.ADC_SoftwareStartConvCmd)
    i.ADC_StartCalibration                   0x08000a38   Section        0  stm32f10x_adc.o(i.ADC_StartCalibration)
    i.Adc_Get_Average                        0x08000a42   Section        0  bsp_adc.o(i.Adc_Get_Average)
    i.Adc_Get_Battery_Volotage               0x08000a6c   Section        0  bsp_adc.o(i.Adc_Get_Battery_Volotage)
    i.Adc_Get_Measure_Volotage               0x08000a9c   Section        0  bsp_adc.o(i.Adc_Get_Measure_Volotage)
    i.Adc_vol_init                           0x08000ac0   Section        0  bsp_adc.o(i.Adc_vol_init)
    i.BKP_TamperPinCmd                       0x08000b4c   Section        0  stm32f10x_bkp.o(i.BKP_TamperPinCmd)
    i.Bsp_Bat_State                          0x08000b58   Section        0  bsp_adc.o(i.Bsp_Bat_State)
    i.Bsp_Bat_Voltage_Z100                   0x08000bb8   Section        0  bsp_adc.o(i.Bsp_Bat_Voltage_Z100)
    i.BusFault_Handler                       0x08000bc4   Section        0  stm32f10x_it.o(i.BusFault_Handler)
    i.DebugMon_Handler                       0x08000bc8   Section        0  stm32f10x_it.o(i.DebugMon_Handler)
    i.Delay_For_Pin                          0x08000bca   Section        0  oled_iic.o(i.Delay_For_Pin)
    Delay_For_Pin                            0x08000bcb   Thumb Code    38  oled_iic.o(i.Delay_For_Pin)
    i.GPIO_Init                              0x08000bf0   Section        0  stm32f10x_gpio.o(i.GPIO_Init)
    i.GPIO_PinRemapConfig                    0x08000d08   Section        0  stm32f10x_gpio.o(i.GPIO_PinRemapConfig)
    i.GPIO_ReadInputDataBit                  0x08000d98   Section        0  stm32f10x_gpio.o(i.GPIO_ReadInputDataBit)
    i.GPIO_ResetBits                         0x08000daa   Section        0  stm32f10x_gpio.o(i.GPIO_ResetBits)
    i.GPIO_SetBits                           0x08000dae   Section        0  stm32f10x_gpio.o(i.GPIO_SetBits)
    i.Get_Adc                                0x08000db4   Section        0  bsp_adc.o(i.Get_Adc)
    i.HardFault_Handler                      0x08000de8   Section        0  stm32f10x_it.o(i.HardFault_Handler)
    i.IIC_Init                               0x08000dec   Section        0  oled_iic.o(i.IIC_Init)
    i.IIC_Send_Byte                          0x08000e18   Section        0  oled_iic.o(i.IIC_Send_Byte)
    i.IIC_Start                              0x08000e7c   Section        0  oled_iic.o(i.IIC_Start)
    i.IIC_Stop                               0x08000ee4   Section        0  oled_iic.o(i.IIC_Stop)
    i.IIC_Wait_Ack                           0x08000f34   Section        0  oled_iic.o(i.IIC_Wait_Ack)
    i.J_Adc_Get_Average                      0x08000f9c   Section        0  bsp_juice_adc.o(i.J_Adc_Get_Average)
    i.J_Adc_Get_Battery_Volotage             0x08000fc4   Section        0  bsp_juice_adc.o(i.J_Adc_Get_Battery_Volotage)
    i.J_Adc_Get_Measure_Volotage             0x08000fd0   Section        0  bsp_juice_adc.o(i.J_Adc_Get_Measure_Volotage)
    i.J_Adc_init                             0x08000ff4   Section        0  bsp_juice_adc.o(i.J_Adc_init)
    i.J_Bsp_Bat_State                        0x08001080   Section        0  bsp_juice_adc.o(i.J_Bsp_Bat_State)
    i.J_Bsp_Bat_Voltage_Z100                 0x080010d0   Section        0  bsp_juice_adc.o(i.J_Bsp_Bat_Voltage_Z100)
    i.J_Get_Adc                              0x080010dc   Section        0  bsp_juice_adc.o(i.J_Get_Adc)
    i.Key1_State                             0x08001110   Section        0  bsp_key.o(i.Key1_State)
    i.Key1_is_Press                          0x0800115c   Section        0  bsp_key.o(i.Key1_is_Press)
    Key1_is_Press                            0x0800115d   Thumb Code    22  bsp_key.o(i.Key1_is_Press)
    i.Key_GPIO_Init                          0x08001178   Section        0  bsp_key.o(i.Key_GPIO_Init)
    i.MemManage_Handler                      0x080011a0   Section        0  stm32f10x_it.o(i.MemManage_Handler)
    i.NMI_Handler                            0x080011a4   Section        0  stm32f10x_it.o(i.NMI_Handler)
    i.NVIC_Init                              0x080011a8   Section        0  misc.o(i.NVIC_Init)
    i.NVIC_PriorityGroupConfig               0x08001218   Section        0  misc.o(i.NVIC_PriorityGroupConfig)
    i.OLED_Clear                             0x0800122c   Section        0  bsp_oled.o(i.OLED_Clear)
    i.OLED_Draw_Line                         0x08001236   Section        0  bsp_oled.o(i.OLED_Draw_Line)
    i.OLED_Draw_String                       0x08001260   Section        0  bsp_oled.o(i.OLED_Draw_String)
    i.OLED_Refresh                           0x0800129c   Section        0  bsp_oled.o(i.OLED_Refresh)
    i.PS2_AnologData                         0x080012a4   Section        0  bsp_ps2.o(i.PS2_AnologData)
    i.PS2_ClearData                          0x080012b0   Section        0  bsp_ps2.o(i.PS2_ClearData)
    i.PS2_Cmd                                0x080012c8   Section        0  bsp_ps2.o(i.PS2_Cmd)
    i.PS2_DataKey                            0x08001358   Section        0  bsp_ps2.o(i.PS2_DataKey)
    i.PS2_EnterConfing                       0x080013ac   Section        0  bsp_ps2.o(i.PS2_EnterConfing)
    i.PS2_ExitConfing                        0x08001408   Section        0  bsp_ps2.o(i.PS2_ExitConfing)
    i.PS2_Init                               0x08001464   Section        0  bsp_ps2.o(i.PS2_Init)
    i.PS2_ReadData                           0x080014f4   Section        0  bsp_ps2.o(i.PS2_ReadData)
    i.PS2_SetInit                            0x080015a8   Section        0  bsp_ps2.o(i.PS2_SetInit)
    i.PS2_ShortPoll                          0x080015c4   Section        0  bsp_ps2.o(i.PS2_ShortPoll)
    i.PS2_TurnOnAnalogMode                   0x08001608   Section        0  bsp_ps2.o(i.PS2_TurnOnAnalogMode)
    i.PWR_BackupAccessCmd                    0x08001660   Section        0  stm32f10x_pwr.o(i.PWR_BackupAccessCmd)
    i.PendSV_Handler                         0x0800166c   Section        0  stm32f10x_it.o(i.PendSV_Handler)
    i.RCC_ADCCLKConfig                       0x08001670   Section        0  stm32f10x_rcc.o(i.RCC_ADCCLKConfig)
    i.RCC_APB1PeriphClockCmd                 0x08001688   Section        0  stm32f10x_rcc.o(i.RCC_APB1PeriphClockCmd)
    i.RCC_APB1PeriphResetCmd                 0x080016a8   Section        0  stm32f10x_rcc.o(i.RCC_APB1PeriphResetCmd)
    i.RCC_APB2PeriphClockCmd                 0x080016c8   Section        0  stm32f10x_rcc.o(i.RCC_APB2PeriphClockCmd)
    i.RCC_APB2PeriphResetCmd                 0x080016e8   Section        0  stm32f10x_rcc.o(i.RCC_APB2PeriphResetCmd)
    i.RCC_GetClocksFreq                      0x08001708   Section        0  stm32f10x_rcc.o(i.RCC_GetClocksFreq)
    i.RCC_LSEConfig                          0x080017dc   Section        0  stm32f10x_rcc.o(i.RCC_LSEConfig)
    i.SSD1306_DrawPixel                      0x08001810   Section        0  bsp_oled.o(i.SSD1306_DrawPixel)
    i.SSD1306_Fill                           0x080018b0   Section        0  bsp_oled.o(i.SSD1306_Fill)
    i.SSD1306_GotoXY                         0x080018d0   Section        0  bsp_oled.o(i.SSD1306_GotoXY)
    i.SSD1306_Init                           0x080018dc   Section        0  bsp_oled.o(i.SSD1306_Init)
    i.SSD1306_Putc                           0x08001a20   Section        0  bsp_oled.o(i.SSD1306_Putc)
    i.SSD1306_Puts                           0x08001ac8   Section        0  bsp_oled.o(i.SSD1306_Puts)
    i.SSD1306_UpdateScreen                   0x08001af4   Section        0  bsp_oled.o(i.SSD1306_UpdateScreen)
    i.SVC_Handler                            0x08001b3c   Section        0  stm32f10x_it.o(i.SVC_Handler)
    i.Servo_GPIO_Init                        0x08001b40   Section        0  bsp_gpio.o(i.Servo_GPIO_Init)
    i.SetSysClock                            0x08001eac   Section        0  system_stm32f10x.o(i.SetSysClock)
    SetSysClock                              0x08001ead   Thumb Code     8  system_stm32f10x.o(i.SetSysClock)
    i.SetSysClockTo72                        0x08001eb4   Section        0  system_stm32f10x.o(i.SetSysClockTo72)
    SetSysClockTo72                          0x08001eb5   Thumb Code   214  system_stm32f10x.o(i.SetSysClockTo72)
    i.SysTick_CLKSourceConfig                0x08001f94   Section        0  misc.o(i.SysTick_CLKSourceConfig)
    i.SysTick_Handler                        0x08001fbc   Section        0  stm32f10x_it.o(i.SysTick_Handler)
    i.SystemInit                             0x08001fc0   Section        0  system_stm32f10x.o(i.SystemInit)
    i.TIM1_Int_Init                          0x08002020   Section        0  bsp_timer.o(i.TIM1_Int_Init)
    i.TIM1_UP_IRQHandler                     0x08002088   Section        0  bsp_timer.o(i.TIM1_UP_IRQHandler)
    i.TIM2_IRQHandler                        0x080025cc   Section        0  bsp_beep.o(i.TIM2_IRQHandler)
    i.TIM3_IRQHandler                        0x080025f8   Section        0  bsp_beep.o(i.TIM3_IRQHandler)
    i.TIM_ClearITPendingBit                  0x08002678   Section        0  stm32f10x_tim.o(i.TIM_ClearITPendingBit)
    i.TIM_Cmd                                0x0800267e   Section        0  stm32f10x_tim.o(i.TIM_Cmd)
    i.TIM_DeInit                             0x08002698   Section        0  stm32f10x_tim.o(i.TIM_DeInit)
    i.TIM_GetITStatus                        0x08002880   Section        0  stm32f10x_tim.o(i.TIM_GetITStatus)
    i.TIM_ITConfig                           0x080028a2   Section        0  stm32f10x_tim.o(i.TIM_ITConfig)
    i.TIM_TimeBaseInit                       0x080028b4   Section        0  stm32f10x_tim.o(i.TIM_TimeBaseInit)
    i.UART5_IRQHandler                       0x08002958   Section        0  bsp_usart.o(i.UART5_IRQHandler)
    i.UART5_init                             0x0800297c   Section        0  bsp_usart.o(i.UART5_init)
    i.USART1_IRQHandler                      0x08002a30   Section        0  bsp_usart.o(i.USART1_IRQHandler)
    i.USART1_Send_U8                         0x08002a54   Section        0  bsp_usart.o(i.USART1_Send_U8)
    i.USART1_init                            0x08002a74   Section        0  bsp_usart.o(i.USART1_init)
    i.USART3_IRQHandler                      0x08002b2c   Section        0  bsp_usart.o(i.USART3_IRQHandler)
    i.USART3_init                            0x08002b50   Section        0  bsp_usart.o(i.USART3_init)
    i.USART_ClearFlag                        0x08002c10   Section        0  stm32f10x_usart.o(i.USART_ClearFlag)
    i.USART_Cmd                              0x08002c22   Section        0  stm32f10x_usart.o(i.USART_Cmd)
    i.USART_GetFlagStatus                    0x08002c3a   Section        0  stm32f10x_usart.o(i.USART_GetFlagStatus)
    i.USART_GetITStatus                      0x08002c54   Section        0  stm32f10x_usart.o(i.USART_GetITStatus)
    i.USART_ITConfig                         0x08002ca8   Section        0  stm32f10x_usart.o(i.USART_ITConfig)
    i.USART_Init                             0x08002cf4   Section        0  stm32f10x_usart.o(i.USART_Init)
    i.USART_ReceiveData                      0x08002dcc   Section        0  stm32f10x_usart.o(i.USART_ReceiveData)
    i.USART_SendData                         0x08002dd6   Section        0  stm32f10x_usart.o(i.USART_SendData)
    i.UsageFault_Handler                     0x08002dde   Section        0  stm32f10x_it.o(i.UsageFault_Handler)
    i.__0sprintf                             0x08002de4   Section        0  printfa.o(i.__0sprintf)
    i.__scatterload_copy                     0x08002e0c   Section       14  handlers.o(i.__scatterload_copy)
    i.__scatterload_null                     0x08002e1a   Section        2  handlers.o(i.__scatterload_null)
    i.__scatterload_zeroinit                 0x08002e1c   Section       14  handlers.o(i.__scatterload_zeroinit)
    i._fp_digits                             0x08002e2c   Section        0  printfa.o(i._fp_digits)
    _fp_digits                               0x08002e2d   Thumb Code   366  printfa.o(i._fp_digits)
    i._printf_core                           0x08002fb0   Section        0  printfa.o(i._printf_core)
    _printf_core                             0x08002fb1   Thumb Code  1744  printfa.o(i._printf_core)
    i._printf_post_padding                   0x0800368c   Section        0  printfa.o(i._printf_post_padding)
    _printf_post_padding                     0x0800368d   Thumb Code    36  printfa.o(i._printf_post_padding)
    i._printf_pre_padding                    0x080036b0   Section        0  printfa.o(i._printf_pre_padding)
    _printf_pre_padding                      0x080036b1   Thumb Code    46  printfa.o(i._printf_pre_padding)
    i._sputc                                 0x080036de   Section        0  printfa.o(i._sputc)
    _sputc                                   0x080036df   Thumb Code    10  printfa.o(i._sputc)
    i.beep_start_stop                        0x080036e8   Section        0  bsp_beep.o(i.beep_start_stop)
    i.beep_timer                             0x0800372c   Section        0  bsp_beep.o(i.beep_timer)
    i.bsp_init                               0x08003798   Section        0  bsp.o(i.bsp_init)
    i.deal_bluetooth                         0x0800383c   Section        0  user_bluetooth.o(i.deal_bluetooth)
    i.deal_data                              0x08003898   Section        0  user_bluetooth.o(i.deal_data)
    i.dectect_beep                           0x08003904   Section        0  user_vol.o(i.dectect_beep)
    i.delay_init                             0x080039e8   Section        0  delay.o(i.delay_init)
    i.delay_ms                               0x08003a34   Section        0  delay.o(i.delay_ms)
    i.delay_us                               0x08003a70   Section        0  delay.o(i.delay_us)
    i.i2cWrite                               0x08003aac   Section        0  oled_iic.o(i.i2cWrite)
    i.i2c_scanf_addr                         0x08003b0c   Section        0  oled_iic.o(i.i2c_scanf_addr)
    i.init_beep                              0x08003b48   Section        0  bsp_beep.o(i.init_beep)
    i.init_led                               0x08003b78   Section        0  bsp_beep.o(i.init_led)
    i.led_timer                              0x08003bb0   Section        0  bsp_beep.o(i.led_timer)
    i.main                                   0x08003c20   Section        0  main.o(i.main)
    i.set_beep                               0x08003c80   Section        0  bsp_beep.o(i.set_beep)
    i.ssd1306_I2C_Write                      0x08003c90   Section        0  bsp_oled.o(i.ssd1306_I2C_Write)
    i.ssd1306_I2C_WriteMulti                 0x08003ca4   Section        0  bsp_oled.o(i.ssd1306_I2C_WriteMulti)
    i.user_douji                             0x08003cc0   Section        0  user_ps2.o(i.user_douji)
    i.void_jutce                             0x08004108   Section        0  user_vol.o(i.void_jutce)
    .constdata                               0x080041d8   Section    10260  oled_fonts.o(.constdata)
    .data                                    0x20000000   Section        8  main.o(.data)
    .data                                    0x20000008   Section       20  system_stm32f10x.o(.data)
    .data                                    0x2000001c   Section       20  stm32f10x_rcc.o(.data)
    APBAHBPrescTable                         0x2000001c   Data          16  stm32f10x_rcc.o(.data)
    ADCPrescTable                            0x2000002c   Data           4  stm32f10x_rcc.o(.data)
    .data                                    0x20000030   Section        4  delay.o(.data)
    fac_us                                   0x20000030   Data           1  delay.o(.data)
    fac_ms                                   0x20000032   Data           2  delay.o(.data)
    .data                                    0x20000034   Section        8  bsp_timer.o(.data)
    .data                                    0x2000003c   Section       36  bsp_ps2.o(.data)
    .data                                    0x20000060   Section        9  bsp_beep.o(.data)
    .data                                    0x2000006c   Section       12  bsp_adc.o(.data)
    .data                                    0x20000078   Section        6  bsp_oled.o(.data)
    SSD1306                                  0x20000078   Data           6  bsp_oled.o(.data)
    .data                                    0x20000080   Section       24  oled_fonts.o(.data)
    .data                                    0x20000098   Section        9  bsp_juice_adc.o(.data)
    .data                                    0x200000a2   Section        4  bsp_key.o(.data)
    key1_state                               0x200000a4   Data           2  bsp_key.o(.data)
    .data                                    0x200000a8   Section       20  user_ps2.o(.data)
    .data                                    0x200000bc   Section        3  user_bluetooth.o(.data)
    .bss                                     0x200000c0   Section       96  bsp_servo.o(.bss)
    .bss                                     0x20000120   Section        9  bsp_ps2.o(.bss)
    .bss                                     0x20000129   Section      128  oled_iic.o(.bss)
    .bss                                     0x200001a9   Section      512  bsp_oled.o(.bss)
    SSD1306_Buffer                           0x200001a9   Data         512  bsp_oled.o(.bss)
    .bss                                     0x200003a9   Section       20  user_vol.o(.bss)
    .bss                                     0x200003bd   Section       10  user_bluetooth.o(.bss)
    STACK                                    0x200003c8   Section     1024  startup_stm32f10x_hd.o(STACK)

    Global Symbols

    Symbol Name                              Value     Ov Type        Size  Object(Section)

    BuildAttributes$$THM_ISAv4$P$D$K$B$S$PE$A:L22UL41UL21$X:L11$S22US41US21$IEEE1$IW$USESV6$~STKCKD$USESV7$~SHL$OTIME$ROPI$EBA8$MICROLIB$REQ8$PRES8$EABIv2 0x00000000   Number         0  anon$$obj.o ABSOLUTE
    __ARM_use_no_argv                        0x00000000   Number         0  main.o ABSOLUTE
    _printf_a                                0x00000000   Number         0  stubs.o ABSOLUTE
    _printf_c                                0x00000000   Number         0  stubs.o ABSOLUTE
    _printf_charcount                        0x00000000   Number         0  stubs.o ABSOLUTE
    _printf_d                                0x00000000   Number         0  stubs.o ABSOLUTE
    _printf_e                                0x00000000   Number         0  stubs.o ABSOLUTE
    _printf_f                                0x00000000   Number         0  stubs.o ABSOLUTE
    _printf_flags                            0x00000000   Number         0  stubs.o ABSOLUTE
    _printf_fp_dec                           0x00000000   Number         0  stubs.o ABSOLUTE
    _printf_fp_hex                           0x00000000   Number         0  stubs.o ABSOLUTE
    _printf_g                                0x00000000   Number         0  stubs.o ABSOLUTE
    _printf_i                                0x00000000   Number         0  stubs.o ABSOLUTE
    _printf_int_dec                          0x00000000   Number         0  stubs.o ABSOLUTE
    _printf_l                                0x00000000   Number         0  stubs.o ABSOLUTE
    _printf_lc                               0x00000000   Number         0  stubs.o ABSOLUTE
    _printf_ll                               0x00000000   Number         0  stubs.o ABSOLUTE
    _printf_lld                              0x00000000   Number         0  stubs.o ABSOLUTE
    _printf_lli                              0x00000000   Number         0  stubs.o ABSOLUTE
    _printf_llo                              0x00000000   Number         0  stubs.o ABSOLUTE
    _printf_llu                              0x00000000   Number         0  stubs.o ABSOLUTE
    _printf_llx                              0x00000000   Number         0  stubs.o ABSOLUTE
    _printf_longlong_dec                     0x00000000   Number         0  stubs.o ABSOLUTE
    _printf_longlong_hex                     0x00000000   Number         0  stubs.o ABSOLUTE
    _printf_longlong_oct                     0x00000000   Number         0  stubs.o ABSOLUTE
    _printf_ls                               0x00000000   Number         0  stubs.o ABSOLUTE
    _printf_mbtowc                           0x00000000   Number         0  stubs.o ABSOLUTE
    _printf_n                                0x00000000   Number         0  stubs.o ABSOLUTE
    _printf_o                                0x00000000   Number         0  stubs.o ABSOLUTE
    _printf_p                                0x00000000   Number         0  stubs.o ABSOLUTE
    _printf_percent                          0x00000000   Number         0  stubs.o ABSOLUTE
    _printf_pre_padding                      0x00000000   Number         0  stubs.o ABSOLUTE
    _printf_return_value                     0x00000000   Number         0  stubs.o ABSOLUTE
    _printf_s                                0x00000000   Number         0  stubs.o ABSOLUTE
    _printf_sizespec                         0x00000000   Number         0  stubs.o ABSOLUTE
    _printf_str                              0x00000000   Number         0  stubs.o ABSOLUTE
    _printf_truncate_signed                  0x00000000   Number         0  stubs.o ABSOLUTE
    _printf_truncate_unsigned                0x00000000   Number         0  stubs.o ABSOLUTE
    _printf_u                                0x00000000   Number         0  stubs.o ABSOLUTE
    _printf_wc                               0x00000000   Number         0  stubs.o ABSOLUTE
    _printf_wctomb                           0x00000000   Number         0  stubs.o ABSOLUTE
    _printf_widthprec                        0x00000000   Number         0  stubs.o ABSOLUTE
    _printf_x                                0x00000000   Number         0  stubs.o ABSOLUTE
    __cpp_initialize__aeabi_                  - Undefined Weak Reference
    __cxa_finalize                            - Undefined Weak Reference
    __decompress                              - Undefined Weak Reference
    _clock_init                               - Undefined Weak Reference
    _microlib_exit                            - Undefined Weak Reference
    __Vectors_Size                           0x00000130   Number         0  startup_stm32f10x_hd.o ABSOLUTE
    __Vectors                                0x08000000   Data           4  startup_stm32f10x_hd.o(RESET)
    __Vectors_End                            0x08000130   Data           0  startup_stm32f10x_hd.o(RESET)
    __main                                   0x08000131   Thumb Code     0  entry.o(.ARM.Collect$$$$00000000)
    _main_stk                                0x08000131   Thumb Code     0  entry2.o(.ARM.Collect$$$$00000001)
    _main_scatterload                        0x08000135   Thumb Code     0  entry5.o(.ARM.Collect$$$$00000004)
    __main_after_scatterload                 0x08000139   Thumb Code     0  entry5.o(.ARM.Collect$$$$00000004)
    _main_clock                              0x08000139   Thumb Code     0  entry7b.o(.ARM.Collect$$$$00000008)
    _main_cpp_init                           0x08000139   Thumb Code     0  entry8b.o(.ARM.Collect$$$$0000000A)
    _main_init                               0x08000139   Thumb Code     0  entry9a.o(.ARM.Collect$$$$0000000B)
    __rt_final_cpp                           0x08000141   Thumb Code     0  entry10a.o(.ARM.Collect$$$$0000000D)
    __rt_final_exit                          0x08000141   Thumb Code     0  entry11a.o(.ARM.Collect$$$$0000000F)
    Reset_Handler                            0x08000145   Thumb Code     8  startup_stm32f10x_hd.o(.text)
    ADC1_2_IRQHandler                        0x0800015f   Thumb Code     0  startup_stm32f10x_hd.o(.text)
    ADC3_IRQHandler                          0x0800015f   Thumb Code     0  startup_stm32f10x_hd.o(.text)
    CAN1_RX1_IRQHandler                      0x0800015f   Thumb Code     0  startup_stm32f10x_hd.o(.text)
    CAN1_SCE_IRQHandler                      0x0800015f   Thumb Code     0  startup_stm32f10x_hd.o(.text)
    DMA1_Channel1_IRQHandler                 0x0800015f   Thumb Code     0  startup_stm32f10x_hd.o(.text)
    DMA1_Channel2_IRQHandler                 0x0800015f   Thumb Code     0  startup_stm32f10x_hd.o(.text)
    DMA1_Channel3_IRQHandler                 0x0800015f   Thumb Code     0  startup_stm32f10x_hd.o(.text)
    DMA1_Channel4_IRQHandler                 0x0800015f   Thumb Code     0  startup_stm32f10x_hd.o(.text)
    DMA1_Channel5_IRQHandler                 0x0800015f   Thumb Code     0  startup_stm32f10x_hd.o(.text)
    DMA1_Channel6_IRQHandler                 0x0800015f   Thumb Code     0  startup_stm32f10x_hd.o(.text)
    DMA1_Channel7_IRQHandler                 0x0800015f   Thumb Code     0  startup_stm32f10x_hd.o(.text)
    DMA2_Channel1_IRQHandler                 0x0800015f   Thumb Code     0  startup_stm32f10x_hd.o(.text)
    DMA2_Channel2_IRQHandler                 0x0800015f   Thumb Code     0  startup_stm32f10x_hd.o(.text)
    DMA2_Channel3_IRQHandler                 0x0800015f   Thumb Code     0  startup_stm32f10x_hd.o(.text)
    DMA2_Channel4_5_IRQHandler               0x0800015f   Thumb Code     0  startup_stm32f10x_hd.o(.text)
    EXTI0_IRQHandler                         0x0800015f   Thumb Code     0  startup_stm32f10x_hd.o(.text)
    EXTI15_10_IRQHandler                     0x0800015f   Thumb Code     0  startup_stm32f10x_hd.o(.text)
    EXTI1_IRQHandler                         0x0800015f   Thumb Code     0  startup_stm32f10x_hd.o(.text)
    EXTI2_IRQHandler                         0x0800015f   Thumb Code     0  startup_stm32f10x_hd.o(.text)
    EXTI3_IRQHandler                         0x0800015f   Thumb Code     0  startup_stm32f10x_hd.o(.text)
    EXTI4_IRQHandler                         0x0800015f   Thumb Code     0  startup_stm32f10x_hd.o(.text)
    EXTI9_5_IRQHandler                       0x0800015f   Thumb Code     0  startup_stm32f10x_hd.o(.text)
    FLASH_IRQHandler                         0x0800015f   Thumb Code     0  startup_stm32f10x_hd.o(.text)
    FSMC_IRQHandler                          0x0800015f   Thumb Code     0  startup_stm32f10x_hd.o(.text)
    I2C1_ER_IRQHandler                       0x0800015f   Thumb Code     0  startup_stm32f10x_hd.o(.text)
    I2C1_EV_IRQHandler                       0x0800015f   Thumb Code     0  startup_stm32f10x_hd.o(.text)
    I2C2_ER_IRQHandler                       0x0800015f   Thumb Code     0  startup_stm32f10x_hd.o(.text)
    I2C2_EV_IRQHandler                       0x0800015f   Thumb Code     0  startup_stm32f10x_hd.o(.text)
    PVD_IRQHandler                           0x0800015f   Thumb Code     0  startup_stm32f10x_hd.o(.text)
    RCC_IRQHandler                           0x0800015f   Thumb Code     0  startup_stm32f10x_hd.o(.text)
    RTCAlarm_IRQHandler                      0x0800015f   Thumb Code     0  startup_stm32f10x_hd.o(.text)
    RTC_IRQHandler                           0x0800015f   Thumb Code     0  startup_stm32f10x_hd.o(.text)
    SDIO_IRQHandler                          0x0800015f   Thumb Code     0  startup_stm32f10x_hd.o(.text)
    SPI1_IRQHandler                          0x0800015f   Thumb Code     0  startup_stm32f10x_hd.o(.text)
    SPI2_IRQHandler                          0x0800015f   Thumb Code     0  startup_stm32f10x_hd.o(.text)
    SPI3_IRQHandler                          0x0800015f   Thumb Code     0  startup_stm32f10x_hd.o(.text)
    TAMPER_IRQHandler                        0x0800015f   Thumb Code     0  startup_stm32f10x_hd.o(.text)
    TIM1_BRK_IRQHandler                      0x0800015f   Thumb Code     0  startup_stm32f10x_hd.o(.text)
    TIM1_CC_IRQHandler                       0x0800015f   Thumb Code     0  startup_stm32f10x_hd.o(.text)
    TIM1_TRG_COM_IRQHandler                  0x0800015f   Thumb Code     0  startup_stm32f10x_hd.o(.text)
    TIM4_IRQHandler                          0x0800015f   Thumb Code     0  startup_stm32f10x_hd.o(.text)
    TIM5_IRQHandler                          0x0800015f   Thumb Code     0  startup_stm32f10x_hd.o(.text)
    TIM6_IRQHandler                          0x0800015f   Thumb Code     0  startup_stm32f10x_hd.o(.text)
    TIM7_IRQHandler                          0x0800015f   Thumb Code     0  startup_stm32f10x_hd.o(.text)
    TIM8_BRK_IRQHandler                      0x0800015f   Thumb Code     0  startup_stm32f10x_hd.o(.text)
    TIM8_CC_IRQHandler                       0x0800015f   Thumb Code     0  startup_stm32f10x_hd.o(.text)
    TIM8_TRG_COM_IRQHandler                  0x0800015f   Thumb Code     0  startup_stm32f10x_hd.o(.text)
    TIM8_UP_IRQHandler                       0x0800015f   Thumb Code     0  startup_stm32f10x_hd.o(.text)
    UART4_IRQHandler                         0x0800015f   Thumb Code     0  startup_stm32f10x_hd.o(.text)
    USART2_IRQHandler                        0x0800015f   Thumb Code     0  startup_stm32f10x_hd.o(.text)
    USBWakeUp_IRQHandler                     0x0800015f   Thumb Code     0  startup_stm32f10x_hd.o(.text)
    USB_HP_CAN1_TX_IRQHandler                0x0800015f   Thumb Code     0  startup_stm32f10x_hd.o(.text)
    USB_LP_CAN1_RX0_IRQHandler               0x0800015f   Thumb Code     0  startup_stm32f10x_hd.o(.text)
    WWDG_IRQHandler                          0x0800015f   Thumb Code     0  startup_stm32f10x_hd.o(.text)
    __aeabi_memset                           0x08000169   Thumb Code    14  memseta.o(.text)
    __aeabi_memset4                          0x08000169   Thumb Code     0  memseta.o(.text)
    __aeabi_memset8                          0x08000169   Thumb Code     0  memseta.o(.text)
    __aeabi_memclr                           0x08000177   Thumb Code     4  memseta.o(.text)
    __aeabi_memclr4                          0x08000177   Thumb Code     0  memseta.o(.text)
    __aeabi_memclr8                          0x08000177   Thumb Code     0  memseta.o(.text)
    _memset$wrapper                          0x0800017b   Thumb Code    18  memseta.o(.text)
    __aeabi_fmul                             0x0800018d   Thumb Code   100  fmul.o(.text)
    __aeabi_dmul                             0x080001f1   Thumb Code   228  dmul.o(.text)
    __aeabi_ddiv                             0x080002d5   Thumb Code   222  ddiv.o(.text)
    __aeabi_ui2f                             0x080003b3   Thumb Code    10  ffltui.o(.text)
    __aeabi_i2d                              0x080003bd   Thumb Code    34  dflti.o(.text)
    __aeabi_f2iz                             0x080003df   Thumb Code    50  ffixi.o(.text)
    __aeabi_f2d                              0x08000411   Thumb Code    38  f2d.o(.text)
    __aeabi_d2f                              0x08000437   Thumb Code    56  d2f.o(.text)
    __aeabi_uidiv                            0x0800046f   Thumb Code     0  uidiv.o(.text)
    __aeabi_uidivmod                         0x0800046f   Thumb Code    44  uidiv.o(.text)
    __aeabi_uldivmod                         0x0800049b   Thumb Code    98  uldiv.o(.text)
    __I$use$fp                               0x080004fd   Thumb Code     0  iusefp.o(.text)
    _float_round                             0x080004fd   Thumb Code    18  fepilogue.o(.text)
    _float_epilogue                          0x0800050f   Thumb Code    92  fepilogue.o(.text)
    _double_round                            0x0800056b   Thumb Code    30  depilogue.o(.text)
    _double_epilogue                         0x08000589   Thumb Code   156  depilogue.o(.text)
    __aeabi_dadd                             0x08000625   Thumb Code   322  dadd.o(.text)
    __aeabi_dsub                             0x08000767   Thumb Code     6  dadd.o(.text)
    __aeabi_drsub                            0x0800076d   Thumb Code     6  dadd.o(.text)
    __aeabi_d2ulz                            0x08000773   Thumb Code    48  dfixul.o(.text)
    __aeabi_cdrcmple                         0x080007a5   Thumb Code    48  cdrcmple.o(.text)
    __scatterload                            0x080007d5   Thumb Code    28  init.o(.text)
    __scatterload_rt2                        0x080007d5   Thumb Code     0  init.o(.text)
    __aeabi_llsl                             0x080007f9   Thumb Code    30  llshl.o(.text)
    _ll_shift_l                              0x080007f9   Thumb Code     0  llshl.o(.text)
    __aeabi_llsr                             0x08000817   Thumb Code    32  llushr.o(.text)
    _ll_ushift_r                             0x08000817   Thumb Code     0  llushr.o(.text)
    __aeabi_lasr                             0x08000837   Thumb Code    36  llsshr.o(.text)
    _ll_sshift_r                             0x08000837   Thumb Code     0  llsshr.o(.text)
    ADC_Cmd                                  0x0800085b   Thumb Code    22  stm32f10x_adc.o(i.ADC_Cmd)
    ADC_DeInit                               0x08000871   Thumb Code    78  stm32f10x_adc.o(i.ADC_DeInit)
    ADC_GetCalibrationStatus                 0x080008cd   Thumb Code    20  stm32f10x_adc.o(i.ADC_GetCalibrationStatus)
    ADC_GetConversionValue                   0x080008e1   Thumb Code     8  stm32f10x_adc.o(i.ADC_GetConversionValue)
    ADC_GetFlagStatus                        0x080008e9   Thumb Code    18  stm32f10x_adc.o(i.ADC_GetFlagStatus)
    ADC_GetResetCalibrationStatus            0x080008fb   Thumb Code    20  stm32f10x_adc.o(i.ADC_GetResetCalibrationStatus)
    ADC_Init                                 0x08000911   Thumb Code    70  stm32f10x_adc.o(i.ADC_Init)
    ADC_RegularChannelConfig                 0x08000961   Thumb Code   184  stm32f10x_adc.o(i.ADC_RegularChannelConfig)
    ADC_ResetCalibration                     0x08000a19   Thumb Code    10  stm32f10x_adc.o(i.ADC_ResetCalibration)
    ADC_SoftwareStartConvCmd                 0x08000a23   Thumb Code    22  stm32f10x_adc.o(i.ADC_SoftwareStartConvCmd)
    ADC_StartCalibration                     0x08000a39   Thumb Code    10  stm32f10x_adc.o(i.ADC_StartCalibration)
    Adc_Get_Average                          0x08000a43   Thumb Code    40  bsp_adc.o(i.Adc_Get_Average)
    Adc_Get_Battery_Volotage                 0x08000a6d   Thumb Code    40  bsp_adc.o(i.Adc_Get_Battery_Volotage)
    Adc_Get_Measure_Volotage                 0x08000a9d   Thumb Code    32  bsp_adc.o(i.Adc_Get_Measure_Volotage)
    Adc_vol_init                             0x08000ac1   Thumb Code   132  bsp_adc.o(i.Adc_vol_init)
    BKP_TamperPinCmd                         0x08000b4d   Thumb Code     6  stm32f10x_bkp.o(i.BKP_TamperPinCmd)
    Bsp_Bat_State                            0x08000b59   Thumb Code    80  bsp_adc.o(i.Bsp_Bat_State)
    Bsp_Bat_Voltage_Z100                     0x08000bb9   Thumb Code     6  bsp_adc.o(i.Bsp_Bat_Voltage_Z100)
    BusFault_Handler                         0x08000bc5   Thumb Code     4  stm32f10x_it.o(i.BusFault_Handler)
    DebugMon_Handler                         0x08000bc9   Thumb Code     2  stm32f10x_it.o(i.DebugMon_Handler)
    GPIO_Init                                0x08000bf1   Thumb Code   278  stm32f10x_gpio.o(i.GPIO_Init)
    GPIO_PinRemapConfig                      0x08000d09   Thumb Code   138  stm32f10x_gpio.o(i.GPIO_PinRemapConfig)
    GPIO_ReadInputDataBit                    0x08000d99   Thumb Code    18  stm32f10x_gpio.o(i.GPIO_ReadInputDataBit)
    GPIO_ResetBits                           0x08000dab   Thumb Code     4  stm32f10x_gpio.o(i.GPIO_ResetBits)
    GPIO_SetBits                             0x08000daf   Thumb Code     4  stm32f10x_gpio.o(i.GPIO_SetBits)
    Get_Adc                                  0x08000db5   Thumb Code    46  bsp_adc.o(i.Get_Adc)
    HardFault_Handler                        0x08000de9   Thumb Code     4  stm32f10x_it.o(i.HardFault_Handler)
    IIC_Init                                 0x08000ded   Thumb Code    36  oled_iic.o(i.IIC_Init)
    IIC_Send_Byte                            0x08000e19   Thumb Code    88  oled_iic.o(i.IIC_Send_Byte)
    IIC_Start                                0x08000e7d   Thumb Code    92  oled_iic.o(i.IIC_Start)
    IIC_Stop                                 0x08000ee5   Thumb Code    68  oled_iic.o(i.IIC_Stop)
    IIC_Wait_Ack                             0x08000f35   Thumb Code    92  oled_iic.o(i.IIC_Wait_Ack)
    J_Adc_Get_Average                        0x08000f9d   Thumb Code    40  bsp_juice_adc.o(i.J_Adc_Get_Average)
    J_Adc_Get_Battery_Volotage               0x08000fc5   Thumb Code    12  bsp_juice_adc.o(i.J_Adc_Get_Battery_Volotage)
    J_Adc_Get_Measure_Volotage               0x08000fd1   Thumb Code    32  bsp_juice_adc.o(i.J_Adc_Get_Measure_Volotage)
    J_Adc_init                               0x08000ff5   Thumb Code   132  bsp_juice_adc.o(i.J_Adc_init)
    J_Bsp_Bat_State                          0x08001081   Thumb Code    66  bsp_juice_adc.o(i.J_Bsp_Bat_State)
    J_Bsp_Bat_Voltage_Z100                   0x080010d1   Thumb Code     6  bsp_juice_adc.o(i.J_Bsp_Bat_Voltage_Z100)
    J_Get_Adc                                0x080010dd   Thumb Code    46  bsp_juice_adc.o(i.J_Get_Adc)
    Key1_State                               0x08001111   Thumb Code    66  bsp_key.o(i.Key1_State)
    Key_GPIO_Init                            0x08001179   Thumb Code    34  bsp_key.o(i.Key_GPIO_Init)
    MemManage_Handler                        0x080011a1   Thumb Code     4  stm32f10x_it.o(i.MemManage_Handler)
    NMI_Handler                              0x080011a5   Thumb Code     2  stm32f10x_it.o(i.NMI_Handler)
    NVIC_Init                                0x080011a9   Thumb Code   100  misc.o(i.NVIC_Init)
    NVIC_PriorityGroupConfig                 0x08001219   Thumb Code    10  misc.o(i.NVIC_PriorityGroupConfig)
    OLED_Clear                               0x0800122d   Thumb Code    10  bsp_oled.o(i.OLED_Clear)
    OLED_Draw_Line                           0x08001237   Thumb Code    42  bsp_oled.o(i.OLED_Draw_Line)
    OLED_Draw_String                         0x08001261   Thumb Code    54  bsp_oled.o(i.OLED_Draw_String)
    OLED_Refresh                             0x0800129d   Thumb Code     8  bsp_oled.o(i.OLED_Refresh)
    PS2_AnologData                           0x080012a5   Thumb Code     8  bsp_ps2.o(i.PS2_AnologData)
    PS2_ClearData                            0x080012b1   Thumb Code    20  bsp_ps2.o(i.PS2_ClearData)
    PS2_Cmd                                  0x080012c9   Thumb Code   130  bsp_ps2.o(i.PS2_Cmd)
    PS2_DataKey                              0x08001359   Thumb Code    70  bsp_ps2.o(i.PS2_DataKey)
    PS2_EnterConfing                         0x080013ad   Thumb Code    84  bsp_ps2.o(i.PS2_EnterConfing)
    PS2_ExitConfing                          0x08001409   Thumb Code    84  bsp_ps2.o(i.PS2_ExitConfing)
    PS2_Init                                 0x08001465   Thumb Code   138  bsp_ps2.o(i.PS2_Init)
    PS2_ReadData                             0x080014f5   Thumb Code   164  bsp_ps2.o(i.PS2_ReadData)
    PS2_SetInit                              0x080015a9   Thumb Code    28  bsp_ps2.o(i.PS2_SetInit)
    PS2_ShortPoll                            0x080015c5   Thumb Code    60  bsp_ps2.o(i.PS2_ShortPoll)
    PS2_TurnOnAnalogMode                     0x08001609   Thumb Code    78  bsp_ps2.o(i.PS2_TurnOnAnalogMode)
    PWR_BackupAccessCmd                      0x08001661   Thumb Code     6  stm32f10x_pwr.o(i.PWR_BackupAccessCmd)
    PendSV_Handler                           0x0800166d   Thumb Code     2  stm32f10x_it.o(i.PendSV_Handler)
    RCC_ADCCLKConfig                         0x08001671   Thumb Code    18  stm32f10x_rcc.o(i.RCC_ADCCLKConfig)
    RCC_APB1PeriphClockCmd                   0x08001689   Thumb Code    26  stm32f10x_rcc.o(i.RCC_APB1PeriphClockCmd)
    RCC_APB1PeriphResetCmd                   0x080016a9   Thumb Code    26  stm32f10x_rcc.o(i.RCC_APB1PeriphResetCmd)
    RCC_APB2PeriphClockCmd                   0x080016c9   Thumb Code    26  stm32f10x_rcc.o(i.RCC_APB2PeriphClockCmd)
    RCC_APB2PeriphResetCmd                   0x080016e9   Thumb Code    26  stm32f10x_rcc.o(i.RCC_APB2PeriphResetCmd)
    RCC_GetClocksFreq                        0x08001709   Thumb Code   192  stm32f10x_rcc.o(i.RCC_GetClocksFreq)
    RCC_LSEConfig                            0x080017dd   Thumb Code    46  stm32f10x_rcc.o(i.RCC_LSEConfig)
    SSD1306_DrawPixel                        0x08001811   Thumb Code   152  bsp_oled.o(i.SSD1306_DrawPixel)
    SSD1306_Fill                             0x080018b1   Thumb Code    26  bsp_oled.o(i.SSD1306_Fill)
    SSD1306_GotoXY                           0x080018d1   Thumb Code     8  bsp_oled.o(i.SSD1306_GotoXY)
    SSD1306_Init                             0x080018dd   Thumb Code   318  bsp_oled.o(i.SSD1306_Init)
    SSD1306_Putc                             0x08001a21   Thumb Code   164  bsp_oled.o(i.SSD1306_Putc)
    SSD1306_Puts                             0x08001ac9   Thumb Code    42  bsp_oled.o(i.SSD1306_Puts)
    SSD1306_UpdateScreen                     0x08001af5   Thumb Code    68  bsp_oled.o(i.SSD1306_UpdateScreen)
    SVC_Handler                              0x08001b3d   Thumb Code     2  stm32f10x_it.o(i.SVC_Handler)
    Servo_GPIO_Init                          0x08001b41   Thumb Code   864  bsp_gpio.o(i.Servo_GPIO_Init)
    SysTick_CLKSourceConfig                  0x08001f95   Thumb Code    40  misc.o(i.SysTick_CLKSourceConfig)
    SysTick_Handler                          0x08001fbd   Thumb Code     2  stm32f10x_it.o(i.SysTick_Handler)
    SystemInit                               0x08001fc1   Thumb Code    78  system_stm32f10x.o(i.SystemInit)
    TIM1_Int_Init                            0x08002021   Thumb Code    98  bsp_timer.o(i.TIM1_Int_Init)
    TIM1_UP_IRQHandler                       0x08002089   Thumb Code  1324  bsp_timer.o(i.TIM1_UP_IRQHandler)
    TIM2_IRQHandler                          0x080025cd   Thumb Code    38  bsp_beep.o(i.TIM2_IRQHandler)
    TIM3_IRQHandler                          0x080025f9   Thumb Code   110  bsp_beep.o(i.TIM3_IRQHandler)
    TIM_ClearITPendingBit                    0x08002679   Thumb Code     6  stm32f10x_tim.o(i.TIM_ClearITPendingBit)
    TIM_Cmd                                  0x0800267f   Thumb Code    24  stm32f10x_tim.o(i.TIM_Cmd)
    TIM_DeInit                               0x08002699   Thumb Code   424  stm32f10x_tim.o(i.TIM_DeInit)
    TIM_GetITStatus                          0x08002881   Thumb Code    34  stm32f10x_tim.o(i.TIM_GetITStatus)
    TIM_ITConfig                             0x080028a3   Thumb Code    18  stm32f10x_tim.o(i.TIM_ITConfig)
    TIM_TimeBaseInit                         0x080028b5   Thumb Code   122  stm32f10x_tim.o(i.TIM_TimeBaseInit)
    UART5_IRQHandler                         0x08002959   Thumb Code    30  bsp_usart.o(i.UART5_IRQHandler)
    UART5_init                               0x0800297d   Thumb Code   168  bsp_usart.o(i.UART5_init)
    USART1_IRQHandler                        0x08002a31   Thumb Code    32  bsp_usart.o(i.USART1_IRQHandler)
    USART1_Send_U8                           0x08002a55   Thumb Code    28  bsp_usart.o(i.USART1_Send_U8)
    USART1_init                              0x08002a75   Thumb Code   174  bsp_usart.o(i.USART1_init)
    USART3_IRQHandler                        0x08002b2d   Thumb Code    30  bsp_usart.o(i.USART3_IRQHandler)
    USART3_init                              0x08002b51   Thumb Code   180  bsp_usart.o(i.USART3_init)
    USART_ClearFlag                          0x08002c11   Thumb Code    18  stm32f10x_usart.o(i.USART_ClearFlag)
    USART_Cmd                                0x08002c23   Thumb Code    24  stm32f10x_usart.o(i.USART_Cmd)
    USART_GetFlagStatus                      0x08002c3b   Thumb Code    26  stm32f10x_usart.o(i.USART_GetFlagStatus)
    USART_GetITStatus                        0x08002c55   Thumb Code    84  stm32f10x_usart.o(i.USART_GetITStatus)
    USART_ITConfig                           0x08002ca9   Thumb Code    74  stm32f10x_usart.o(i.USART_ITConfig)
    USART_Init                               0x08002cf5   Thumb Code   210  stm32f10x_usart.o(i.USART_Init)
    USART_ReceiveData                        0x08002dcd   Thumb Code    10  stm32f10x_usart.o(i.USART_ReceiveData)
    USART_SendData                           0x08002dd7   Thumb Code     8  stm32f10x_usart.o(i.USART_SendData)
    UsageFault_Handler                       0x08002ddf   Thumb Code     4  stm32f10x_it.o(i.UsageFault_Handler)
    __0sprintf                               0x08002de5   Thumb Code    34  printfa.o(i.__0sprintf)
    __1sprintf                               0x08002de5   Thumb Code     0  printfa.o(i.__0sprintf)
    __2sprintf                               0x08002de5   Thumb Code     0  printfa.o(i.__0sprintf)
    __c89sprintf                             0x08002de5   Thumb Code     0  printfa.o(i.__0sprintf)
    sprintf                                  0x08002de5   Thumb Code     0  printfa.o(i.__0sprintf)
    __scatterload_copy                       0x08002e0d   Thumb Code    14  handlers.o(i.__scatterload_copy)
    __scatterload_null                       0x08002e1b   Thumb Code     2  handlers.o(i.__scatterload_null)
    __scatterload_zeroinit                   0x08002e1d   Thumb Code    14  handlers.o(i.__scatterload_zeroinit)
    beep_start_stop                          0x080036e9   Thumb Code    60  bsp_beep.o(i.beep_start_stop)
    beep_timer                               0x0800372d   Thumb Code   108  bsp_beep.o(i.beep_timer)
    bsp_init                                 0x08003799   Thumb Code   138  bsp.o(i.bsp_init)
    deal_bluetooth                           0x0800383d   Thumb Code    78  user_bluetooth.o(i.deal_bluetooth)
    deal_data                                0x08003899   Thumb Code   100  user_bluetooth.o(i.deal_data)
    dectect_beep                             0x08003905   Thumb Code   152  user_vol.o(i.dectect_beep)
    delay_init                               0x080039e9   Thumb Code    60  delay.o(i.delay_init)
    delay_ms                                 0x08003a35   Thumb Code    56  delay.o(i.delay_ms)
    delay_us                                 0x08003a71   Thumb Code    56  delay.o(i.delay_us)
    i2cWrite                                 0x08003aad   Thumb Code    96  oled_iic.o(i.i2cWrite)
    i2c_scanf_addr                           0x08003b0d   Thumb Code    56  oled_iic.o(i.i2c_scanf_addr)
    init_beep                                0x08003b49   Thumb Code    44  bsp_beep.o(i.init_beep)
    init_led                                 0x08003b79   Thumb Code    50  bsp_beep.o(i.init_led)
    led_timer                                0x08003bb1   Thumb Code   108  bsp_beep.o(i.led_timer)
    main                                     0x08003c21   Thumb Code    88  main.o(i.main)
    set_beep                                 0x08003c81   Thumb Code    12  bsp_beep.o(i.set_beep)
    ssd1306_I2C_Write                        0x08003c91   Thumb Code    20  bsp_oled.o(i.ssd1306_I2C_Write)
    ssd1306_I2C_WriteMulti                   0x08003ca5   Thumb Code    28  bsp_oled.o(i.ssd1306_I2C_WriteMulti)
    user_douji                               0x08003cc1   Thumb Code  1088  user_ps2.o(i.user_douji)
    void_jutce                               0x08004109   Thumb Code   156  user_vol.o(i.void_jutce)
    Font7x10                                 0x080041d8   Data        1900  oled_fonts.o(.constdata)
    Font11x18                                0x08004944   Data        3420  oled_fonts.o(.constdata)
    Font16x26                                0x080056a0   Data        4940  oled_fonts.o(.constdata)
    Region$$Table$$Base                      0x080069ec   Number         0  anon$$obj.o(Region$$Table)
    Region$$Table$$Limit                     0x08006a0c   Number         0  anon$$obj.o(Region$$Table)
    grop                                     0x20000000   Data           1  main.o(.data)
    version                                  0x20000004   Data           4  main.o(.data)
    SystemCoreClock                          0x20000008   Data           4  system_stm32f10x.o(.data)
    AHBPrescTable                            0x2000000c   Data          16  system_stm32f10x.o(.data)
    num                                      0x20000034   Data           4  bsp_timer.o(.data)
    times                                    0x20000038   Data           4  bsp_timer.o(.data)
    Handkey                                  0x2000003c   Data           2  bsp_ps2.o(.data)
    Comd                                     0x2000003e   Data           2  bsp_ps2.o(.data)
    MASK                                     0x20000040   Data          32  bsp_ps2.o(.data)
    beep_time                                0x20000060   Data           4  bsp_beep.o(.data)
    led_time                                 0x20000064   Data           4  bsp_beep.o(.data)
    led_state                                0x20000068   Data           1  bsp_beep.o(.data)
    g_bat_state                              0x2000006c   Data           1  bsp_adc.o(.data)
    Voltage_Z100                             0x20000070   Data           4  bsp_adc.o(.data)
    Voltage_Low_Count                        0x20000074   Data           4  bsp_adc.o(.data)
    Font_7x10                                0x20000080   Data           8  oled_fonts.o(.data)
    Font_11x18                               0x20000088   Data           8  oled_fonts.o(.data)
    Font_16x26                               0x20000090   Data           8  oled_fonts.o(.data)
    Voltage_JUNCE                            0x20000098   Data           4  bsp_juice_adc.o(.data)
    Jucet_Low_Count                          0x2000009c   Data           4  bsp_juice_adc.o(.data)
    J_bat_state                              0x200000a0   Data           1  bsp_juice_adc.o(.data)
    g_key1_long_press                        0x200000a2   Data           2  bsp_key.o(.data)
    PS2_LX                                   0x200000a8   Data           4  user_ps2.o(.data)
    PS2_LY                                   0x200000ac   Data           4  user_ps2.o(.data)
    PS2_RX                                   0x200000b0   Data           4  user_ps2.o(.data)
    PS2_RY                                   0x200000b4   Data           4  user_ps2.o(.data)
    PS2_KEY                                  0x200000b8   Data           4  user_ps2.o(.data)
    recv_i                                   0x200000bc   Data           1  user_bluetooth.o(.data)
    rx_flag                                  0x200000bd   Data           1  user_bluetooth.o(.data)
    newdata_flag                             0x200000be   Data           1  user_bluetooth.o(.data)
    Angle_J                                  0x200000c0   Data          96  bsp_servo.o(.bss)
    Data                                     0x20000120   Data           9  bsp_ps2.o(.bss)
    g_addr                                   0x20000129   Data         128  oled_iic.o(.bss)
    buf                                      0x200003a9   Data          20  user_vol.o(.bss)
    rxbuff                                   0x200003bd   Data          10  user_bluetooth.o(.bss)
    __initial_sp                             0x200007c8   Data           0  startup_stm32f10x_hd.o(STACK)



==============================================================================

Memory Map of the image

  Image Entry point : 0x08000131

  Load Region LR_IROM1 (Base: 0x08000000, Size: 0x00006acc, Max: 0x00080000, ABSOLUTE)

    Execution Region ER_IROM1 (Exec base: 0x08000000, Load base: 0x08000000, Size: 0x00006a0c, Max: 0x00080000, ABSOLUTE)

    Exec Addr    Load Addr    Size         Type   Attr      Idx    E Section Name        Object

    0x08000000   0x08000000   0x00000130   Data   RO          272    RESET               startup_stm32f10x_hd.o
    0x08000130   0x08000130   0x00000000   Code   RO         4143  * .ARM.Collect$$$$00000000  mc_w.l(entry.o)
    0x08000130   0x08000130   0x00000004   Code   RO         4425    .ARM.Collect$$$$00000001  mc_w.l(entry2.o)
    0x08000134   0x08000134   0x00000004   Code   RO         4428    .ARM.Collect$$$$00000004  mc_w.l(entry5.o)
    0x08000138   0x08000138   0x00000000   Code   RO         4430    .ARM.Collect$$$$00000008  mc_w.l(entry7b.o)
    0x08000138   0x08000138   0x00000000   Code   RO         4432    .ARM.Collect$$$$0000000A  mc_w.l(entry8b.o)
    0x08000138   0x08000138   0x00000008   Code   RO         4433    .ARM.Collect$$$$0000000B  mc_w.l(entry9a.o)
    0x08000140   0x08000140   0x00000000   Code   RO         4435    .ARM.Collect$$$$0000000D  mc_w.l(entry10a.o)
    0x08000140   0x08000140   0x00000000   Code   RO         4437    .ARM.Collect$$$$0000000F  mc_w.l(entry11a.o)
    0x08000140   0x08000140   0x00000004   Code   RO         4426    .ARM.Collect$$$$00002712  mc_w.l(entry2.o)
    0x08000144   0x08000144   0x00000024   Code   RO          273    .text               startup_stm32f10x_hd.o
    0x08000168   0x08000168   0x00000024   Code   RO         4146    .text               mc_w.l(memseta.o)
    0x0800018c   0x0800018c   0x00000064   Code   RO         4409    .text               mf_w.l(fmul.o)
    0x080001f0   0x080001f0   0x000000e4   Code   RO         4411    .text               mf_w.l(dmul.o)
    0x080002d4   0x080002d4   0x000000de   Code   RO         4413    .text               mf_w.l(ddiv.o)
    0x080003b2   0x080003b2   0x0000000a   Code   RO         4415    .text               mf_w.l(ffltui.o)
    0x080003bc   0x080003bc   0x00000022   Code   RO         4417    .text               mf_w.l(dflti.o)
    0x080003de   0x080003de   0x00000032   Code   RO         4419    .text               mf_w.l(ffixi.o)
    0x08000410   0x08000410   0x00000026   Code   RO         4421    .text               mf_w.l(f2d.o)
    0x08000436   0x08000436   0x00000038   Code   RO         4423    .text               mf_w.l(d2f.o)
    0x0800046e   0x0800046e   0x0000002c   Code   RO         4440    .text               mc_w.l(uidiv.o)
    0x0800049a   0x0800049a   0x00000062   Code   RO         4442    .text               mc_w.l(uldiv.o)
    0x080004fc   0x080004fc   0x00000000   Code   RO         4444    .text               mc_w.l(iusefp.o)
    0x080004fc   0x080004fc   0x0000006e   Code   RO         4445    .text               mf_w.l(fepilogue.o)
    0x0800056a   0x0800056a   0x000000ba   Code   RO         4447    .text               mf_w.l(depilogue.o)
    0x08000624   0x08000624   0x0000014e   Code   RO         4449    .text               mf_w.l(dadd.o)
    0x08000772   0x08000772   0x00000030   Code   RO         4451    .text               mf_w.l(dfixul.o)
    0x080007a2   0x080007a2   0x00000002   PAD
    0x080007a4   0x080007a4   0x00000030   Code   RO         4453    .text               mf_w.l(cdrcmple.o)
    0x080007d4   0x080007d4   0x00000024   Code   RO         4455    .text               mc_w.l(init.o)
    0x080007f8   0x080007f8   0x0000001e   Code   RO         4457    .text               mc_w.l(llshl.o)
    0x08000816   0x08000816   0x00000020   Code   RO         4459    .text               mc_w.l(llushr.o)
    0x08000836   0x08000836   0x00000024   Code   RO         4461    .text               mc_w.l(llsshr.o)
    0x0800085a   0x0800085a   0x00000016   Code   RO          319    i.ADC_Cmd           stm32f10x_adc.o
    0x08000870   0x08000870   0x0000005c   Code   RO          321    i.ADC_DeInit        stm32f10x_adc.o
    0x080008cc   0x080008cc   0x00000014   Code   RO          327    i.ADC_GetCalibrationStatus  stm32f10x_adc.o
    0x080008e0   0x080008e0   0x00000008   Code   RO          328    i.ADC_GetConversionValue  stm32f10x_adc.o
    0x080008e8   0x080008e8   0x00000012   Code   RO          330    i.ADC_GetFlagStatus  stm32f10x_adc.o
    0x080008fa   0x080008fa   0x00000014   Code   RO          333    i.ADC_GetResetCalibrationStatus  stm32f10x_adc.o
    0x0800090e   0x0800090e   0x00000002   PAD
    0x08000910   0x08000910   0x00000050   Code   RO          337    i.ADC_Init          stm32f10x_adc.o
    0x08000960   0x08000960   0x000000b8   Code   RO          341    i.ADC_RegularChannelConfig  stm32f10x_adc.o
    0x08000a18   0x08000a18   0x0000000a   Code   RO          342    i.ADC_ResetCalibration  stm32f10x_adc.o
    0x08000a22   0x08000a22   0x00000016   Code   RO          344    i.ADC_SoftwareStartConvCmd  stm32f10x_adc.o
    0x08000a38   0x08000a38   0x0000000a   Code   RO          346    i.ADC_StartCalibration  stm32f10x_adc.o
    0x08000a42   0x08000a42   0x00000028   Code   RO         3552    i.Adc_Get_Average   bsp_adc.o
    0x08000a6a   0x08000a6a   0x00000002   PAD
    0x08000a6c   0x08000a6c   0x00000030   Code   RO         3553    i.Adc_Get_Battery_Volotage  bsp_adc.o
    0x08000a9c   0x08000a9c   0x00000024   Code   RO         3554    i.Adc_Get_Measure_Volotage  bsp_adc.o
    0x08000ac0   0x08000ac0   0x0000008c   Code   RO         3555    i.Adc_vol_init      bsp_adc.o
    0x08000b4c   0x08000b4c   0x0000000c   Code   RO          544    i.BKP_TamperPinCmd  stm32f10x_bkp.o
    0x08000b58   0x08000b58   0x00000060   Code   RO         3556    i.Bsp_Bat_State     bsp_adc.o
    0x08000bb8   0x08000bb8   0x0000000c   Code   RO         3557    i.Bsp_Bat_Voltage_Z100  bsp_adc.o
    0x08000bc4   0x08000bc4   0x00000004   Code   RO          162    i.BusFault_Handler  stm32f10x_it.o
    0x08000bc8   0x08000bc8   0x00000002   Code   RO          163    i.DebugMon_Handler  stm32f10x_it.o
    0x08000bca   0x08000bca   0x00000026   Code   RO         3699    i.Delay_For_Pin     oled_iic.o
    0x08000bf0   0x08000bf0   0x00000116   Code   RO         1428    i.GPIO_Init         stm32f10x_gpio.o
    0x08000d06   0x08000d06   0x00000002   PAD
    0x08000d08   0x08000d08   0x00000090   Code   RO         1430    i.GPIO_PinRemapConfig  stm32f10x_gpio.o
    0x08000d98   0x08000d98   0x00000012   Code   RO         1432    i.GPIO_ReadInputDataBit  stm32f10x_gpio.o
    0x08000daa   0x08000daa   0x00000004   Code   RO         1435    i.GPIO_ResetBits    stm32f10x_gpio.o
    0x08000dae   0x08000dae   0x00000004   Code   RO         1436    i.GPIO_SetBits      stm32f10x_gpio.o
    0x08000db2   0x08000db2   0x00000002   PAD
    0x08000db4   0x08000db4   0x00000034   Code   RO         3559    i.Get_Adc           bsp_adc.o
    0x08000de8   0x08000de8   0x00000004   Code   RO          164    i.HardFault_Handler  stm32f10x_it.o
    0x08000dec   0x08000dec   0x0000002c   Code   RO         3702    i.IIC_Init          oled_iic.o
    0x08000e18   0x08000e18   0x00000064   Code   RO         3705    i.IIC_Send_Byte     oled_iic.o
    0x08000e7c   0x08000e7c   0x00000068   Code   RO         3706    i.IIC_Start         oled_iic.o
    0x08000ee4   0x08000ee4   0x00000050   Code   RO         3707    i.IIC_Stop          oled_iic.o
    0x08000f34   0x08000f34   0x00000068   Code   RO         3708    i.IIC_Wait_Ack      oled_iic.o
    0x08000f9c   0x08000f9c   0x00000028   Code   RO         3984    i.J_Adc_Get_Average  bsp_juice_adc.o
    0x08000fc4   0x08000fc4   0x0000000c   Code   RO         3985    i.J_Adc_Get_Battery_Volotage  bsp_juice_adc.o
    0x08000fd0   0x08000fd0   0x00000024   Code   RO         3986    i.J_Adc_Get_Measure_Volotage  bsp_juice_adc.o
    0x08000ff4   0x08000ff4   0x0000008c   Code   RO         3987    i.J_Adc_init        bsp_juice_adc.o
    0x08001080   0x08001080   0x00000050   Code   RO         3988    i.J_Bsp_Bat_State   bsp_juice_adc.o
    0x080010d0   0x080010d0   0x0000000c   Code   RO         3989    i.J_Bsp_Bat_Voltage_Z100  bsp_juice_adc.o
    0x080010dc   0x080010dc   0x00000034   Code   RO         3991    i.J_Get_Adc         bsp_juice_adc.o
    0x08001110   0x08001110   0x0000004c   Code   RO         4042    i.Key1_State        bsp_key.o
    0x0800115c   0x0800115c   0x0000001c   Code   RO         4043    i.Key1_is_Press     bsp_key.o
    0x08001178   0x08001178   0x00000028   Code   RO         4044    i.Key_GPIO_Init     bsp_key.o
    0x080011a0   0x080011a0   0x00000004   Code   RO          165    i.MemManage_Handler  stm32f10x_it.o
    0x080011a4   0x080011a4   0x00000002   Code   RO          166    i.NMI_Handler       stm32f10x_it.o
    0x080011a6   0x080011a6   0x00000002   PAD
    0x080011a8   0x080011a8   0x00000070   Code   RO          277    i.NVIC_Init         misc.o
    0x08001218   0x08001218   0x00000014   Code   RO          278    i.NVIC_PriorityGroupConfig  misc.o
    0x0800122c   0x0800122c   0x0000000a   Code   RO         3821    i.OLED_Clear        bsp_oled.o
    0x08001236   0x08001236   0x0000002a   Code   RO         3822    i.OLED_Draw_Line    bsp_oled.o
    0x08001260   0x08001260   0x0000003c   Code   RO         3823    i.OLED_Draw_String  bsp_oled.o
    0x0800129c   0x0800129c   0x00000008   Code   RO         3824    i.OLED_Refresh      bsp_oled.o
    0x080012a4   0x080012a4   0x0000000c   Code   RO         3398    i.PS2_AnologData    bsp_ps2.o
    0x080012b0   0x080012b0   0x00000018   Code   RO         3399    i.PS2_ClearData     bsp_ps2.o
    0x080012c8   0x080012c8   0x00000090   Code   RO         3400    i.PS2_Cmd           bsp_ps2.o
    0x08001358   0x08001358   0x00000054   Code   RO         3401    i.PS2_DataKey       bsp_ps2.o
    0x080013ac   0x080013ac   0x0000005c   Code   RO         3402    i.PS2_EnterConfing  bsp_ps2.o
    0x08001408   0x08001408   0x0000005c   Code   RO         3403    i.PS2_ExitConfing   bsp_ps2.o
    0x08001464   0x08001464   0x00000090   Code   RO         3404    i.PS2_Init          bsp_ps2.o
    0x080014f4   0x080014f4   0x000000b4   Code   RO         3405    i.PS2_ReadData      bsp_ps2.o
    0x080015a8   0x080015a8   0x0000001c   Code   RO         3407    i.PS2_SetInit       bsp_ps2.o
    0x080015c4   0x080015c4   0x00000044   Code   RO         3408    i.PS2_ShortPoll     bsp_ps2.o
    0x08001608   0x08001608   0x00000058   Code   RO         3409    i.PS2_TurnOnAnalogMode  bsp_ps2.o
    0x08001660   0x08001660   0x0000000c   Code   RO         1782    i.PWR_BackupAccessCmd  stm32f10x_pwr.o
    0x0800166c   0x0800166c   0x00000002   Code   RO          167    i.PendSV_Handler    stm32f10x_it.o
    0x0800166e   0x0800166e   0x00000002   PAD
    0x08001670   0x08001670   0x00000018   Code   RO         1842    i.RCC_ADCCLKConfig  stm32f10x_rcc.o
    0x08001688   0x08001688   0x00000020   Code   RO         1844    i.RCC_APB1PeriphClockCmd  stm32f10x_rcc.o
    0x080016a8   0x080016a8   0x00000020   Code   RO         1845    i.RCC_APB1PeriphResetCmd  stm32f10x_rcc.o
    0x080016c8   0x080016c8   0x00000020   Code   RO         1846    i.RCC_APB2PeriphClockCmd  stm32f10x_rcc.o
    0x080016e8   0x080016e8   0x00000020   Code   RO         1847    i.RCC_APB2PeriphResetCmd  stm32f10x_rcc.o
    0x08001708   0x08001708   0x000000d4   Code   RO         1854    i.RCC_GetClocksFreq  stm32f10x_rcc.o
    0x080017dc   0x080017dc   0x00000034   Code   RO         1862    i.RCC_LSEConfig     stm32f10x_rcc.o
    0x08001810   0x08001810   0x000000a0   Code   RO         3830    i.SSD1306_DrawPixel  bsp_oled.o
    0x080018b0   0x080018b0   0x00000020   Code   RO         3833    i.SSD1306_Fill      bsp_oled.o
    0x080018d0   0x080018d0   0x0000000c   Code   RO         3834    i.SSD1306_GotoXY    bsp_oled.o
    0x080018dc   0x080018dc   0x00000144   Code   RO         3835    i.SSD1306_Init      bsp_oled.o
    0x08001a20   0x08001a20   0x000000a8   Code   RO         3838    i.SSD1306_Putc      bsp_oled.o
    0x08001ac8   0x08001ac8   0x0000002a   Code   RO         3839    i.SSD1306_Puts      bsp_oled.o
    0x08001af2   0x08001af2   0x00000002   PAD
    0x08001af4   0x08001af4   0x00000048   Code   RO         3841    i.SSD1306_UpdateScreen  bsp_oled.o
    0x08001b3c   0x08001b3c   0x00000002   Code   RO          168    i.SVC_Handler       stm32f10x_it.o
    0x08001b3e   0x08001b3e   0x00000002   PAD
    0x08001b40   0x08001b40   0x0000036c   Code   RO         3286    i.Servo_GPIO_Init   bsp_gpio.o
    0x08001eac   0x08001eac   0x00000008   Code   RO          225    i.SetSysClock       system_stm32f10x.o
    0x08001eb4   0x08001eb4   0x000000e0   Code   RO          226    i.SetSysClockTo72   system_stm32f10x.o
    0x08001f94   0x08001f94   0x00000028   Code   RO          281    i.SysTick_CLKSourceConfig  misc.o
    0x08001fbc   0x08001fbc   0x00000002   Code   RO          169    i.SysTick_Handler   stm32f10x_it.o
    0x08001fbe   0x08001fbe   0x00000002   PAD
    0x08001fc0   0x08001fc0   0x00000060   Code   RO          228    i.SystemInit        system_stm32f10x.o
    0x08002020   0x08002020   0x00000068   Code   RO         3298    i.TIM1_Int_Init     bsp_timer.o
    0x08002088   0x08002088   0x00000544   Code   RO         3299    i.TIM1_UP_IRQHandler  bsp_timer.o
    0x080025cc   0x080025cc   0x0000002c   Code   RO         3495    i.TIM2_IRQHandler   bsp_beep.o
    0x080025f8   0x080025f8   0x00000080   Code   RO         3496    i.TIM3_IRQHandler   bsp_beep.o
    0x08002678   0x08002678   0x00000006   Code   RO         2473    i.TIM_ClearITPendingBit  stm32f10x_tim.o
    0x0800267e   0x0800267e   0x00000018   Code   RO         2478    i.TIM_Cmd           stm32f10x_tim.o
    0x08002696   0x08002696   0x00000002   PAD
    0x08002698   0x08002698   0x000001e8   Code   RO         2483    i.TIM_DeInit        stm32f10x_tim.o
    0x08002880   0x08002880   0x00000022   Code   RO         2499    i.TIM_GetITStatus   stm32f10x_tim.o
    0x080028a2   0x080028a2   0x00000012   Code   RO         2503    i.TIM_ITConfig      stm32f10x_tim.o
    0x080028b4   0x080028b4   0x000000a4   Code   RO         2549    i.TIM_TimeBaseInit  stm32f10x_tim.o
    0x08002958   0x08002958   0x00000024   Code   RO         3609    i.UART5_IRQHandler  bsp_usart.o
    0x0800297c   0x0800297c   0x000000b4   Code   RO         3612    i.UART5_init        bsp_usart.o
    0x08002a30   0x08002a30   0x00000024   Code   RO         3613    i.USART1_IRQHandler  bsp_usart.o
    0x08002a54   0x08002a54   0x00000020   Code   RO         3615    i.USART1_Send_U8    bsp_usart.o
    0x08002a74   0x08002a74   0x000000b8   Code   RO         3616    i.USART1_init       bsp_usart.o
    0x08002b2c   0x08002b2c   0x00000024   Code   RO         3617    i.USART3_IRQHandler  bsp_usart.o
    0x08002b50   0x08002b50   0x000000c0   Code   RO         3620    i.USART3_init       bsp_usart.o
    0x08002c10   0x08002c10   0x00000012   Code   RO         3010    i.USART_ClearFlag   stm32f10x_usart.o
    0x08002c22   0x08002c22   0x00000018   Code   RO         3014    i.USART_Cmd         stm32f10x_usart.o
    0x08002c3a   0x08002c3a   0x0000001a   Code   RO         3017    i.USART_GetFlagStatus  stm32f10x_usart.o
    0x08002c54   0x08002c54   0x00000054   Code   RO         3018    i.USART_GetITStatus  stm32f10x_usart.o
    0x08002ca8   0x08002ca8   0x0000004a   Code   RO         3020    i.USART_ITConfig    stm32f10x_usart.o
    0x08002cf2   0x08002cf2   0x00000002   PAD
    0x08002cf4   0x08002cf4   0x000000d8   Code   RO         3021    i.USART_Init        stm32f10x_usart.o
    0x08002dcc   0x08002dcc   0x0000000a   Code   RO         3028    i.USART_ReceiveData  stm32f10x_usart.o
    0x08002dd6   0x08002dd6   0x00000008   Code   RO         3031    i.USART_SendData    stm32f10x_usart.o
    0x08002dde   0x08002dde   0x00000004   Code   RO          170    i.UsageFault_Handler  stm32f10x_it.o
    0x08002de2   0x08002de2   0x00000002   PAD
    0x08002de4   0x08002de4   0x00000028   Code   RO         4383    i.__0sprintf        mc_w.l(printfa.o)
    0x08002e0c   0x08002e0c   0x0000000e   Code   RO         4465    i.__scatterload_copy  mc_w.l(handlers.o)
    0x08002e1a   0x08002e1a   0x00000002   Code   RO         4466    i.__scatterload_null  mc_w.l(handlers.o)
    0x08002e1c   0x08002e1c   0x0000000e   Code   RO         4467    i.__scatterload_zeroinit  mc_w.l(handlers.o)
    0x08002e2a   0x08002e2a   0x00000002   PAD
    0x08002e2c   0x08002e2c   0x00000184   Code   RO         4388    i._fp_digits        mc_w.l(printfa.o)
    0x08002fb0   0x08002fb0   0x000006dc   Code   RO         4389    i._printf_core      mc_w.l(printfa.o)
    0x0800368c   0x0800368c   0x00000024   Code   RO         4390    i._printf_post_padding  mc_w.l(printfa.o)
    0x080036b0   0x080036b0   0x0000002e   Code   RO         4391    i._printf_pre_padding  mc_w.l(printfa.o)
    0x080036de   0x080036de   0x0000000a   Code   RO         4393    i._sputc            mc_w.l(printfa.o)
    0x080036e8   0x080036e8   0x00000044   Code   RO         3497    i.beep_start_stop   bsp_beep.o
    0x0800372c   0x0800372c   0x0000006c   Code   RO         3498    i.beep_timer        bsp_beep.o
    0x08003798   0x08003798   0x000000a4   Code   RO         3270    i.bsp_init          bsp.o
    0x0800383c   0x0800383c   0x0000005c   Code   RO         4121    i.deal_bluetooth    user_bluetooth.o
    0x08003898   0x08003898   0x0000006c   Code   RO         4122    i.deal_data         user_bluetooth.o
    0x08003904   0x08003904   0x000000e4   Code   RO         4100    i.dectect_beep      user_vol.o
    0x080039e8   0x080039e8   0x0000004c   Code   RO         3244    i.delay_init        delay.o
    0x08003a34   0x08003a34   0x0000003c   Code   RO         3245    i.delay_ms          delay.o
    0x08003a70   0x08003a70   0x0000003c   Code   RO         3246    i.delay_us          delay.o
    0x08003aac   0x08003aac   0x00000060   Code   RO         3716    i.i2cWrite          oled_iic.o
    0x08003b0c   0x08003b0c   0x0000003c   Code   RO         3717    i.i2c_scanf_addr    oled_iic.o
    0x08003b48   0x08003b48   0x00000030   Code   RO         3499    i.init_beep         bsp_beep.o
    0x08003b78   0x08003b78   0x00000038   Code   RO         3500    i.init_led          bsp_beep.o
    0x08003bb0   0x08003bb0   0x00000070   Code   RO         3501    i.led_timer         bsp_beep.o
    0x08003c20   0x08003c20   0x00000060   Code   RO            1    i.main              main.o
    0x08003c80   0x08003c80   0x00000010   Code   RO         3502    i.set_beep          bsp_beep.o
    0x08003c90   0x08003c90   0x00000014   Code   RO         3842    i.ssd1306_I2C_Write  bsp_oled.o
    0x08003ca4   0x08003ca4   0x0000001c   Code   RO         3843    i.ssd1306_I2C_WriteMulti  bsp_oled.o
    0x08003cc0   0x08003cc0   0x00000448   Code   RO         4085    i.user_douji        user_ps2.o
    0x08004108   0x08004108   0x000000d0   Code   RO         4101    i.void_jutce        user_vol.o
    0x080041d8   0x080041d8   0x00002814   Data   RO         3968    .constdata          oled_fonts.o
    0x080069ec   0x080069ec   0x00000020   Data   RO         4463    Region$$Table       anon$$obj.o


    Execution Region RW_IRAM1 (Exec base: 0x20000000, Load base: 0x08006a0c, Size: 0x000007c8, Max: 0x00020000, ABSOLUTE)

    Exec Addr    Load Addr    Size         Type   Attr      Idx    E Section Name        Object

    0x20000000   0x08006a0c   0x00000008   Data   RW            2    .data               main.o
    0x20000008   0x08006a14   0x00000014   Data   RW          229    .data               system_stm32f10x.o
    0x2000001c   0x08006a28   0x00000014   Data   RW         1874    .data               stm32f10x_rcc.o
    0x20000030   0x08006a3c   0x00000004   Data   RW         3247    .data               delay.o
    0x20000034   0x08006a40   0x00000008   Data   RW         3300    .data               bsp_timer.o
    0x2000003c   0x08006a48   0x00000024   Data   RW         3413    .data               bsp_ps2.o
    0x20000060   0x08006a6c   0x00000009   Data   RW         3503    .data               bsp_beep.o
    0x20000069   0x08006a75   0x00000003   PAD
    0x2000006c   0x08006a78   0x0000000c   Data   RW         3560    .data               bsp_adc.o
    0x20000078   0x08006a84   0x00000006   Data   RW         3845    .data               bsp_oled.o
    0x2000007e   0x08006a8a   0x00000002   PAD
    0x20000080   0x08006a8c   0x00000018   Data   RW         3969    .data               oled_fonts.o
    0x20000098   0x08006aa4   0x00000009   Data   RW         3992    .data               bsp_juice_adc.o
    0x200000a1   0x08006aad   0x00000001   PAD
    0x200000a2   0x08006aae   0x00000004   Data   RW         4047    .data               bsp_key.o
    0x200000a6   0x08006ab2   0x00000002   PAD
    0x200000a8   0x08006ab4   0x00000014   Data   RW         4086    .data               user_ps2.o
    0x200000bc   0x08006ac8   0x00000003   Data   RW         4124    .data               user_bluetooth.o
    0x200000bf   0x08006acb   0x00000001   PAD
    0x200000c0        -       0x00000060   Zero   RW         3330    .bss                bsp_servo.o
    0x20000120        -       0x00000009   Zero   RW         3412    .bss                bsp_ps2.o
    0x20000129        -       0x00000080   Zero   RW         3718    .bss                oled_iic.o
    0x200001a9        -       0x00000200   Zero   RW         3844    .bss                bsp_oled.o
    0x200003a9        -       0x00000014   Zero   RW         4102    .bss                user_vol.o
    0x200003bd        -       0x0000000a   Zero   RW         4123    .bss                user_bluetooth.o
    0x200003c7   0x08006acb   0x00000001   PAD
    0x200003c8        -       0x00000400   Zero   RW          270    STACK               startup_stm32f10x_hd.o


==============================================================================

Image component sizes


      Code (inc. data)   RO Data    RW Data    ZI Data      Debug   Object Name

       164         26          0          0          0        607   bsp.o
       424         48          0         12          0       4817   bsp_adc.o
       580         50          0          9          0       5072   bsp_beep.o
       876         12          0          0          0       1154   bsp_gpio.o
       372         38          0          9          0       4926   bsp_juice_adc.o
       144         22          0          4          0       2137   bsp_key.o
       978         38          0          6        512       9869   bsp_oled.o
       956         92          0         36          9       7450   bsp_ps2.o
         0          0          0          0         96        714   bsp_servo.o
      1452         58          0          8          0       2053   bsp_timer.o
       696         54          0          0          0       4757   bsp_usart.o
         0          0          0          0          0         32   core_cm3.o
       196         24          0          4          0       2035   delay.o
        96          8          0          8          0     264524   main.o
       172         22          0          0          0       2333   misc.o
         0          0      10260         24          0       1419   oled_fonts.o
       626         60          0          0        128       6078   oled_iic.o
        36          8        304          0       1024        856   startup_stm32f10x_hd.o
       486         24          0          0          0       9446   stm32f10x_adc.o
        12          6          0          0          0        579   stm32f10x_bkp.o
       448          6          0          0          0       4906   stm32f10x_gpio.o
        26          0          0          0          0       4522   stm32f10x_it.o
        12          6          0          0          0        582   stm32f10x_pwr.o
       416         56          0         20          0       7307   stm32f10x_rcc.o
       734        106          0          0          0       4831   stm32f10x_tim.o
       460          6          0          0          0       7355   stm32f10x_usart.o
       328         28          0         20          0       2629   system_stm32f10x.o
       200         22          0          3         10       2142   user_bluetooth.o
      1096         54          0         20          0       1311   user_ps2.o
       436        128          0          0         20       1986   user_vol.o

    ----------------------------------------------------------------------
     12446       1002      10596        192       1800     368429   Object Totals
         0          0         32          0          0          0   (incl. Generated)
        24          0          0          9          1          0   (incl. Padding)

    ----------------------------------------------------------------------

      Code (inc. data)   RO Data    RW Data    ZI Data      Debug   Library Member Name

         0          0          0          0          0          0   entry.o
         0          0          0          0          0          0   entry10a.o
         0          0          0          0          0          0   entry11a.o
         8          4          0          0          0          0   entry2.o
         4          0          0          0          0          0   entry5.o
         0          0          0          0          0          0   entry7b.o
         0          0          0          0          0          0   entry8b.o
         8          4          0          0          0          0   entry9a.o
        30          0          0          0          0          0   handlers.o
        36          8          0          0          0         68   init.o
         0          0          0          0          0          0   iusefp.o
        30          0          0          0          0         68   llshl.o
        36          0          0          0          0         68   llsshr.o
        32          0          0          0          0         68   llushr.o
        36          0          0          0          0        108   memseta.o
      2276         86          0          0          0        520   printfa.o
        44          0          0          0          0         80   uidiv.o
        98          0          0          0          0         92   uldiv.o
        48          0          0          0          0         68   cdrcmple.o
        56          0          0          0          0         88   d2f.o
       334          0          0          0          0        148   dadd.o
       222          0          0          0          0        100   ddiv.o
       186          0          0          0          0        176   depilogue.o
        48          0          0          0          0         68   dfixul.o
        34          0          0          0          0         76   dflti.o
       228          0          0          0          0         96   dmul.o
        38          0          0          0          0         68   f2d.o
       110          0          0          0          0        168   fepilogue.o
        50          0          0          0          0         68   ffixi.o
        10          0          0          0          0         68   ffltui.o
       100          0          0          0          0         76   fmul.o

    ----------------------------------------------------------------------
      4106        102          0          0          0       2340   Library Totals
         4          0          0          0          0          0   (incl. Padding)

    ----------------------------------------------------------------------

      Code (inc. data)   RO Data    RW Data    ZI Data      Debug   Library Name

      2638        102          0          0          0       1072   mc_w.l
      1464          0          0          0          0       1268   mf_w.l

    ----------------------------------------------------------------------
      4106        102          0          0          0       2340   Library Totals

    ----------------------------------------------------------------------

==============================================================================


      Code (inc. data)   RO Data    RW Data    ZI Data      Debug   

     16552       1104      10596        192       1800     363121   Grand Totals
     16552       1104      10596        192       1800     363121   ELF Image Totals
     16552       1104      10596        192          0          0   ROM Totals

==============================================================================

    Total RO  Size (Code + RO Data)                27148 (  26.51kB)
    Total RW  Size (RW Data + ZI Data)              1992 (   1.95kB)
    Total ROM Size (Code + RO Data + RW Data)      27340 (  26.70kB)

==============================================================================

